/project/sdk/devices/LPC5536/utilities/fsl_syscall_stub.c:47:27:_write	8	static
/project/sdk/devices/LPC5536/utilities/fsl_syscall_stub.c:54:27:_read	8	static
/project/sdk/devices/LPC5536/utilities/fsl_syscall_stub.c:62:27:_close	8	static
/project/sdk/devices/LPC5536/utilities/fsl_syscall_stub.c:69:27:_lseek	8	static
/project/sdk/devices/LPC5536/utilities/fsl_syscall_stub.c:76:27:_fstat	8	static
/project/sdk/devices/LPC5536/utilities/fsl_syscall_stub.c:83:27:_getpid	8	static
/project/sdk/devices/LPC5536/utilities/fsl_syscall_stub.c:90:27:_isatty	8	static
/project/sdk/devices/LPC5536/utilities/fsl_syscall_stub.c:97:27:_kill	8	static
