D:/repo/lpc5536-template/sdk/devices/LPC5536/drivers/fsl_clock.h:927:20:CLOCK_EnableClock	24	static
D:/repo/lpc5536-template/sdk/devices/LPC5536/drivers/fsl_clock.h:952:20:CLOCK_DisableClock	24	static
D:/repo/lpc5536-template/sdk/devices/LPC5536/drivers/fsl_clock.h:1213:22:CLOCK_IsPLL0Locked	4	static
D:/repo/lpc5536-template/sdk/devices/LPC5536/drivers/fsl_clock.h:1221:22:CLOCK_IsPLL1Locked	4	static
D:/repo/lpc5536-template/sdk/devices/LPC5536/drivers/fsl_power.h:553:20:POWER_EnablePD	16	static
D:/repo/lpc5536-template/sdk/devices/LPC5536/drivers/fsl_power.h:573:20:POWER_DisablePD	16	static
D:/repo/lpc5536-template/sdk/devices/LPC5536/drivers/fsl_clock.c:121:6:CLOCK_AttachClk	40	static
D:/repo/lpc5536-template/sdk/devices/LPC5536/drivers/fsl_clock.c:172:19:CLOCK_GetClockAttachId	48	static
D:/repo/lpc5536-template/sdk/devices/LPC5536/drivers/fsl_clock.c:226:6:CLOCK_SetClkDiv	24	static
D:/repo/lpc5536-template/sdk/devices/LPC5536/drivers/fsl_clock.c:262:10:CLOCK_SetupFROClocking	16	static
D:/repo/lpc5536-template/sdk/devices/LPC5536/drivers/fsl_clock.c:324:6:CLOCK_SetFLASHAccessCyclesForFreq	32	static
D:/repo/lpc5536-template/sdk/devices/LPC5536/drivers/fsl_clock.c:366:10:CLOCK_SetupExtClocking	16	static
D:/repo/lpc5536-template/sdk/devices/LPC5536/drivers/fsl_clock.c:388:10:CLOCK_SetupI2SMClkClocking	16	static
D:/repo/lpc5536-template/sdk/devices/LPC5536/drivers/fsl_clock.c:398:10:CLOCK_GetClockOutClkFreq	16	static
D:/repo/lpc5536-template/sdk/devices/LPC5536/drivers/fsl_clock.c:447:10:CLOCK_GetMCanClkFreq	16	static
D:/repo/lpc5536-template/sdk/devices/LPC5536/drivers/fsl_clock.c:478:10:CLOCK_GetAdcClkFreq	24	static
D:/repo/lpc5536-template/sdk/devices/LPC5536/drivers/fsl_clock.c:509:10:CLOCK_GetUsb0ClkFreq	16	static
D:/repo/lpc5536-template/sdk/devices/LPC5536/drivers/fsl_clock.c:543:10:CLOCK_GetMclkClkFreq	16	static
D:/repo/lpc5536-template/sdk/devices/LPC5536/drivers/fsl_clock.c:571:10:CLOCK_GetSctClkFreq	16	static
D:/repo/lpc5536-template/sdk/devices/LPC5536/drivers/fsl_clock.c:611:10:CLOCK_GetFro12MFreq	4	static
D:/repo/lpc5536-template/sdk/devices/LPC5536/drivers/fsl_clock.c:620:10:CLOCK_GetFro1MFreq	4	static
D:/repo/lpc5536-template/sdk/devices/LPC5536/drivers/fsl_clock.c:629:10:CLOCK_GetExtClkFreq	4	static
D:/repo/lpc5536-template/sdk/devices/LPC5536/drivers/fsl_clock.c:638:10:CLOCK_GetWdtClkFreq	8	static
D:/repo/lpc5536-template/sdk/devices/LPC5536/drivers/fsl_clock.c:647:10:CLOCK_GetFroHfFreq	4	static
D:/repo/lpc5536-template/sdk/devices/LPC5536/drivers/fsl_clock.c:656:10:CLOCK_GetPll0OutFreq	4	static
D:/repo/lpc5536-template/sdk/devices/LPC5536/drivers/fsl_clock.c:665:10:CLOCK_GetPll1OutFreq	4	static
D:/repo/lpc5536-template/sdk/devices/LPC5536/drivers/fsl_clock.c:674:10:CLOCK_GetOsc32KFreq	4	static
D:/repo/lpc5536-template/sdk/devices/LPC5536/drivers/fsl_clock.c:689:10:CLOCK_GetFC32KFreq	4	static
D:/repo/lpc5536-template/sdk/devices/LPC5536/drivers/fsl_clock.c:704:10:CLOCK_GetCoreSysClkFreq	16	static
D:/repo/lpc5536-template/sdk/devices/LPC5536/drivers/fsl_clock.c:755:10:CLOCK_GetI2SMClkFreq	4	static
D:/repo/lpc5536-template/sdk/devices/LPC5536/drivers/fsl_clock.c:761:10:CLOCK_GetPllClkDivFreq	16	static
D:/repo/lpc5536-template/sdk/devices/LPC5536/drivers/fsl_clock.c:783:10:CLOCK_GetFrgFreq	40	static
D:/repo/lpc5536-template/sdk/devices/LPC5536/drivers/fsl_clock.c:808:10:CLOCK_GetFlexCommClkFreq	24	static
D:/repo/lpc5536-template/sdk/devices/LPC5536/drivers/fsl_clock.c:848:10:CLOCK_GetHsLspiClkFreq	16	static
D:/repo/lpc5536-template/sdk/devices/LPC5536/drivers/fsl_clock.c:888:10:CLOCK_GetCTimerClkFreq	24	static
D:/repo/lpc5536-template/sdk/devices/LPC5536/drivers/fsl_clock.c:931:10:CLOCK_GetSystickClkFreq	16	static
D:/repo/lpc5536-template/sdk/devices/LPC5536/drivers/fsl_clock.c:964:10:CLOCK_GetDacClkFreq	24	static
D:/repo/lpc5536-template/sdk/devices/LPC5536/drivers/fsl_clock.c:1000:10:CLOCK_GetFlexSpiClkFreq	16	static
D:/repo/lpc5536-template/sdk/devices/LPC5536/drivers/fsl_clock.c:1033:10:CLOCK_GetDmicClkFreq	16	static
D:/repo/lpc5536-template/sdk/devices/LPC5536/drivers/fsl_clock.c:1069:10:CLOCK_GetI3cClkFreq	16	static
D:/repo/lpc5536-template/sdk/devices/LPC5536/drivers/fsl_clock.c:1093:10:CLOCK_GetI3cSTCClkFreq	16	static
D:/repo/lpc5536-template/sdk/devices/LPC5536/drivers/fsl_clock.c:1117:10:CLOCK_GetI3cSClkFreq	16	static
D:/repo/lpc5536-template/sdk/devices/LPC5536/drivers/fsl_clock.c:1138:10:CLOCK_GetFreq	24	static
D:/repo/lpc5536-template/sdk/devices/LPC5536/drivers/fsl_clock.c:1184:13:pllFindSel	32	static
D:/repo/lpc5536-template/sdk/devices/LPC5536/drivers/fsl_clock.c:1228:17:findPll0PreDiv	16	static
D:/repo/lpc5536-template/sdk/devices/LPC5536/drivers/fsl_clock.c:1245:17:findPll1PreDiv	16	static
D:/repo/lpc5536-template/sdk/devices/LPC5536/drivers/fsl_clock.c:1262:17:findPll0PostDiv	16	static
D:/repo/lpc5536-template/sdk/devices/LPC5536/drivers/fsl_clock.c:1285:17:findPll1PostDiv	16	static
D:/repo/lpc5536-template/sdk/devices/LPC5536/drivers/fsl_clock.c:1309:14:findPll0MMult	24	static
D:/repo/lpc5536-template/sdk/devices/LPC5536/drivers/fsl_clock.c:1336:17:findPll1MMult	16	static
D:/repo/lpc5536-template/sdk/devices/LPC5536/drivers/fsl_clock.c:1351:17:FindGreatestCommonDivisor	24	static
D:/repo/lpc5536-template/sdk/devices/LPC5536/drivers/fsl_clock.c:1371:20:CLOCK_GetPll0ConfigInternal	128	static
D:/repo/lpc5536-template/sdk/devices/LPC5536/drivers/fsl_clock.c:1541:20:CLOCK_GetPll0Config	32	static
D:/repo/lpc5536-template/sdk/devices/LPC5536/drivers/fsl_clock.c:1589:13:CLOCK_GetPLL0OutFromSetupUpdate	16	static
D:/repo/lpc5536-template/sdk/devices/LPC5536/drivers/fsl_clock.c:1595:13:CLOCK_GetPLL1OutFromSetupUpdate	16	static
D:/repo/lpc5536-template/sdk/devices/LPC5536/drivers/fsl_clock.c:1604:10:CLOCK_GetPLL0InClockRate	16	static
D:/repo/lpc5536-template/sdk/devices/LPC5536/drivers/fsl_clock.c:1635:10:CLOCK_GetPLL1InClockRate	16	static
D:/repo/lpc5536-template/sdk/devices/LPC5536/drivers/fsl_clock.c:1670:10:CLOCK_GetPLL0OutFromSetup	40	static
D:/repo/lpc5536-template/sdk/devices/LPC5536/drivers/fsl_clock.c:1701:10:CLOCK_GetPLL1OutFromSetup	32	static
D:/repo/lpc5536-template/sdk/devices/LPC5536/drivers/fsl_clock.c:1731:6:CLOCK_SetStoredPLL0ClockRate	16	static
D:/repo/lpc5536-template/sdk/devices/LPC5536/drivers/fsl_clock.c:1744:10:CLOCK_GetPLL0OutClockRate	56	static
D:/repo/lpc5536-template/sdk/devices/LPC5536/drivers/fsl_clock.c:1772:10:CLOCK_GetPLL1OutClockRate	56	static
D:/repo/lpc5536-template/sdk/devices/LPC5536/drivers/fsl_clock.c:1799:13:CLOCK_SetupPLL0Data	24	static
D:/repo/lpc5536-template/sdk/devices/LPC5536/drivers/fsl_clock.c:1842:13:CLOCK_SetupPLL0Prec	40	static
D:/repo/lpc5536-template/sdk/devices/LPC5536/drivers/fsl_clock.c:1925:13:CLOCK_SetPLL0Freq	40	static
D:/repo/lpc5536-template/sdk/devices/LPC5536/drivers/fsl_clock.c:2000:13:CLOCK_SetPLL1Freq	40	static
D:/repo/lpc5536-template/sdk/devices/LPC5536/drivers/fsl_clock.c:2063:6:CLOCK_SetupPLL0Mult	48	static
D:/repo/lpc5536-template/sdk/devices/LPC5536/drivers/fsl_clock.c:2127:6:CLOCK_EnableUsbfs0DeviceClock	56	static
D:/repo/lpc5536-template/sdk/devices/LPC5536/drivers/fsl_clock.c:2188:6:CLOCK_EnableUsbfs0HostClock	56	static
D:/repo/lpc5536-template/sdk/devices/LPC5536/drivers/fsl_clock.c:2245:6:CLOCK_EnableOstimer32kClock	4	static
D:/repo/lpc5536-template/sdk/devices/LPC5536/drivers/fsl_clock.c:2261:6:CLOCK_XtalHfCapabankTrim	72	static
D:/repo/lpc5536-template/sdk/devices/LPC5536/drivers/fsl_clock.c:2334:6:CLOCK_Xtal32khzCapabankTrim	64	static
D:/repo/lpc5536-template/sdk/devices/LPC5536/drivers/fsl_clock.c:2393:13:CLOCK_SetXtalHfLdo	24	static
D:/repo/lpc5536-template/sdk/devices/LPC5536/drivers/fsl_clock.c:2432:16:CLOCK_u8OscCapConvert	16	static
D:/repo/lpc5536-template/sdk/devices/LPC5536/drivers/fsl_clock.c:2463:6:CLOCK_FroHfTrim	16	static
