d:\repo\lpc5536-template\sdk\cmsis\core\include\core_cm33.h:2378:22:__NVIC_EnableIRQ	16	static
d:\repo\lpc5536-template\sdk\cmsis\core\include\core_cm33.h:2416:22:__NVIC_DisableIRQ	16	static
D:/repo/lpc5536-template/sdk/devices/LPC5536/drivers/fsl_common_arm.h:514:24:EnableIRQ	24	static
D:/repo/lpc5536-template/sdk/devices/LPC5536/drivers/fsl_common_arm.h:558:24:DisableIRQ	24	static
D:/repo/lpc5536-template/sdk/devices/LPC5536/drivers/fsl_common_arm.c:84:6:EnableDeepSleepIRQ	24	static
D:/repo/lpc5536-template/sdk/devices/LPC5536/drivers/fsl_common_arm.c:100:6:DisableDeepSleepIRQ	24	static
D:/repo/lpc5536-template/sdk/devices/LPC5536/drivers/fsl_common_arm.c:121:6:MSDK_EnableCpuCycleCounter	8	static
D:/repo/lpc5536-template/sdk/devices/LPC5536/drivers/fsl_common_arm.c:139:10:MSDK_GetCpuCycleCount	4	static
D:/repo/lpc5536-template/sdk/devices/LPC5536/drivers/fsl_common_arm.c:175:13:DelayLoop	16	static
D:/repo/lpc5536-template/sdk/devices/LPC5536/drivers/fsl_common_arm.c:205:6:SDK_DelayAtLeastUs	40	static
