/project/sdk/rtos/freertos/freertos-kernel/stream_buffer.c:321:26:xStreamBufferGenericCreate	24	static
/project/sdk/rtos/freertos/freertos-kernel/stream_buffer.c:477:6:vStreamBufferDelete	8	static
/project/sdk/rtos/freertos/freertos-kernel/stream_buffer.c:510:12:xStreamBufferReset	32	static
/project/sdk/rtos/freertos/freertos-kernel/stream_buffer.c:567:12:xStreamBufferSetTriggerLevel	8	static
/project/sdk/rtos/freertos/freertos-kernel/stream_buffer.c:597:8:xStreamBufferSpacesAvailable	16	static
/project/sdk/rtos/freertos/freertos-kernel/stream_buffer.c:630:8:xStreamBufferBytesAvailable	8	static
/project/sdk/rtos/freertos/freertos-kernel/stream_buffer.c:642:8:xStreamBufferSend	64	static
/project/sdk/rtos/freertos/freertos-kernel/stream_buffer.c:773:8:xStreamBufferSendFromISR	48	static
/project/sdk/rtos/freertos/freertos-kernel/stream_buffer.c:874:8:xStreamBufferReceive	48	static
/project/sdk/rtos/freertos/freertos-kernel/stream_buffer.c:978:8:xStreamBufferNextMessageLengthBytes	24	static
/project/sdk/rtos/freertos/freertos-kernel/stream_buffer.c:1018:8:xStreamBufferReceiveFromISR	56	static
/project/sdk/rtos/freertos/freertos-kernel/stream_buffer.c:1127:12:xStreamBufferIsEmpty	8	static
/project/sdk/rtos/freertos/freertos-kernel/stream_buffer.c:1151:12:xStreamBufferIsFull	16	static
/project/sdk/rtos/freertos/freertos-kernel/stream_buffer.c:1186:12:xStreamBufferSendCompletedFromISR	32	static
/project/sdk/rtos/freertos/freertos-kernel/stream_buffer.c:1217:12:xStreamBufferReceiveCompletedFromISR	32	static
/project/sdk/rtos/freertos/freertos-kernel/stream_buffer.c:1400:17:uxStreamBufferGetStreamBufferNumber	0	static
/project/sdk/rtos/freertos/freertos-kernel/stream_buffer.c:1410:10:vStreamBufferSetStreamBufferNumber	0	static
/project/sdk/rtos/freertos/freertos-kernel/stream_buffer.c:1421:13:ucStreamBufferGetStreamBufferType	0	static
