/project/sdk/rtos/freertos/freertos-kernel/timers.c:568:12:prvTimerTask	64	static
/project/sdk/rtos/freertos/freertos-kernel/timers.c:233:16:xTimerCreateTimerTask	32	static
/project/sdk/rtos/freertos/freertos-kernel/timers.c:288:23:xTimerCreate	48	static
/project/sdk/rtos/freertos/freertos-kernel/timers.c:386:16:xTimerGenericCommand	32	static
/project/sdk/rtos/freertos/freertos-kernel/timers.c:433:18:xTimerGetTimerDaemonTaskHandle	8	static
/project/sdk/rtos/freertos/freertos-kernel/timers.c:442:16:xTimerGetPeriod	8	static
/project/sdk/rtos/freertos/freertos-kernel/timers.c:451:10:vTimerSetReloadMode	16	static
/project/sdk/rtos/freertos/freertos-kernel/timers.c:472:16:xTimerGetReloadMode	8	static
/project/sdk/rtos/freertos/freertos-kernel/timers.c:496:17:uxTimerGetReloadMode	8	static
/project/sdk/rtos/freertos/freertos-kernel/timers.c:502:16:xTimerGetExpiryTime	8	static
/project/sdk/rtos/freertos/freertos-kernel/timers.c:513:18:pcTimerGetName	8	static
/project/sdk/rtos/freertos/freertos-kernel/timers.c:984:16:xTimerIsTimerActive	8	static
/project/sdk/rtos/freertos/freertos-kernel/timers.c:1009:12:pvTimerGetTimerID	8	static
/project/sdk/rtos/freertos/freertos-kernel/timers.c:1026:10:vTimerSetTimerID	16	static
/project/sdk/rtos/freertos/freertos-kernel/timers.c:1043:20:xTimerPendFunctionCallFromISR	40	static
/project/sdk/rtos/freertos/freertos-kernel/timers.c:1070:20:xTimerPendFunctionCall	32	static
/project/sdk/rtos/freertos/freertos-kernel/timers.c:1102:21:uxTimerGetTimerNumber	0	static
/project/sdk/rtos/freertos/freertos-kernel/timers.c:1112:14:vTimerSetTimerNumber	0	static
