Archive member included to satisfy reference by file (symbol)

/opt/arm/arm-gnu-toolchain-12.2.rel1-x86_64-arm-none-eabi/bin/../lib/gcc/arm-none-eabi/12.2.1/thumb/v8-m.main+fp/hard/libgcc.a(_aeabi_uldivmod.o)
                              CMakeFiles/freertos_hello.elf.dir/project/sdk/devices/LPC5536/drivers/fsl_clock.c.obj (__aeabi_uldivmod)
/opt/arm/arm-gnu-toolchain-12.2.rel1-x86_64-arm-none-eabi/bin/../lib/gcc/arm-none-eabi/12.2.1/thumb/v8-m.main+fp/hard/libgcc.a(_fixunssfdi.o)
                              CMakeFiles/freertos_hello.elf.dir/project/sdk/devices/LPC5536/drivers/fsl_clock.c.obj (__aeabi_f2ulz)
/opt/arm/arm-gnu-toolchain-12.2.rel1-x86_64-arm-none-eabi/bin/../lib/gcc/arm-none-eabi/12.2.1/thumb/v8-m.main+fp/hard/libgcc.a(_udivmoddi4.o)
                              /opt/arm/arm-gnu-toolchain-12.2.rel1-x86_64-arm-none-eabi/bin/../lib/gcc/arm-none-eabi/12.2.1/thumb/v8-m.main+fp/hard/libgcc.a(_aeabi_uldivmod.o) (__udivmoddi4)
/opt/arm/arm-gnu-toolchain-12.2.rel1-x86_64-arm-none-eabi/bin/../lib/gcc/arm-none-eabi/12.2.1/thumb/v8-m.main+fp/hard/libgcc.a(_arm_muldf3.o)
                              /opt/arm/arm-gnu-toolchain-12.2.rel1-x86_64-arm-none-eabi/bin/../lib/gcc/arm-none-eabi/12.2.1/thumb/v8-m.main+fp/hard/libgcc.a(_fixunssfdi.o) (__aeabi_dmul)
/opt/arm/arm-gnu-toolchain-12.2.rel1-x86_64-arm-none-eabi/bin/../lib/gcc/arm-none-eabi/12.2.1/thumb/v8-m.main+fp/hard/libgcc.a(_dvmd_tls.o)
                              /opt/arm/arm-gnu-toolchain-12.2.rel1-x86_64-arm-none-eabi/bin/../lib/gcc/arm-none-eabi/12.2.1/thumb/v8-m.main+fp/hard/libgcc.a(_aeabi_uldivmod.o) (__aeabi_ldiv0)
/opt/arm/arm-gnu-toolchain-12.2.rel1-x86_64-arm-none-eabi/bin/../lib/gcc/arm-none-eabi/12.2.1/thumb/v8-m.main+fp/hard/libgcc.a(_arm_addsubdf3.o)
                              /opt/arm/arm-gnu-toolchain-12.2.rel1-x86_64-arm-none-eabi/bin/../lib/gcc/arm-none-eabi/12.2.1/thumb/v8-m.main+fp/hard/libgcc.a(_fixunssfdi.o) (__aeabi_dsub)
/opt/arm/arm-gnu-toolchain-12.2.rel1-x86_64-arm-none-eabi/bin/../lib/gcc/arm-none-eabi/12.2.1/thumb/v8-m.main+fp/hard/libgcc.a(_arm_fixunsdfsi.o)
                              /opt/arm/arm-gnu-toolchain-12.2.rel1-x86_64-arm-none-eabi/bin/../lib/gcc/arm-none-eabi/12.2.1/thumb/v8-m.main+fp/hard/libgcc.a(_fixunssfdi.o) (__aeabi_d2uiz)
/opt/arm/arm-gnu-toolchain-12.2.rel1-x86_64-arm-none-eabi/bin/../lib/gcc/arm-none-eabi/12.2.1/../../../../arm-none-eabi/lib/thumb/v8-m.main+fp/hard/libc_nano.a(libc_a-exit.o)
                              /opt/arm/arm-gnu-toolchain-12.2.rel1-x86_64-arm-none-eabi/bin/../lib/gcc/arm-none-eabi/12.2.1/../../../../arm-none-eabi/lib/thumb/v8-m.main+fp/hard/crt0.o (exit)
/opt/arm/arm-gnu-toolchain-12.2.rel1-x86_64-arm-none-eabi/bin/../lib/gcc/arm-none-eabi/12.2.1/../../../../arm-none-eabi/lib/thumb/v8-m.main+fp/hard/libc_nano.a(libc_a-strtoul.o)
                              CMakeFiles/freertos_hello.elf.dir/project/sdk/devices/LPC5536/utilities/str/fsl_str.c.obj (strtoul)
/opt/arm/arm-gnu-toolchain-12.2.rel1-x86_64-arm-none-eabi/bin/../lib/gcc/arm-none-eabi/12.2.1/../../../../arm-none-eabi/lib/thumb/v8-m.main+fp/hard/libc_nano.a(libc_a-init.o)
                              /opt/arm/arm-gnu-toolchain-12.2.rel1-x86_64-arm-none-eabi/bin/../lib/gcc/arm-none-eabi/12.2.1/../../../../arm-none-eabi/lib/thumb/v8-m.main+fp/hard/crt0.o (__libc_init_array)
/opt/arm/arm-gnu-toolchain-12.2.rel1-x86_64-arm-none-eabi/bin/../lib/gcc/arm-none-eabi/12.2.1/../../../../arm-none-eabi/lib/thumb/v8-m.main+fp/hard/libc_nano.a(libc_a-impure.o)
                              /opt/arm/arm-gnu-toolchain-12.2.rel1-x86_64-arm-none-eabi/bin/../lib/gcc/arm-none-eabi/12.2.1/../../../../arm-none-eabi/lib/thumb/v8-m.main+fp/hard/libc_nano.a(libc_a-strtoul.o) (_impure_ptr)
/opt/arm/arm-gnu-toolchain-12.2.rel1-x86_64-arm-none-eabi/bin/../lib/gcc/arm-none-eabi/12.2.1/../../../../arm-none-eabi/lib/thumb/v8-m.main+fp/hard/libc_nano.a(libc_a-malloc.o)
                              CMakeFiles/freertos_hello.elf.dir/project/sdk/devices/LPC5536/drivers/fsl_common.c.obj (malloc)
/opt/arm/arm-gnu-toolchain-12.2.rel1-x86_64-arm-none-eabi/bin/../lib/gcc/arm-none-eabi/12.2.1/../../../../arm-none-eabi/lib/thumb/v8-m.main+fp/hard/libc_nano.a(libc_a-mallocr.o)
                              /opt/arm/arm-gnu-toolchain-12.2.rel1-x86_64-arm-none-eabi/bin/../lib/gcc/arm-none-eabi/12.2.1/../../../../arm-none-eabi/lib/thumb/v8-m.main+fp/hard/libc_nano.a(libc_a-malloc.o) (_malloc_r)
/opt/arm/arm-gnu-toolchain-12.2.rel1-x86_64-arm-none-eabi/bin/../lib/gcc/arm-none-eabi/12.2.1/../../../../arm-none-eabi/lib/thumb/v8-m.main+fp/hard/libc_nano.a(libc_a-findfp.o)
                              /opt/arm/arm-gnu-toolchain-12.2.rel1-x86_64-arm-none-eabi/bin/../lib/gcc/arm-none-eabi/12.2.1/../../../../arm-none-eabi/lib/thumb/v8-m.main+fp/hard/libc_nano.a(libc_a-exit.o) (__stdio_exit_handler)
[...]
Memory Configuration

Name             Origin             Length             Attributes
m_interrupts     0x0000000000000000 0x0000000000000400 xr
m_text           0x0000000000000400 0x000000000003d400 xr
m_data           0x0000000020000000 0x000000000001c000 rw
m_sramx          0x0000000004000000 0x0000000000004000 rw
*default*        0x0000000000000000 0xffffffffffffffff

Linker script and memory map

LOAD /opt/arm/arm-gnu-toolchain-12.2.rel1-x86_64-arm-none-eabi/bin/../lib/gcc/arm-none-eabi/12.2.1/thumb/v8-m.main+fp/hard/crti.o
LOAD /opt/arm/arm-gnu-toolchain-12.2.rel1-x86_64-arm-none-eabi/bin/../lib/gcc/arm-none-eabi/12.2.1/thumb/v8-m.main+fp/hard/crtbegin.o
LOAD /opt/arm/arm-gnu-toolchain-12.2.rel1-x86_64-arm-none-eabi/bin/../lib/gcc/arm-none-eabi/12.2.1/../../../../arm-none-eabi/lib/thumb/v8-m.main+fp/hard/crt0.o
LOAD CMakeFiles/freertos_hello.elf.dir/project/src/freertos_hello.c.obj
LOAD CMakeFiles/freertos_hello.elf.dir/project/board/clock_config.c.obj
LOAD CMakeFiles/freertos_hello.elf.dir/project/board/pin_mux.c.obj
LOAD CMakeFiles/freertos_hello.elf.dir/project/board/peripherals.c.obj
LOAD CMakeFiles/freertos_hello.elf.dir/project/sdk/components/lists/fsl_component_generic_list.c.obj
LOAD CMakeFiles/freertos_hello.elf.dir/project/sdk/components/serial_manager/fsl_component_serial_manager.c.obj
LOAD CMakeFiles/freertos_hello.elf.dir/project/sdk/components/serial_manager/fsl_component_serial_port_uart.c.obj
LOAD CMakeFiles/freertos_hello.elf.dir/project/sdk/components/uart/fsl_adapter_usart.c.obj
LOAD CMakeFiles/freertos_hello.elf.dir/project/sdk/devices/LPC5536/gcc/startup_LPC5536.S.obj
LOAD CMakeFiles/freertos_hello.elf.dir/project/sdk/devices/LPC5536/system_LPC5536.c.obj
LOAD CMakeFiles/freertos_hello.elf.dir/project/sdk/devices/LPC5536/drivers/fsl_clock.c.obj
LOAD CMakeFiles/freertos_hello.elf.dir/project/sdk/devices/LPC5536/drivers/fsl_common.c.obj
LOAD CMakeFiles/freertos_hello.elf.dir/project/sdk/devices/LPC5536/drivers/fsl_common_arm.c.obj
LOAD CMakeFiles/freertos_hello.elf.dir/project/sdk/devices/LPC5536/drivers/fsl_flexcomm.c.obj
LOAD CMakeFiles/freertos_hello.elf.dir/project/sdk/devices/LPC5536/drivers/fsl_usart.c.obj
LOAD CMakeFiles/freertos_hello.elf.dir/project/sdk/devices/LPC5536/drivers/fsl_gpio.c.obj
LOAD CMakeFiles/freertos_hello.elf.dir/project/sdk/devices/LPC5536/drivers/fsl_power.c.obj
LOAD CMakeFiles/freertos_hello.elf.dir/project/sdk/devices/LPC5536/drivers/fsl_reset.c.obj
LOAD CMakeFiles/freertos_hello.elf.dir/project/sdk/rtos/freertos/freertos-kernel/croutine.c.obj
LOAD CMakeFiles/freertos_hello.elf.dir/project/sdk/rtos/freertos/freertos-kernel/event_groups.c.obj
LOAD CMakeFiles/freertos_hello.elf.dir/project/sdk/rtos/freertos/freertos-kernel/list.c.obj
LOAD CMakeFiles/freertos_hello.elf.dir/project/sdk/rtos/freertos/freertos-kernel/queue.c.obj
LOAD CMakeFiles/freertos_hello.elf.dir/project/sdk/rtos/freertos/freertos-kernel/stream_buffer.c.obj
LOAD CMakeFiles/freertos_hello.elf.dir/project/sdk/rtos/freertos/freertos-kernel/tasks.c.obj
LOAD CMakeFiles/freertos_hello.elf.dir/project/sdk/rtos/freertos/freertos-kernel/timers.c.obj
LOAD CMakeFiles/freertos_hello.elf.dir/project/sdk/rtos/freertos/freertos-kernel/portable/GCC/ARM_CM33_NTZ/non_secure/port.c.obj
LOAD CMakeFiles/freertos_hello.elf.dir/project/sdk/rtos/freertos/freertos-kernel/portable/GCC/ARM_CM33_NTZ/non_secure/portasm.c.obj
LOAD CMakeFiles/freertos_hello.elf.dir/project/sdk/rtos/freertos/freertos-kernel/portable/MemMang/heap_4.c.obj
LOAD CMakeFiles/freertos_hello.elf.dir/project/sdk/devices/LPC5536/utilities/fsl_sbrk.c.obj
LOAD CMakeFiles/freertos_hello.elf.dir/project/sdk/devices/LPC5536/utilities/fsl_syscall_stub.c.obj
LOAD CMakeFiles/freertos_hello.elf.dir/project/sdk/devices/LPC5536/utilities/fsl_memcpy.S.obj
LOAD CMakeFiles/freertos_hello.elf.dir/project/sdk/devices/LPC5536/utilities/fsl_assert.c.obj
LOAD CMakeFiles/freertos_hello.elf.dir/project/sdk/devices/LPC5536/utilities/str/fsl_str.c.obj
LOAD CMakeFiles/freertos_hello.elf.dir/project/sdk/devices/LPC5536/utilities/debug_console/fsl_debug_console.c.obj
START GROUP
LOAD /opt/arm/arm-gnu-toolchain-12.2.rel1-x86_64-arm-none-eabi/bin/../lib/gcc/arm-none-eabi/12.2.1/thumb/v8-m.main+fp/hard/libgcc.a
LOAD /opt/arm/arm-gnu-toolchain-12.2.rel1-x86_64-arm-none-eabi/bin/../lib/gcc/arm-none-eabi/12.2.1/../../../../arm-none-eabi/lib/thumb/v8-m.main+fp/hard/libc_nano.a
LOAD /opt/arm/arm-gnu-toolchain-12.2.rel1-x86_64-arm-none-eabi/bin/../lib/gcc/arm-none-eabi/12.2.1/../../../../arm-none-eabi/lib/thumb/v8-m.main+fp/hard/libm.a
LOAD /opt/arm/arm-gnu-toolchain-12.2.rel1-x86_64-arm-none-eabi/bin/../lib/gcc/arm-none-eabi/12.2.1/../../../../arm-none-eabi/lib/thumb/v8-m.main+fp/hard/libcr_newlib_nohost.a
END GROUP
START GROUP
LOAD /opt/arm/arm-gnu-toolchain-12.2.rel1-x86_64-arm-none-eabi/bin/../lib/gcc/arm-none-eabi/12.2.1/thumb/v8-m.main+fp/hard/libgcc.a
LOAD /opt/arm/arm-gnu-toolchain-12.2.rel1-x86_64-arm-none-eabi/bin/../lib/gcc/arm-none-eabi/12.2.1/../../../../arm-none-eabi/lib/thumb/v8-m.main+fp/hard/libg_nano.a
LOAD /opt/arm/arm-gnu-toolchain-12.2.rel1-x86_64-arm-none-eabi/bin/../lib/gcc/arm-none-eabi/12.2.1/../../../../arm-none-eabi/lib/thumb/v8-m.main+fp/hard/libc_nano.a
END GROUP
START GROUP
LOAD /opt/arm/arm-gnu-toolchain-12.2.rel1-x86_64-arm-none-eabi/bin/../lib/gcc/arm-none-eabi/12.2.1/thumb/v8-m.main+fp/hard/libgcc.a
LOAD /opt/arm/arm-gnu-toolchain-12.2.rel1-x86_64-arm-none-eabi/bin/../lib/gcc/arm-none-eabi/12.2.1/../../../../arm-none-eabi/lib/thumb/v8-m.main+fp/hard/libc_nano.a
LOAD /opt/arm/arm-gnu-toolchain-12.2.rel1-x86_64-arm-none-eabi/bin/../lib/gcc/arm-none-eabi/12.2.1/../../../../arm-none-eabi/lib/thumb/v8-m.main+fp/hard/libnosys.a
END GROUP
START GROUP
LOAD /opt/arm/arm-gnu-toolchain-12.2.rel1-x86_64-arm-none-eabi/bin/../lib/gcc/arm-none-eabi/12.2.1/thumb/v8-m.main+fp/hard/libgcc.a
LOAD /opt/arm/arm-gnu-toolchain-12.2.rel1-x86_64-arm-none-eabi/bin/../lib/gcc/arm-none-eabi/12.2.1/../../../../arm-none-eabi/lib/thumb/v8-m.main+fp/hard/libc_nano.a
LOAD /opt/arm/arm-gnu-toolchain-12.2.rel1-x86_64-arm-none-eabi/bin/../lib/gcc/arm-none-eabi/12.2.1/../../../../arm-none-eabi/lib/thumb/v8-m.main+fp/hard/libnosys.a
END GROUP
LOAD /opt/arm/arm-gnu-toolchain-12.2.rel1-x86_64-arm-none-eabi/bin/../lib/gcc/arm-none-eabi/12.2.1/thumb/v8-m.main+fp/hard/crtend.o
LOAD /opt/arm/arm-gnu-toolchain-12.2.rel1-x86_64-arm-none-eabi/bin/../lib/gcc/arm-none-eabi/12.2.1/thumb/v8-m.main+fp/hard/crtn.o
                0x0000000000000400                HEAP_SIZE = DEFINED (__heap_size__)?__heap_size__:0x400
                0x0000000000000800                STACK_SIZE = DEFINED (__stack_size__)?__stack_size__:0x800
                0x0000000000000000                RETENTION_RAMSIZE = DEFINED (__pkc__)?0x4000:DEFINED (__power_down__)?0x604:0x0
                0x0000000000000000                POWERQUAD_RAMSIZE = DEFINED (__powerquad__)?0x4000:0x0
                0x0000000000000000                TEXT_START = DEFINED (__qspi_xip__)?0x8001000:0x0
                0x000000000003d800                TEXT_SIZE = DEFINED (__qspi_xip__)?0x7fff000:0x3d800

.interrupts     0x0000000000000000      0x220
                0x0000000000000000                . = ALIGN (0x4)
 *(.isr_vector)
 .isr_vector    0x0000000000000000      0x220 CMakeFiles/freertos_hello.elf.dir/project/sdk/devices/LPC5536/gcc/startup_LPC5536.S.obj
                0x0000000000000000                __Vectors
                0x0000000000000220                . = ALIGN (0x4)

.text           0x0000000000000400     0x495c
                0x0000000000000400                . = ALIGN (0x4)
 *(.text)
 .text          0x0000000000000400       0x7c /opt/arm/arm-gnu-toolchain-12.2.rel1-x86_64-arm-none-eabi/bin/../lib/gcc/arm-none-eabi/12.2.1/../../../../arm-none-eabi/lib/thumb/v8-m.main+fp/hard/crt0.o
                0x0000000000000400                _stack_init
                0x0000000000000408                _mainCRTStartup
                0x0000000000000408                _start
 .text          0x000000000000047c      0x47c CMakeFiles/freertos_hello.elf.dir/project/sdk/devices/LPC5536/gcc/startup_LPC5536.S.obj
                0x000000000000047c                Reset_Handler
                0x000000000000050c                Reserved87_DriverIRQHandler
                0x000000000000050c                HSCMP1_DriverIRQHandler
                0x000000000000050c                DebugMon_Handler
                0x000000000000050c                FLEXPWM1_COMPARE2_DriverIRQHandler
                0x000000000000050c                I3C0_DriverIRQHandler
                0x000000000000050c                PKC_ERR_DriverIRQHandler
                0x000000000000050c                DMA0_DriverIRQHandler
                0x000000000000050c                ENC0_IDX_DriverIRQHandler
                0x000000000000050c                FLEXPWM0_RELOAD_ERROR_DriverIRQHandler
                0x000000000000050c                Reserved133_DriverIRQHandler
                0x000000000000050c                RAM_PARITY_ECC_ERR_DriverIRQHandler
                0x000000000000050c                SEC_VIO_DriverIRQHandler
                0x000000000000050c                PKC_DriverIRQHandler
                0x000000000000050c                CAN0_IRQ0_DriverIRQHandler
                0x000000000000050c                Reserved64_DriverIRQHandler
                0x000000000000050c                PIN_INT3_DriverIRQHandler
                0x000000000000050c                PIN_INT2_DriverIRQHandler
                0x000000000000050c                ELS_DriverIRQHandler
                0x000000000000050c                FLEXPWM1_COMPARE0_DriverIRQHandler
                0x000000000000050c                Reserved56_DriverIRQHandler
                0x000000000000050c                PIN_INT0_DriverIRQHandler
                0x000000000000050c                FLEXPWM0_RELOAD3_DriverIRQHandler
                0x000000000000050c                Reserved63_DriverIRQHandler
                0x000000000000050c                DAC1_DriverIRQHandler
                0x000000000000050c                CTIMER2_DriverIRQHandler
                0x000000000000050c                UsageFault_Handler
                0x000000000000050c                Freqme_DriverIRQHandler
                0x000000000000050c                FLEXPWM1_RELOAD2_DriverIRQHandler
                0x000000000000050c                Reserved80_DriverIRQHandler
                0x000000000000050c                DefaultISR
                0x000000000000050c                USB0_DriverIRQHandler
                0x000000000000050c                ENC0_WDG_DriverIRQHandler
                0x000000000000050c                ELS_ERR_DriverIRQHandler
                0x000000000000050c                DAC0_DriverIRQHandler
                0x000000000000050c                MRT0_DriverIRQHandler
                0x000000000000050c                UTICK0_DriverIRQHandler
                0x000000000000050c                PIN_INT4_DriverIRQHandler
                0x000000000000050c                PIN_INT5_DriverIRQHandler
                0x000000000000050c                FLEXPWM0_RELOAD0_DriverIRQHandler
                0x000000000000050c                SEC_GPIO_INT0_IRQ0_DriverIRQHandler
                0x000000000000050c                Reserved84_DriverIRQHandler
                0x000000000000050c                CTIMER4_DriverIRQHandler
                0x000000000000050c                GINT1_DriverIRQHandler
                0x000000000000050c                FLEXPWM0_FAULT_DriverIRQHandler
                0x000000000000050c                FLEXPWM0_RELOAD2_DriverIRQHandler
                0x000000000000050c                PIN_INT7_DriverIRQHandler
                0x000000000000050c                EZH_ARCH_B0_DriverIRQHandler
                0x000000000000050c                CAN0_IRQ1_DriverIRQHandler
                0x000000000000050c                POWERQUAD_DriverIRQHandler
                0x000000000000050c                USB0_NEEDCLK_DriverIRQHandler
                0x000000000000050c                FLASH_DriverIRQHandler
                0x000000000000050c                FLEXPWM0_COMPARE1_DriverIRQHandler
                0x000000000000050c                FLEXPWM1_FAULT_DriverIRQHandler
                0x000000000000050c                CTIMER0_DriverIRQHandler
                0x000000000000050c                Reserved79_DriverIRQHandler
                0x000000000000050c                CTIMER1_DriverIRQHandler
                0x000000000000050c                SecureFault_Handler
                0x000000000000050c                ADC1_DriverIRQHandler
                0x000000000000050c                ENC0_HOME_DriverIRQHandler
                0x000000000000050c                PIN_INT6_DriverIRQHandler
                0x000000000000050c                FlexSPI0_DriverIRQHandler
                0x000000000000050c                PIN_INT1_DriverIRQHandler
                0x000000000000050c                CTIMER3_DriverIRQHandler
                0x000000000000050c                Reserved89_DriverIRQHandler
                0x000000000000050c                HWVAD0_DriverIRQHandler
                0x000000000000050c                Reserved130_DriverIRQHandler
                0x000000000000050c                FLEXPWM0_CAPTURE_DriverIRQHandler
                0x000000000000050c                Reserved83_DriverIRQHandler
                0x000000000000050c                FLEXPWM0_COMPARE2_DriverIRQHandler
                0x000000000000050c                Reserved72_DriverIRQHandler
                0x000000000000050c                Tamper_DriverIRQHandler
                0x000000000000050c                Reserved61_DriverIRQHandler
                0x000000000000050c                SEC_GPIO_INT0_IRQ1_DriverIRQHandler
                0x000000000000050c                WAKEUP_DriverIRQHandler
                0x000000000000050c                RTC_DriverIRQHandler
                0x000000000000050c                FLEXPWM0_RELOAD1_DriverIRQHandler
                0x000000000000050c                FLEXPWM1_COMPARE1_DriverIRQHandler
                0x000000000000050c                HSCMP2_DriverIRQHandler
                0x000000000000050c                Reserved126_DriverIRQHandler
                0x000000000000050c                Reserved62_DriverIRQHandler
                0x000000000000050c                MemManage_Handler
                0x000000000000050c                CDOG_DriverIRQHandler
                0x000000000000050c                FLEXPWM1_RELOAD_ERROR_DriverIRQHandler
                0x000000000000050c                ENC1_WDG_DriverIRQHandler
                0x000000000000050c                FLEXPWM1_COMPARE3_DriverIRQHandler
                0x000000000000050c                DMA1_DriverIRQHandler
                0x000000000000050c                DMIC_DriverIRQHandler
                0x000000000000050c                FLEXPWM1_CAPTURE_DriverIRQHandler
                0x000000000000050c                FLEXPWM1_RELOAD3_DriverIRQHandler
                0x000000000000050c                FLEXPWM0_COMPARE3_DriverIRQHandler
                0x000000000000050c                Reserved77_DriverIRQHandler
                0x000000000000050c                Reserved131_DriverIRQHandler
                0x000000000000050c                ENC1_HOME_DriverIRQHandler
                0x000000000000050c                FLEXPWM1_RELOAD0_DriverIRQHandler
                0x000000000000050c                Reserved127_DriverIRQHandler
                0x000000000000050c                Reserved85_DriverIRQHandler
                0x000000000000050c                ENC1_IDX_DriverIRQHandler
                0x000000000000050c                Reserved88_DriverIRQHandler
                0x000000000000050c                ADC0_DriverIRQHandler
                0x000000000000050c                FLEXPWM1_RELOAD1_DriverIRQHandler
                0x000000000000050c                DAC2_DriverIRQHandler
                0x000000000000050c                HSCMP0_DriverIRQHandler
                0x000000000000050c                GINT0_DriverIRQHandler
                0x000000000000050c                FLEXPWM0_COMPARE0_DriverIRQHandler
                0x000000000000050c                Reserved132_DriverIRQHandler
                0x000000000000050c                ENC0_COMPARE_DriverIRQHandler
                0x000000000000050c                ACMP_DriverIRQHandler
                0x000000000000050c                Reserved58_DriverIRQHandler
                0x000000000000050c                Reserved57_DriverIRQHandler
                0x000000000000050c                BusFault_Handler
                0x000000000000050c                Reserved86_DriverIRQHandler
                0x000000000000050c                SCT0_DriverIRQHandler
                0x000000000000050c                WDT_BOD_DriverIRQHandler
                0x000000000000050c                ENC1_COMPARE_DriverIRQHandler
                0x000000000000050c                ELS_IRQ1_DriverIRQHandler
                0x000000000000050c                OS_EVENT_DriverIRQHandler
                0x000000000000050c                SEC_HYPERVISOR_CALL_DriverIRQHandler
                0x0000000000000510                NMI_Handler
                0x0000000000000514                HardFault_Handler
                0x0000000000000524                WDT_BOD_IRQHandler
                0x0000000000000528                DMA0_IRQHandler
                0x000000000000052c                GINT0_IRQHandler
                0x0000000000000530                GINT1_IRQHandler
                0x0000000000000534                PIN_INT0_IRQHandler
                0x0000000000000538                PIN_INT1_IRQHandler
                0x000000000000053c                PIN_INT2_IRQHandler
                0x0000000000000540                PIN_INT3_IRQHandler
                0x0000000000000544                UTICK0_IRQHandler
                0x0000000000000548                MRT0_IRQHandler
                0x000000000000054c                CTIMER0_IRQHandler
                0x0000000000000550                CTIMER1_IRQHandler
                0x0000000000000554                SCT0_IRQHandler
                0x0000000000000558                CTIMER3_IRQHandler
                0x000000000000055c                FLEXCOMM0_IRQHandler
                0x0000000000000560                FLEXCOMM1_IRQHandler
                0x0000000000000564                FLEXCOMM2_IRQHandler
                0x0000000000000568                FLEXCOMM3_IRQHandler
                0x000000000000056c                FLEXCOMM4_IRQHandler
                0x0000000000000570                FLEXCOMM5_IRQHandler
                0x0000000000000574                FLEXCOMM6_IRQHandler
                0x0000000000000578                FLEXCOMM7_IRQHandler
                0x000000000000057c                ADC0_IRQHandler
                0x0000000000000580                ADC1_IRQHandler
                0x0000000000000584                ACMP_IRQHandler
                0x0000000000000588                DMIC_IRQHandler
                0x000000000000058c                HWVAD0_IRQHandler
                0x0000000000000590                USB0_NEEDCLK_IRQHandler
                0x0000000000000594                USB0_IRQHandler
                0x0000000000000598                RTC_IRQHandler
                0x000000000000059c                EZH_ARCH_B0_IRQHandler
                0x00000000000005a0                WAKEUP_IRQHandler
                0x00000000000005a4                PIN_INT4_IRQHandler
                0x00000000000005a8                PIN_INT5_IRQHandler
                0x00000000000005ac                PIN_INT6_IRQHandler
                0x00000000000005b0                PIN_INT7_IRQHandler
                0x00000000000005b4                CTIMER2_IRQHandler
                0x00000000000005b8                CTIMER4_IRQHandler
                0x00000000000005bc                OS_EVENT_IRQHandler
                0x00000000000005c0                FlexSPI0_IRQHandler
                0x00000000000005c4                Reserved56_IRQHandler
                0x00000000000005c8                Reserved57_IRQHandler
                0x00000000000005cc                Reserved58_IRQHandler
                0x00000000000005d0                CAN0_IRQ0_IRQHandler
                0x00000000000005d4                CAN0_IRQ1_IRQHandler
                0x00000000000005d8                Reserved61_IRQHandler
                0x00000000000005dc                Reserved62_IRQHandler
                0x00000000000005e0                Reserved63_IRQHandler
                0x00000000000005e4                Reserved64_IRQHandler
                0x00000000000005e8                SEC_HYPERVISOR_CALL_IRQHandler
                0x00000000000005ec                SEC_GPIO_INT0_IRQ0_IRQHandler
                0x00000000000005f0                SEC_GPIO_INT0_IRQ1_IRQHandler
                0x00000000000005f4                Freqme_IRQHandler
                0x00000000000005f8                SEC_VIO_IRQHandler
                0x00000000000005fc                ELS_IRQHandler
                0x0000000000000600                PKC_IRQHandler
                0x0000000000000604                Reserved72_IRQHandler
                0x0000000000000608                POWERQUAD_IRQHandler
                0x000000000000060c                DMA1_IRQHandler
                0x0000000000000610                FLEXCOMM8_IRQHandler
                0x0000000000000614                CDOG_IRQHandler
                0x0000000000000618                Reserved77_IRQHandler
                0x000000000000061c                I3C0_IRQHandler
                0x0000000000000620                Reserved79_IRQHandler
                0x0000000000000624                Reserved80_IRQHandler
                0x0000000000000628                ELS_IRQ1_IRQHandler
                0x000000000000062c                Tamper_IRQHandler
                0x0000000000000630                Reserved83_IRQHandler
                0x0000000000000634                Reserved84_IRQHandler
                0x0000000000000638                Reserved85_IRQHandler
                0x000000000000063c                Reserved86_IRQHandler
                0x0000000000000640                Reserved87_IRQHandler
                0x0000000000000644                Reserved88_IRQHandler
                0x0000000000000648                Reserved89_IRQHandler
                0x000000000000064c                DAC0_IRQHandler
                0x0000000000000650                DAC1_IRQHandler
                0x0000000000000654                DAC2_IRQHandler
                0x0000000000000658                HSCMP0_IRQHandler
                0x000000000000065c                HSCMP1_IRQHandler
                0x0000000000000660                HSCMP2_IRQHandler
                0x0000000000000664                FLEXPWM0_CAPTURE_IRQHandler
                0x0000000000000668                FLEXPWM0_FAULT_IRQHandler
                0x000000000000066c                FLEXPWM0_RELOAD_ERROR_IRQHandler
                0x0000000000000670                FLEXPWM0_COMPARE0_IRQHandler
                0x0000000000000674                FLEXPWM0_RELOAD0_IRQHandler
                0x0000000000000678                FLEXPWM0_COMPARE1_IRQHandler
                0x000000000000067c                FLEXPWM0_RELOAD1_IRQHandler
                0x0000000000000680                FLEXPWM0_COMPARE2_IRQHandler
                0x0000000000000684                FLEXPWM0_RELOAD2_IRQHandler
                0x0000000000000688                FLEXPWM0_COMPARE3_IRQHandler
                0x000000000000068c                FLEXPWM0_RELOAD3_IRQHandler
                0x0000000000000690                FLEXPWM1_CAPTURE_IRQHandler
                0x0000000000000694                FLEXPWM1_FAULT_IRQHandler
                0x0000000000000698                FLEXPWM1_RELOAD_ERROR_IRQHandler
                0x000000000000069c                FLEXPWM1_COMPARE0_IRQHandler
                0x00000000000006a0                FLEXPWM1_RELOAD0_IRQHandler
                0x00000000000006a4                FLEXPWM1_COMPARE1_IRQHandler
                0x00000000000006a8                FLEXPWM1_RELOAD1_IRQHandler
                0x00000000000006ac                FLEXPWM1_COMPARE2_IRQHandler
                0x00000000000006b0                FLEXPWM1_RELOAD2_IRQHandler
                0x00000000000006b4                FLEXPWM1_COMPARE3_IRQHandler
                0x00000000000006b8                FLEXPWM1_RELOAD3_IRQHandler
                0x00000000000006bc                ENC0_COMPARE_IRQHandler
                0x00000000000006c0                ENC0_HOME_IRQHandler
                0x00000000000006c4                ENC0_WDG_IRQHandler
                0x00000000000006c8                ENC0_IDX_IRQHandler
                0x00000000000006cc                ENC1_COMPARE_IRQHandler
                0x00000000000006d0                ENC1_HOME_IRQHandler
                0x00000000000006d4                ENC1_WDG_IRQHandler
                0x00000000000006d8                ENC1_IDX_IRQHandler
                0x00000000000006dc                Reserved126_IRQHandler
                0x00000000000006e0                Reserved127_IRQHandler
                0x00000000000006e4                ELS_ERR_IRQHandler
                0x00000000000006e8                PKC_ERR_IRQHandler
                0x00000000000006ec                Reserved130_IRQHandler
                0x00000000000006f0                Reserved131_IRQHandler
                0x00000000000006f4                Reserved132_IRQHandler
                0x00000000000006f8                Reserved133_IRQHandler
                0x00000000000006fc                FLASH_IRQHandler
                0x0000000000000700                RAM_PARITY_ECC_ERR_IRQHandler
 .text          0x00000000000008f8       0xa0 CMakeFiles/freertos_hello.elf.dir/project/sdk/devices/LPC5536/utilities/fsl_memcpy.S.obj
                0x00000000000008f8                memcpy
 .text          0x0000000000000998       0x10 /opt/arm/arm-gnu-toolchain-12.2.rel1-x86_64-arm-none-eabi/bin/../lib/gcc/arm-none-eabi/12.2.1/../../../../arm-none-eabi/lib/thumb/v8-m.main+fp/hard/libc_nano.a(libc_a-strlen.o)
                0x0000000000000998                strlen
 *(.text*)
 .text.deregister_tm_clones
                0x00000000000009a8       0x1c /opt/arm/arm-gnu-toolchain-12.2.rel1-x86_64-arm-none-eabi/bin/../lib/gcc/arm-none-eabi/12.2.1/thumb/v8-m.main+fp/hard/crtbegin.o
 .text.register_tm_clones
                0x00000000000009c4       0x28 /opt/arm/arm-gnu-toolchain-12.2.rel1-x86_64-arm-none-eabi/bin/../lib/gcc/arm-none-eabi/12.2.1/thumb/v8-m.main+fp/hard/crtbegin.o
 .text.__do_global_dtors_aux
                0x00000000000009ec       0x28 /opt/arm/arm-gnu-toolchain-12.2.rel1-x86_64-arm-none-eabi/bin/../lib/gcc/arm-none-eabi/12.2.1/thumb/v8-m.main+fp/hard/crtbegin.o
 .text.frame_dummy
                0x0000000000000a14       0x24 /opt/arm/arm-gnu-toolchain-12.2.rel1-x86_64-arm-none-eabi/bin/../lib/gcc/arm-none-eabi/12.2.1/thumb/v8-m.main+fp/hard/crtbegin.o
 .text.GPIO_PortToggle
                0x0000000000000a38       0x26 CMakeFiles/freertos_hello.elf.dir/project/src/freertos_hello.c.obj
 *fill*         0x0000000000000a5e        0x2 
 .text.main     0x0000000000000a60       0x68 CMakeFiles/freertos_hello.elf.dir/project/src/freertos_hello.c.obj
                0x0000000000000a60                main
 .text.hello_task
                0x0000000000000ac8       0x2c CMakeFiles/freertos_hello.elf.dir/project/src/freertos_hello.c.obj
 .text.POWER_DisablePD
                0x0000000000000af4       0x40 CMakeFiles/freertos_hello.elf.dir/project/board/clock_config.c.obj
 .text.BOARD_InitBootClocks
                0x0000000000000b34        0xc CMakeFiles/freertos_hello.elf.dir/project/board/clock_config.c.obj
                0x0000000000000b34                BOARD_InitBootClocks
 .text.BOARD_BootClockRUN
                0x0000000000000b40       0x4c CMakeFiles/freertos_hello.elf.dir/project/board/clock_config.c.obj
                0x0000000000000b40                BOARD_BootClockRUN
 .text.CLOCK_EnableClock
                0x0000000000000b8c       0x8c CMakeFiles/freertos_hello.elf.dir/project/board/pin_mux.c.obj
 .text.BOARD_InitBootPins
                0x0000000000000c18        0xc CMakeFiles/freertos_hello.elf.dir/project/board/pin_mux.c.obj
                0x0000000000000c18                BOARD_InitBootPins
 .text.BOARD_InitPins
                0x0000000000000c24       0x50 CMakeFiles/freertos_hello.elf.dir/project/board/pin_mux.c.obj
                0x0000000000000c24                BOARD_InitPins
 .text.SerialManager_StartWriting
                0x0000000000000c74       0x38 CMakeFiles/freertos_hello.elf.dir/project/sdk/components/serial_manager/fsl_component_serial_manager.c.obj
 .text.SerialManager_Write
                0x0000000000000cac       0x44 CMakeFiles/freertos_hello.elf.dir/project/sdk/components/serial_manager/fsl_component_serial_manager.c.obj
 .text.SerialManager_WriteBlocking
                0x0000000000000cf0       0x20 CMakeFiles/freertos_hello.elf.dir/project/sdk/components/serial_manager/fsl_component_serial_manager.c.obj
                0x0000000000000cf0                SerialManager_WriteBlocking
 .text.Serial_UartWrite
                0x0000000000000d10       0x38 CMakeFiles/freertos_hello.elf.dir/project/sdk/components/serial_manager/fsl_component_serial_port_uart.c.obj
                0x0000000000000d10                Serial_UartWrite
 .text.HAL_UartSendBlocking
                0x0000000000000d48       0x84 CMakeFiles/freertos_hello.elf.dir/project/sdk/components/uart/fsl_adapter_usart.c.obj
                0x0000000000000d48                HAL_UartSendBlocking
 .text.SystemInit
                0x0000000000000dcc       0x78 CMakeFiles/freertos_hello.elf.dir/project/sdk/devices/LPC5536/system_LPC5536.c.obj
                0x0000000000000dcc                SystemInit
 .text.SystemInitHook
                0x0000000000000e44        0xe CMakeFiles/freertos_hello.elf.dir/project/sdk/devices/LPC5536/system_LPC5536.c.obj
                0x0000000000000e44                SystemInitHook
 *fill*         0x0000000000000e52        0x2 
 .text.POWER_DisablePD
                0x0000000000000e54       0x40 CMakeFiles/freertos_hello.elf.dir/project/sdk/devices/LPC5536/drivers/fsl_clock.c.obj
 .text.CLOCK_AttachClk
                0x0000000000000e94       0xbc CMakeFiles/freertos_hello.elf.dir/project/sdk/devices/LPC5536/drivers/fsl_clock.c.obj
                0x0000000000000e94                CLOCK_AttachClk
 .text.CLOCK_SetClkDiv
                0x0000000000000f50       0x80 CMakeFiles/freertos_hello.elf.dir/project/sdk/devices/LPC5536/drivers/fsl_clock.c.obj
                0x0000000000000f50                CLOCK_SetClkDiv
 .text.CLOCK_SetupFROClocking
                0x0000000000000fd0       0x78 CMakeFiles/freertos_hello.elf.dir/project/sdk/devices/LPC5536/drivers/fsl_clock.c.obj
                0x0000000000000fd0                CLOCK_SetupFROClocking
 .text.CLOCK_SetFLASHAccessCyclesForFreq
                0x0000000000001048       0xd8 CMakeFiles/freertos_hello.elf.dir/project/sdk/devices/LPC5536/drivers/fsl_clock.c.obj
                0x0000000000001048                CLOCK_SetFLASHAccessCyclesForFreq
 .text.CLOCK_FroHfTrim
                0x0000000000001120       0x38 CMakeFiles/freertos_hello.elf.dir/project/sdk/devices/LPC5536/drivers/fsl_clock.c.obj
                0x0000000000001120                CLOCK_FroHfTrim
 .text.FLEXCOMM_GetInstance
                0x0000000000001158       0x5c CMakeFiles/freertos_hello.elf.dir/project/sdk/devices/LPC5536/drivers/fsl_flexcomm.c.obj
                0x0000000000001158                FLEXCOMM_GetInstance
 .text.FLEXCOMM0_DriverIRQHandler
                0x00000000000011b4       0x68 CMakeFiles/freertos_hello.elf.dir/project/sdk/devices/LPC5536/drivers/fsl_flexcomm.c.obj
                0x00000000000011b4                FLEXCOMM0_DriverIRQHandler
 .text.FLEXCOMM1_DriverIRQHandler
                0x000000000000121c       0x68 CMakeFiles/freertos_hello.elf.dir/project/sdk/devices/LPC5536/drivers/fsl_flexcomm.c.obj
                0x000000000000121c                FLEXCOMM1_DriverIRQHandler
 .text.FLEXCOMM2_DriverIRQHandler
                0x0000000000001284       0x68 CMakeFiles/freertos_hello.elf.dir/project/sdk/devices/LPC5536/drivers/fsl_flexcomm.c.obj
                0x0000000000001284                FLEXCOMM2_DriverIRQHandler
 .text.FLEXCOMM3_DriverIRQHandler
                0x00000000000012ec       0x68 CMakeFiles/freertos_hello.elf.dir/project/sdk/devices/LPC5536/drivers/fsl_flexcomm.c.obj
                0x00000000000012ec                FLEXCOMM3_DriverIRQHandler
 .text.FLEXCOMM4_DriverIRQHandler
                0x0000000000001354       0x68 CMakeFiles/freertos_hello.elf.dir/project/sdk/devices/LPC5536/drivers/fsl_flexcomm.c.obj
                0x0000000000001354                FLEXCOMM4_DriverIRQHandler
 .text.FLEXCOMM5_DriverIRQHandler
                0x00000000000013bc       0x68 CMakeFiles/freertos_hello.elf.dir/project/sdk/devices/LPC5536/drivers/fsl_flexcomm.c.obj
                0x00000000000013bc                FLEXCOMM5_DriverIRQHandler
 .text.FLEXCOMM6_DriverIRQHandler
                0x0000000000001424       0x6c CMakeFiles/freertos_hello.elf.dir/project/sdk/devices/LPC5536/drivers/fsl_flexcomm.c.obj
                0x0000000000001424                FLEXCOMM6_DriverIRQHandler
 .text.FLEXCOMM7_DriverIRQHandler
                0x0000000000001490       0x6c CMakeFiles/freertos_hello.elf.dir/project/sdk/devices/LPC5536/drivers/fsl_flexcomm.c.obj
                0x0000000000001490                FLEXCOMM7_DriverIRQHandler
 .text.FLEXCOMM8_DriverIRQHandler
                0x00000000000014fc       0x6c CMakeFiles/freertos_hello.elf.dir/project/sdk/devices/LPC5536/drivers/fsl_flexcomm.c.obj
                0x00000000000014fc                FLEXCOMM8_DriverIRQHandler
 .text.USART_WriteBlocking
                0x0000000000001568       0x9c CMakeFiles/freertos_hello.elf.dir/project/sdk/devices/LPC5536/drivers/fsl_usart.c.obj
                0x0000000000001568                USART_WriteBlocking
 .text.CLOCK_EnableClock
                0x0000000000001604       0x8c CMakeFiles/freertos_hello.elf.dir/project/sdk/devices/LPC5536/drivers/fsl_gpio.c.obj
 .text.GPIO_EnablePortClock
                0x0000000000001690       0x44 CMakeFiles/freertos_hello.elf.dir/project/sdk/devices/LPC5536/drivers/fsl_gpio.c.obj
 .text.GPIO_PinInit
                0x00000000000016d4       0xa4 CMakeFiles/freertos_hello.elf.dir/project/sdk/devices/LPC5536/drivers/fsl_gpio.c.obj
                0x00000000000016d4                GPIO_PinInit
 .text.Chip_GetVersion
                0x0000000000001778       0x36 CMakeFiles/freertos_hello.elf.dir/project/sdk/devices/LPC5536/drivers/fsl_power.c.obj
 *fill*         0x00000000000017ae        0x2 
 .text.POWER_PowerInit
                0x00000000000017b0       0x94 CMakeFiles/freertos_hello.elf.dir/project/sdk/devices/LPC5536/drivers/fsl_power.c.obj
                0x00000000000017b0                POWER_PowerInit
 .text.POWER_SetVoltageForFreq
                0x0000000000001844       0xd4 CMakeFiles/freertos_hello.elf.dir/project/sdk/devices/LPC5536/drivers/fsl_power.c.obj
                0x0000000000001844                POWER_SetVoltageForFreq
 .text.POWER_SetSystemPowerProfile
                0x0000000000001918      0x108 CMakeFiles/freertos_hello.elf.dir/project/sdk/devices/LPC5536/drivers/fsl_power.c.obj
 .text.POWER_SetVoltageForProcess
                0x0000000000001a20       0xaa CMakeFiles/freertos_hello.elf.dir/project/sdk/devices/LPC5536/drivers/fsl_power.c.obj
 *fill*         0x0000000000001aca        0x2 
 .text.POWER_GetPartProcessCorner
                0x0000000000001acc       0x9c CMakeFiles/freertos_hello.elf.dir/project/sdk/devices/LPC5536/drivers/fsl_power.c.obj
 .text.POWER_SetSystemVoltage
                0x0000000000001b68      0x1fc CMakeFiles/freertos_hello.elf.dir/project/sdk/devices/LPC5536/drivers/fsl_power.c.obj
 .text.vListInitialise
                0x0000000000001d64       0x40 CMakeFiles/freertos_hello.elf.dir/project/sdk/rtos/freertos/freertos-kernel/list.c.obj
                0x0000000000001d64                vListInitialise
 .text.vListInitialiseItem
                0x0000000000001da4       0x1a CMakeFiles/freertos_hello.elf.dir/project/sdk/rtos/freertos/freertos-kernel/list.c.obj
                0x0000000000001da4                vListInitialiseItem
 .text.vListInsert
                0x0000000000001dbe       0x72 CMakeFiles/freertos_hello.elf.dir/project/sdk/rtos/freertos/freertos-kernel/list.c.obj
                0x0000000000001dbe                vListInsert
 .text.uxListRemove
                0x0000000000001e30       0x54 CMakeFiles/freertos_hello.elf.dir/project/sdk/rtos/freertos/freertos-kernel/list.c.obj
                0x0000000000001e30                uxListRemove
 .text.xQueueGenericReset
                0x0000000000001e84       0xf2 CMakeFiles/freertos_hello.elf.dir/project/sdk/rtos/freertos/freertos-kernel/queue.c.obj
                0x0000000000001e84                xQueueGenericReset
 .text.xQueueGenericCreate
                0x0000000000001f76       0x8e CMakeFiles/freertos_hello.elf.dir/project/sdk/rtos/freertos/freertos-kernel/queue.c.obj
                0x0000000000001f76                xQueueGenericCreate
 .text.prvInitialiseNewQueue
                0x0000000000002004       0x46 CMakeFiles/freertos_hello.elf.dir/project/sdk/rtos/freertos/freertos-kernel/queue.c.obj
 .text.xQueueReceive
                0x000000000000204a      0x178 CMakeFiles/freertos_hello.elf.dir/project/sdk/rtos/freertos/freertos-kernel/queue.c.obj
                0x000000000000204a                xQueueReceive
 .text.prvCopyDataFromQueue
                0x00000000000021c2       0x4c CMakeFiles/freertos_hello.elf.dir/project/sdk/rtos/freertos/freertos-kernel/queue.c.obj
 .text.prvUnlockQueue
                0x000000000000220e       0xa4 CMakeFiles/freertos_hello.elf.dir/project/sdk/rtos/freertos/freertos-kernel/queue.c.obj
 .text.prvIsQueueEmpty
                0x00000000000022b2       0x2c CMakeFiles/freertos_hello.elf.dir/project/sdk/rtos/freertos/freertos-kernel/queue.c.obj
 *fill*         0x00000000000022de        0x2 
 .text.vQueueAddToRegistry
                0x00000000000022e0       0x8c CMakeFiles/freertos_hello.elf.dir/project/sdk/rtos/freertos/freertos-kernel/queue.c.obj
                0x00000000000022e0                vQueueAddToRegistry
 .text.vQueueWaitForMessageRestricted
                0x000000000000236c       0x68 CMakeFiles/freertos_hello.elf.dir/project/sdk/rtos/freertos/freertos-kernel/queue.c.obj
                0x000000000000236c                vQueueWaitForMessageRestricted
 .text.xTaskCreate
                0x00000000000023d4       0x8c CMakeFiles/freertos_hello.elf.dir/project/sdk/rtos/freertos/freertos-kernel/tasks.c.obj
                0x00000000000023d4                xTaskCreate
 .text.prvInitialiseNewTask
                0x0000000000002460      0x10a CMakeFiles/freertos_hello.elf.dir/project/sdk/rtos/freertos/freertos-kernel/tasks.c.obj
 *fill*         0x000000000000256a        0x2 
 .text.prvAddNewTaskToReadyList
                0x000000000000256c      0x120 CMakeFiles/freertos_hello.elf.dir/project/sdk/rtos/freertos/freertos-kernel/tasks.c.obj
 .text.vTaskDelay
                0x000000000000268c       0x4c CMakeFiles/freertos_hello.elf.dir/project/sdk/rtos/freertos/freertos-kernel/tasks.c.obj
                0x000000000000268c                vTaskDelay
 .text.vTaskStartScheduler
                0x00000000000026d8       0x84 CMakeFiles/freertos_hello.elf.dir/project/sdk/rtos/freertos/freertos-kernel/tasks.c.obj
                0x00000000000026d8                vTaskStartScheduler
 .text.vTaskSuspendAll
                0x000000000000275c       0x1c CMakeFiles/freertos_hello.elf.dir/project/sdk/rtos/freertos/freertos-kernel/tasks.c.obj
                0x000000000000275c                vTaskSuspendAll
 .text.xTaskResumeAll
                0x0000000000002778      0x1dc CMakeFiles/freertos_hello.elf.dir/project/sdk/rtos/freertos/freertos-kernel/tasks.c.obj
                0x0000000000002778                xTaskResumeAll
 .text.xTaskGetTickCount
                0x0000000000002954       0x20 CMakeFiles/freertos_hello.elf.dir/project/sdk/rtos/freertos/freertos-kernel/tasks.c.obj
                0x0000000000002954                xTaskGetTickCount
 .text.xTaskIncrementTick
                0x0000000000002974      0x204 CMakeFiles/freertos_hello.elf.dir/project/sdk/rtos/freertos/freertos-kernel/tasks.c.obj
                0x0000000000002974                xTaskIncrementTick
 .text.vTaskSwitchContext
                0x0000000000002b78       0xa8 CMakeFiles/freertos_hello.elf.dir/project/sdk/rtos/freertos/freertos-kernel/tasks.c.obj
                0x0000000000002b78                vTaskSwitchContext
 .text.vTaskPlaceOnEventList
                0x0000000000002c20       0x3c CMakeFiles/freertos_hello.elf.dir/project/sdk/rtos/freertos/freertos-kernel/tasks.c.obj
                0x0000000000002c20                vTaskPlaceOnEventList
 .text.vTaskPlaceOnEventListRestricted
                0x0000000000002c5c       0x7c CMakeFiles/freertos_hello.elf.dir/project/sdk/rtos/freertos/freertos-kernel/tasks.c.obj
                0x0000000000002c5c                vTaskPlaceOnEventListRestricted
 .text.xTaskRemoveFromEventList
                0x0000000000002cd8      0x19c CMakeFiles/freertos_hello.elf.dir/project/sdk/rtos/freertos/freertos-kernel/tasks.c.obj
                0x0000000000002cd8                xTaskRemoveFromEventList
 .text.vTaskInternalSetTimeOutState
                0x0000000000002e74       0x2c CMakeFiles/freertos_hello.elf.dir/project/sdk/rtos/freertos/freertos-kernel/tasks.c.obj
                0x0000000000002e74                vTaskInternalSetTimeOutState
 .text.xTaskCheckForTimeOut
                0x0000000000002ea0       0xb0 CMakeFiles/freertos_hello.elf.dir/project/sdk/rtos/freertos/freertos-kernel/tasks.c.obj
                0x0000000000002ea0                xTaskCheckForTimeOut
 .text.vTaskMissedYield
                0x0000000000002f50       0x18 CMakeFiles/freertos_hello.elf.dir/project/sdk/rtos/freertos/freertos-kernel/tasks.c.obj
                0x0000000000002f50                vTaskMissedYield
 .text.prvIdleTask
                0x0000000000002f68       0x20 CMakeFiles/freertos_hello.elf.dir/project/sdk/rtos/freertos/freertos-kernel/tasks.c.obj
 .text.prvInitialiseTaskLists
                0x0000000000002f88       0x80 CMakeFiles/freertos_hello.elf.dir/project/sdk/rtos/freertos/freertos-kernel/tasks.c.obj
 .text.prvCheckTasksWaitingTermination
                0x0000000000003008       0x5c CMakeFiles/freertos_hello.elf.dir/project/sdk/rtos/freertos/freertos-kernel/tasks.c.obj
 .text.prvDeleteTCB
                0x0000000000003064       0x20 CMakeFiles/freertos_hello.elf.dir/project/sdk/rtos/freertos/freertos-kernel/tasks.c.obj
 .text.prvResetNextTaskUnblockTime
                0x0000000000003084       0x38 CMakeFiles/freertos_hello.elf.dir/project/sdk/rtos/freertos/freertos-kernel/tasks.c.obj
 .text.xTaskGetSchedulerState
                0x00000000000030bc       0x3c CMakeFiles/freertos_hello.elf.dir/project/sdk/rtos/freertos/freertos-kernel/tasks.c.obj
                0x00000000000030bc                xTaskGetSchedulerState
 .text.prvAddCurrentTaskToDelayedList
                0x00000000000030f8       0xdc CMakeFiles/freertos_hello.elf.dir/project/sdk/rtos/freertos/freertos-kernel/tasks.c.obj
 .text.xTimerCreateTimerTask
                0x00000000000031d4       0x54 CMakeFiles/freertos_hello.elf.dir/project/sdk/rtos/freertos/freertos-kernel/timers.c.obj
                0x00000000000031d4                xTimerCreateTimerTask
 .text.prvReloadTimer
                0x0000000000003228       0x42 CMakeFiles/freertos_hello.elf.dir/project/sdk/rtos/freertos/freertos-kernel/timers.c.obj
 *fill*         0x000000000000326a        0x2 
 .text.prvProcessExpiredTimer
                0x000000000000326c       0x60 CMakeFiles/freertos_hello.elf.dir/project/sdk/rtos/freertos/freertos-kernel/timers.c.obj
 .text.prvTimerTask
                0x00000000000032cc       0x26 CMakeFiles/freertos_hello.elf.dir/project/sdk/rtos/freertos/freertos-kernel/timers.c.obj
 *fill*         0x00000000000032f2        0x2 
 .text.prvProcessTimerOrBlockTask
                0x00000000000032f4       0x8c CMakeFiles/freertos_hello.elf.dir/project/sdk/rtos/freertos/freertos-kernel/timers.c.obj
 .text.prvGetNextExpireTime
                0x0000000000003380       0x48 CMakeFiles/freertos_hello.elf.dir/project/sdk/rtos/freertos/freertos-kernel/timers.c.obj
 .text.prvSampleTimeNow
                0x00000000000033c8       0x40 CMakeFiles/freertos_hello.elf.dir/project/sdk/rtos/freertos/freertos-kernel/timers.c.obj
 .text.prvInsertTimerInActiveList
                0x0000000000003408       0x84 CMakeFiles/freertos_hello.elf.dir/project/sdk/rtos/freertos/freertos-kernel/timers.c.obj
 .text.prvProcessReceivedCommands
                0x000000000000348c      0x19c CMakeFiles/freertos_hello.elf.dir/project/sdk/rtos/freertos/freertos-kernel/timers.c.obj
 .text.prvSwitchTimerLists
                0x0000000000003628       0x4c CMakeFiles/freertos_hello.elf.dir/project/sdk/rtos/freertos/freertos-kernel/timers.c.obj
 .text.prvCheckForValidListAndQueue
                0x0000000000003674       0x6c CMakeFiles/freertos_hello.elf.dir/project/sdk/rtos/freertos/freertos-kernel/timers.c.obj
 .text.vPortSetupTimerInterrupt
                0x00000000000036e0       0x48 CMakeFiles/freertos_hello.elf.dir/project/sdk/rtos/freertos/freertos-kernel/portable/GCC/ARM_CM33_NTZ/non_secure/port.c.obj
                0x00000000000036e0                vPortSetupTimerInterrupt
 .text.prvTaskExitError
                0x0000000000003728       0x38 CMakeFiles/freertos_hello.elf.dir/project/sdk/rtos/freertos/freertos-kernel/portable/GCC/ARM_CM33_NTZ/non_secure/port.c.obj
 .text.prvSetupFPU
                0x0000000000003760       0x30 CMakeFiles/freertos_hello.elf.dir/project/sdk/rtos/freertos/freertos-kernel/portable/GCC/ARM_CM33_NTZ/non_secure/port.c.obj
 .text.vPortYield
                0x0000000000003790       0x24 CMakeFiles/freertos_hello.elf.dir/project/sdk/rtos/freertos/freertos-kernel/portable/GCC/ARM_CM33_NTZ/non_secure/port.c.obj
                0x0000000000003790                vPortYield
 .text.vPortEnterCritical
                0x00000000000037b4       0x24 CMakeFiles/freertos_hello.elf.dir/project/sdk/rtos/freertos/freertos-kernel/portable/GCC/ARM_CM33_NTZ/non_secure/port.c.obj
                0x00000000000037b4                vPortEnterCritical
 .text.vPortExitCritical
                0x00000000000037d8       0x34 CMakeFiles/freertos_hello.elf.dir/project/sdk/rtos/freertos/freertos-kernel/portable/GCC/ARM_CM33_NTZ/non_secure/port.c.obj
                0x00000000000037d8                vPortExitCritical
 .text.SysTick_Handler
                0x000000000000380c       0x30 CMakeFiles/freertos_hello.elf.dir/project/sdk/rtos/freertos/freertos-kernel/portable/GCC/ARM_CM33_NTZ/non_secure/port.c.obj
                0x000000000000380c                SysTick_Handler
 .text.vPortSVCHandler_C
                0x000000000000383c       0x36 CMakeFiles/freertos_hello.elf.dir/project/sdk/rtos/freertos/freertos-kernel/portable/GCC/ARM_CM33_NTZ/non_secure/port.c.obj
                0x000000000000383c                vPortSVCHandler_C
 *fill*         0x0000000000003872        0x2 
 .text.pxPortInitialiseStack
                0x0000000000003874      0x114 CMakeFiles/freertos_hello.elf.dir/project/sdk/rtos/freertos/freertos-kernel/portable/GCC/ARM_CM33_NTZ/non_secure/port.c.obj
                0x0000000000003874                pxPortInitialiseStack
 .text.xPortStartScheduler
                0x0000000000003988       0x40 CMakeFiles/freertos_hello.elf.dir/project/sdk/rtos/freertos/freertos-kernel/portable/GCC/ARM_CM33_NTZ/non_secure/port.c.obj
                0x0000000000003988                xPortStartScheduler
 *fill*         0x00000000000039c8        0x8 
 .text.vRestoreContextOfFirstTask
                0x00000000000039d0       0x38 CMakeFiles/freertos_hello.elf.dir/project/sdk/rtos/freertos/freertos-kernel/portable/GCC/ARM_CM33_NTZ/non_secure/portasm.c.obj
                0x00000000000039d0                vRestoreContextOfFirstTask
 *fill*         0x0000000000003a08        0x8 
 .text.vStartFirstTask
                0x0000000000003a10       0x28 CMakeFiles/freertos_hello.elf.dir/project/sdk/rtos/freertos/freertos-kernel/portable/GCC/ARM_CM33_NTZ/non_secure/portasm.c.obj
                0x0000000000003a10                vStartFirstTask
 .text.ulSetInterruptMask
                0x0000000000003a38       0x1a CMakeFiles/freertos_hello.elf.dir/project/sdk/rtos/freertos/freertos-kernel/portable/GCC/ARM_CM33_NTZ/non_secure/portasm.c.obj
                0x0000000000003a38                ulSetInterruptMask
 .text.vClearInterruptMask
                0x0000000000003a52       0x10 CMakeFiles/freertos_hello.elf.dir/project/sdk/rtos/freertos/freertos-kernel/portable/GCC/ARM_CM33_NTZ/non_secure/portasm.c.obj
                0x0000000000003a52                vClearInterruptMask
 *fill*         0x0000000000003a62        0xe 
 .text.PendSV_Handler
                0x0000000000003a70       0x68 CMakeFiles/freertos_hello.elf.dir/project/sdk/rtos/freertos/freertos-kernel/portable/GCC/ARM_CM33_NTZ/non_secure/portasm.c.obj
                0x0000000000003a70                PendSV_Handler
 *fill*         0x0000000000003ad8        0x8 
 .text.SVC_Handler
                0x0000000000003ae0       0x28 CMakeFiles/freertos_hello.elf.dir/project/sdk/rtos/freertos/freertos-kernel/portable/GCC/ARM_CM33_NTZ/non_secure/portasm.c.obj
                0x0000000000003ae0                SVC_Handler
 .text.pvPortMalloc
                0x0000000000003b08      0x158 CMakeFiles/freertos_hello.elf.dir/project/sdk/rtos/freertos/freertos-kernel/portable/MemMang/heap_4.c.obj
                0x0000000000003b08                pvPortMalloc
 .text.vPortFree
                0x0000000000003c60       0x9c CMakeFiles/freertos_hello.elf.dir/project/sdk/rtos/freertos/freertos-kernel/portable/MemMang/heap_4.c.obj
                0x0000000000003c60                vPortFree
 .text.prvHeapInit
                0x0000000000003cfc       0xb8 CMakeFiles/freertos_hello.elf.dir/project/sdk/rtos/freertos/freertos-kernel/portable/MemMang/heap_4.c.obj
 .text.prvInsertBlockIntoFreeList
                0x0000000000003db4       0xb4 CMakeFiles/freertos_hello.elf.dir/project/sdk/rtos/freertos/freertos-kernel/portable/MemMang/heap_4.c.obj
 .text.__assert_func
                0x0000000000003e68       0x28 CMakeFiles/freertos_hello.elf.dir/project/sdk/devices/LPC5536/utilities/fsl_assert.c.obj
                0x0000000000003e68                __assert_func
 .text.PrintGetWidth
                0x0000000000003e90       0x6a CMakeFiles/freertos_hello.elf.dir/project/sdk/devices/LPC5536/utilities/str/fsl_str.c.obj
 .text.PrintGetPrecision
                0x0000000000003efa       0x8c CMakeFiles/freertos_hello.elf.dir/project/sdk/devices/LPC5536/utilities/str/fsl_str.c.obj
 .text.PrintIsobpu
                0x0000000000003f86       0x38 CMakeFiles/freertos_hello.elf.dir/project/sdk/devices/LPC5536/utilities/str/fsl_str.c.obj
 .text.PrintIsdi
                0x0000000000003fbe       0x2c CMakeFiles/freertos_hello.elf.dir/project/sdk/devices/LPC5536/utilities/str/fsl_str.c.obj
 .text.PrintOutputdifFobpu
                0x0000000000003fea       0x44 CMakeFiles/freertos_hello.elf.dir/project/sdk/devices/LPC5536/utilities/str/fsl_str.c.obj
 .text.PrintOutputxX
                0x000000000000402e       0x44 CMakeFiles/freertos_hello.elf.dir/project/sdk/devices/LPC5536/utilities/str/fsl_str.c.obj
 .text.PrintIsfF
                0x0000000000004072       0x2c CMakeFiles/freertos_hello.elf.dir/project/sdk/devices/LPC5536/utilities/str/fsl_str.c.obj
 .text.PrintIsxX
                0x000000000000409e       0x2c CMakeFiles/freertos_hello.elf.dir/project/sdk/devices/LPC5536/utilities/str/fsl_str.c.obj
 .text.PrintFilterLengthFlag
                0x00000000000040ca       0x3e CMakeFiles/freertos_hello.elf.dir/project/sdk/devices/LPC5536/utilities/str/fsl_str.c.obj
 .text.PrintGetRadixFromobpu
                0x0000000000004108       0x40 CMakeFiles/freertos_hello.elf.dir/project/sdk/devices/LPC5536/utilities/str/fsl_str.c.obj
 .text.ConvertRadixNumToString
                0x0000000000004148       0xc2 CMakeFiles/freertos_hello.elf.dir/project/sdk/devices/LPC5536/utilities/str/fsl_str.c.obj
 .text.StrFormatPrintf
                0x000000000000420a      0x2ac CMakeFiles/freertos_hello.elf.dir/project/sdk/devices/LPC5536/utilities/str/fsl_str.c.obj
                0x000000000000420a                StrFormatPrintf
 *fill*         0x00000000000044b6        0x2 
 .text.DbgConsole_SendDataReliable
                0x00000000000044b8       0x54 CMakeFiles/freertos_hello.elf.dir/project/sdk/devices/LPC5536/utilities/debug_console/fsl_debug_console.c.obj
                0x00000000000044b8                DbgConsole_SendDataReliable
 .text.DbgConsole_PrintCallback
                0x000000000000450c       0x66 CMakeFiles/freertos_hello.elf.dir/project/sdk/devices/LPC5536/utilities/debug_console/fsl_debug_console.c.obj
 .text.DbgConsole_Printf
                0x0000000000004572       0x2c CMakeFiles/freertos_hello.elf.dir/project/sdk/devices/LPC5536/utilities/debug_console/fsl_debug_console.c.obj
                0x0000000000004572                DbgConsole_Printf
 *fill*         0x000000000000459e        0x2 
 .text.DbgConsole_Vprintf
                0x00000000000045a0       0x6c CMakeFiles/freertos_hello.elf.dir/project/sdk/devices/LPC5536/utilities/debug_console/fsl_debug_console.c.obj
                0x00000000000045a0                DbgConsole_Vprintf
 .text.exit     0x000000000000460c       0x24 /opt/arm/arm-gnu-toolchain-12.2.rel1-x86_64-arm-none-eabi/bin/../lib/gcc/arm-none-eabi/12.2.1/../../../../arm-none-eabi/lib/thumb/v8-m.main+fp/hard/libc_nano.a(libc_a-exit.o)
                0x000000000000460c                exit
 .text.__libc_init_array
                0x0000000000004630       0x48 /opt/arm/arm-gnu-toolchain-12.2.rel1-x86_64-arm-none-eabi/bin/../lib/gcc/arm-none-eabi/12.2.1/../../../../arm-none-eabi/lib/thumb/v8-m.main+fp/hard/libc_nano.a(libc_a-init.o)
                0x0000000000004630                __libc_init_array
 .text.memset   0x0000000000004678       0x10 /opt/arm/arm-gnu-toolchain-12.2.rel1-x86_64-arm-none-eabi/bin/../lib/gcc/arm-none-eabi/12.2.1/../../../../arm-none-eabi/lib/thumb/v8-m.main+fp/hard/libc_nano.a(libc_a-memset.o)
                0x0000000000004678                memset
 .text._exit    0x0000000000004688        0x2 /opt/arm/arm-gnu-toolchain-12.2.rel1-x86_64-arm-none-eabi/bin/../lib/gcc/arm-none-eabi/12.2.1/../../../../arm-none-eabi/lib/thumb/v8-m.main+fp/hard/libcr_newlib_nohost.a(_exit.o)
                0x0000000000004688                _exit
 *(.rodata)
 *fill*         0x000000000000468a        0x2 
 .rodata        0x000000000000468c       0x37 CMakeFiles/freertos_hello.elf.dir/project/src/freertos_hello.c.obj
 *fill*         0x00000000000046c3        0x1 
 .rodata        0x00000000000046c4       0xc3 CMakeFiles/freertos_hello.elf.dir/project/sdk/components/uart/fsl_adapter_usart.c.obj
 *fill*         0x0000000000004787        0x1 
 .rodata        0x0000000000004788       0x8b CMakeFiles/freertos_hello.elf.dir/project/sdk/devices/LPC5536/drivers/fsl_flexcomm.c.obj
 *fill*         0x0000000000004813        0x1 
 .rodata        0x0000000000004814      0x257 CMakeFiles/freertos_hello.elf.dir/project/sdk/devices/LPC5536/drivers/fsl_usart.c.obj
 *fill*         0x0000000000004a6b        0x1 
 .rodata        0x0000000000004a6c       0x54 CMakeFiles/freertos_hello.elf.dir/project/sdk/devices/LPC5536/drivers/fsl_gpio.c.obj
 .rodata        0x0000000000004ac0       0x30 CMakeFiles/freertos_hello.elf.dir/project/sdk/rtos/freertos/freertos-kernel/tasks.c.obj
                0x0000000000004ad4                portArch_Name
                0x0000000000004ad8                FreeRTOSDebugConfig
 .rodata        0x0000000000004af0        0xd CMakeFiles/freertos_hello.elf.dir/project/sdk/rtos/freertos/freertos-kernel/timers.c.obj
 *fill*         0x0000000000004afd        0x3 
 .rodata        0x0000000000004b00       0x3e CMakeFiles/freertos_hello.elf.dir/project/sdk/devices/LPC5536/utilities/fsl_assert.c.obj
 *(.rodata*)
 *fill*         0x0000000000004b3e        0x2 
 .rodata.s_UsartAdapterBase
                0x0000000000004b40       0x20 CMakeFiles/freertos_hello.elf.dir/project/sdk/components/uart/fsl_adapter_usart.c.obj
 .rodata.__func__.1
                0x0000000000004b60       0x15 CMakeFiles/freertos_hello.elf.dir/project/sdk/components/uart/fsl_adapter_usart.c.obj
 *fill*         0x0000000000004b75        0x3 
 .rodata.IntervalList
                0x0000000000004b78       0x60 CMakeFiles/freertos_hello.elf.dir/project/sdk/devices/LPC5536/drivers/fsl_clock.c.obj
 .rodata.s_flexcommBaseAddrs
                0x0000000000004bd8       0x24 CMakeFiles/freertos_hello.elf.dir/project/sdk/devices/LPC5536/drivers/fsl_flexcomm.c.obj
 .rodata.__func__.9
                0x0000000000004bfc       0x15 CMakeFiles/freertos_hello.elf.dir/project/sdk/devices/LPC5536/drivers/fsl_flexcomm.c.obj
 *fill*         0x0000000000004c11        0x3 
 .rodata.__func__.8
                0x0000000000004c14       0x1b CMakeFiles/freertos_hello.elf.dir/project/sdk/devices/LPC5536/drivers/fsl_flexcomm.c.obj
 *fill*         0x0000000000004c2f        0x1 
 .rodata.__func__.7
                0x0000000000004c30       0x1b CMakeFiles/freertos_hello.elf.dir/project/sdk/devices/LPC5536/drivers/fsl_flexcomm.c.obj
 *fill*         0x0000000000004c4b        0x1 
 .rodata.__func__.6
                0x0000000000004c4c       0x1b CMakeFiles/freertos_hello.elf.dir/project/sdk/devices/LPC5536/drivers/fsl_flexcomm.c.obj
 *fill*         0x0000000000004c67        0x1 
 .rodata.__func__.5
                0x0000000000004c68       0x1b CMakeFiles/freertos_hello.elf.dir/project/sdk/devices/LPC5536/drivers/fsl_flexcomm.c.obj
 *fill*         0x0000000000004c83        0x1 
 .rodata.__func__.4
                0x0000000000004c84       0x1b CMakeFiles/freertos_hello.elf.dir/project/sdk/devices/LPC5536/drivers/fsl_flexcomm.c.obj
 *fill*         0x0000000000004c9f        0x1 
 .rodata.__func__.3
                0x0000000000004ca0       0x1b CMakeFiles/freertos_hello.elf.dir/project/sdk/devices/LPC5536/drivers/fsl_flexcomm.c.obj
 *fill*         0x0000000000004cbb        0x1 
 .rodata.__func__.2
                0x0000000000004cbc       0x1b CMakeFiles/freertos_hello.elf.dir/project/sdk/devices/LPC5536/drivers/fsl_flexcomm.c.obj
 *fill*         0x0000000000004cd7        0x1 
 .rodata.__func__.1
                0x0000000000004cd8       0x1b CMakeFiles/freertos_hello.elf.dir/project/sdk/devices/LPC5536/drivers/fsl_flexcomm.c.obj
 *fill*         0x0000000000004cf3        0x1 
 .rodata.__func__.0
                0x0000000000004cf4       0x1b CMakeFiles/freertos_hello.elf.dir/project/sdk/devices/LPC5536/drivers/fsl_flexcomm.c.obj
 *fill*         0x0000000000004d0f        0x1 
 .rodata.__func__.9
                0x0000000000004d10       0x14 CMakeFiles/freertos_hello.elf.dir/project/sdk/devices/LPC5536/drivers/fsl_usart.c.obj
 .rodata.s_gpioClockName
                0x0000000000004d24        0x8 CMakeFiles/freertos_hello.elf.dir/project/sdk/devices/LPC5536/drivers/fsl_gpio.c.obj
 .rodata.__func__.0
                0x0000000000004d2c       0x15 CMakeFiles/freertos_hello.elf.dir/project/sdk/devices/LPC5536/drivers/fsl_gpio.c.obj
 *(.glue_7)
 .glue_7        0x0000000000004d41        0x0 linker stubs
 *(.glue_7t)
 .glue_7t       0x0000000000004d41        0x0 linker stubs
 *(.eh_frame)
 *fill*         0x0000000000004d41        0x3 
 .eh_frame      0x0000000000004d44        0x0 /opt/arm/arm-gnu-toolchain-12.2.rel1-x86_64-arm-none-eabi/bin/../lib/gcc/arm-none-eabi/12.2.1/thumb/v8-m.main+fp/hard/crtbegin.o
 *(.init)
 .init          0x0000000000004d44        0x4 /opt/arm/arm-gnu-toolchain-12.2.rel1-x86_64-arm-none-eabi/bin/../lib/gcc/arm-none-eabi/12.2.1/thumb/v8-m.main+fp/hard/crti.o
                0x0000000000004d44                _init
 .init          0x0000000000004d48        0x8 /opt/arm/arm-gnu-toolchain-12.2.rel1-x86_64-arm-none-eabi/bin/../lib/gcc/arm-none-eabi/12.2.1/thumb/v8-m.main+fp/hard/crtn.o
 *(.fini)
 .fini          0x0000000000004d50        0x4 /opt/arm/arm-gnu-toolchain-12.2.rel1-x86_64-arm-none-eabi/bin/../lib/gcc/arm-none-eabi/12.2.1/thumb/v8-m.main+fp/hard/crti.o
                0x0000000000004d50                _fini
 .fini          0x0000000000004d54        0x8 /opt/arm/arm-gnu-toolchain-12.2.rel1-x86_64-arm-none-eabi/bin/../lib/gcc/arm-none-eabi/12.2.1/thumb/v8-m.main+fp/hard/crtn.o
                0x0000000000004d5c                . = ALIGN (0x4)

.vfp11_veneer   0x0000000000004d5c        0x0
 .vfp11_veneer  0x0000000000004d5c        0x0 linker stubs

.v4_bx          0x0000000000004d5c        0x0
 .v4_bx         0x0000000000004d5c        0x0 linker stubs

.iplt           0x0000000000004d5c        0x0
 .iplt          0x0000000000004d5c        0x0 /opt/arm/arm-gnu-toolchain-12.2.rel1-x86_64-arm-none-eabi/bin/../lib/gcc/arm-none-eabi/12.2.1/thumb/v8-m.main+fp/hard/crtbegin.o

.ARM.extab
 *(.ARM.extab* .gnu.linkonce.armextab.*)

.ARM            0x0000000000004d5c        0x8
                0x0000000000004d5c                __exidx_start = .
 *(.ARM.exidx*)
 .ARM.exidx     0x0000000000004d5c        0x8 /opt/arm/arm-gnu-toolchain-12.2.rel1-x86_64-arm-none-eabi/bin/../lib/gcc/arm-none-eabi/12.2.1/../../../../arm-none-eabi/lib/thumb/v8-m.main+fp/hard/crt0.o
                                         0x10 (size before relaxing)
                0x0000000000004d64                __exidx_end = .

.rel.dyn        0x0000000000004d64        0x0
 .rel.iplt      0x0000000000004d64        0x0 /opt/arm/arm-gnu-toolchain-12.2.rel1-x86_64-arm-none-eabi/bin/../lib/gcc/arm-none-eabi/12.2.1/thumb/v8-m.main+fp/hard/crtbegin.o

.ctors          0x0000000000004d64        0x0
                0x0000000000004d64                __CTOR_LIST__ = .
 *crtbegin.o(.ctors)
 *crtbegin?.o(.ctors)
 *(EXCLUDE_FILE(*crtend.o *crtend?.o) .ctors)
 *(SORT_BY_NAME(.ctors.*))
 *(.ctors)
                0x0000000000004d64                __CTOR_END__ = .

.dtors          0x0000000000004d64        0x0
                0x0000000000004d64                __DTOR_LIST__ = .
 *crtbegin.o(.dtors)
 *crtbegin?.o(.dtors)
 *(EXCLUDE_FILE(*crtend.o *crtend?.o) .dtors)
 *(SORT_BY_NAME(.dtors.*))
 *(.dtors)
                0x0000000000004d64                __DTOR_END__ = .

.preinit_array  0x0000000000004d64        0x0
                0x0000000000004d64                PROVIDE (__preinit_array_start = .)
 *(.preinit_array*)
                0x0000000000004d64                PROVIDE (__preinit_array_end = .)

.init_array     0x0000000000004d64        0x4
                0x0000000000004d64                PROVIDE (__init_array_start = .)
 *(SORT_BY_NAME(.init_array.*))
 *(.init_array*)
 .init_array    0x0000000000004d64        0x4 /opt/arm/arm-gnu-toolchain-12.2.rel1-x86_64-arm-none-eabi/bin/../lib/gcc/arm-none-eabi/12.2.1/thumb/v8-m.main+fp/hard/crtbegin.o
                0x0000000000004d68                PROVIDE (__init_array_end = .)

.fini_array     0x0000000000004d68        0x4
                [!provide]                        PROVIDE (__fini_array_start = .)
 *(SORT_BY_NAME(.fini_array.*))
 *(.fini_array*)
 .fini_array    0x0000000000004d68        0x4 /opt/arm/arm-gnu-toolchain-12.2.rel1-x86_64-arm-none-eabi/bin/../lib/gcc/arm-none-eabi/12.2.1/thumb/v8-m.main+fp/hard/crtbegin.o
                [!provide]                        PROVIDE (__fini_array_end = .)
                0x0000000000004d6c                __etext = .
                0x0000000000004d6c                __DATA_ROM = .

.data           0x0000000020000000        0xc load address 0x0000000000004d6c
                0x0000000020000000                . = ALIGN (0x4)
                0x0000000020000000                __DATA_RAM = .
                0x0000000020000000                __data_start__ = .
 *(.ramfunc*)
 *(.data)
 *(.data*)
 .data.SystemCoreClock
                0x0000000020000000        0x4 CMakeFiles/freertos_hello.elf.dir/project/sdk/devices/LPC5536/system_LPC5536.c.obj
                0x0000000020000000                SystemCoreClock
 .data.uxTopUsedPriority
                0x0000000020000004        0x4 CMakeFiles/freertos_hello.elf.dir/project/sdk/rtos/freertos/freertos-kernel/tasks.c.obj
                0x0000000020000004                uxTopUsedPriority
 .data.ulCriticalNesting
                0x0000000020000008        0x4 CMakeFiles/freertos_hello.elf.dir/project/sdk/rtos/freertos/freertos-kernel/portable/GCC/ARM_CM33_NTZ/non_secure/port.c.obj
 *(.jcr*)
                0x000000002000000c                . = ALIGN (0x4)
                0x000000002000000c                __data_end__ = .
                0x0000000000004d78                __DATA_END = (__DATA_ROM + (__data_end__ - __data_start__))
                0x000000000003d800                text_end = (ORIGIN (m_text) + LENGTH (m_text))
                0x0000000000000001                ASSERT ((__DATA_END <= text_end), region m_text overflowed with text and data)

.tm_clone_table
                0x000000002000000c        0x0 load address 0x0000000000004d78
 .tm_clone_table
                0x000000002000000c        0x0 /opt/arm/arm-gnu-toolchain-12.2.rel1-x86_64-arm-none-eabi/bin/../lib/gcc/arm-none-eabi/12.2.1/thumb/v8-m.main+fp/hard/crtbegin.o
 .tm_clone_table
                0x000000002000000c        0x0 /opt/arm/arm-gnu-toolchain-12.2.rel1-x86_64-arm-none-eabi/bin/../lib/gcc/arm-none-eabi/12.2.1/thumb/v8-m.main+fp/hard/crtend.o

.igot.plt       0x000000002000000c        0x0 load address 0x0000000000004d78
 .igot.plt      0x000000002000000c        0x0 /opt/arm/arm-gnu-toolchain-12.2.rel1-x86_64-arm-none-eabi/bin/../lib/gcc/arm-none-eabi/12.2.1/thumb/v8-m.main+fp/hard/crtbegin.o

.bss            0x000000002000000c     0x2a28 load address 0x0000000000004d78
                0x000000002000000c                . = ALIGN (0x4)
                0x000000002000000c                __START_BSS = .
                0x000000002000000c                __bss_start__ = .
 *(.bss)
 *(.bss*)
 .bss.completed.1
                0x000000002000000c        0x1 /opt/arm/arm-gnu-toolchain-12.2.rel1-x86_64-arm-none-eabi/bin/../lib/gcc/arm-none-eabi/12.2.1/thumb/v8-m.main+fp/hard/crtbegin.o
 *fill*         0x000000002000000d        0x3 
 .bss.object.0  0x0000000020000010       0x18 /opt/arm/arm-gnu-toolchain-12.2.rel1-x86_64-arm-none-eabi/bin/../lib/gcc/arm-none-eabi/12.2.1/thumb/v8-m.main+fp/hard/crtbegin.o
 .bss.s_flexcommIrqHandler
                0x0000000020000028       0x24 CMakeFiles/freertos_hello.elf.dir/project/sdk/devices/LPC5536/drivers/fsl_flexcomm.c.obj
 .bss.s_flexcommHandle
                0x000000002000004c       0x24 CMakeFiles/freertos_hello.elf.dir/project/sdk/devices/LPC5536/drivers/fsl_flexcomm.c.obj
 .bss.xQueueRegistry
                0x0000000020000070       0x40 CMakeFiles/freertos_hello.elf.dir/project/sdk/rtos/freertos/freertos-kernel/queue.c.obj
                0x0000000020000070                xQueueRegistry
 .bss.pxCurrentTCB
                0x00000000200000b0        0x4 CMakeFiles/freertos_hello.elf.dir/project/sdk/rtos/freertos/freertos-kernel/tasks.c.obj
                0x00000000200000b0                pxCurrentTCB
 .bss.pxReadyTasksLists
                0x00000000200000b4       0x64 CMakeFiles/freertos_hello.elf.dir/project/sdk/rtos/freertos/freertos-kernel/tasks.c.obj
 .bss.xDelayedTaskList1
                0x0000000020000118       0x14 CMakeFiles/freertos_hello.elf.dir/project/sdk/rtos/freertos/freertos-kernel/tasks.c.obj
 .bss.xDelayedTaskList2
                0x000000002000012c       0x14 CMakeFiles/freertos_hello.elf.dir/project/sdk/rtos/freertos/freertos-kernel/tasks.c.obj
 .bss.pxDelayedTaskList
                0x0000000020000140        0x4 CMakeFiles/freertos_hello.elf.dir/project/sdk/rtos/freertos/freertos-kernel/tasks.c.obj
 .bss.pxOverflowDelayedTaskList
                0x0000000020000144        0x4 CMakeFiles/freertos_hello.elf.dir/project/sdk/rtos/freertos/freertos-kernel/tasks.c.obj
 .bss.xPendingReadyList
                0x0000000020000148       0x14 CMakeFiles/freertos_hello.elf.dir/project/sdk/rtos/freertos/freertos-kernel/tasks.c.obj
 .bss.xTasksWaitingTermination
                0x000000002000015c       0x14 CMakeFiles/freertos_hello.elf.dir/project/sdk/rtos/freertos/freertos-kernel/tasks.c.obj
 .bss.uxDeletedTasksWaitingCleanUp
                0x0000000020000170        0x4 CMakeFiles/freertos_hello.elf.dir/project/sdk/rtos/freertos/freertos-kernel/tasks.c.obj
 .bss.xSuspendedTaskList
                0x0000000020000174       0x14 CMakeFiles/freertos_hello.elf.dir/project/sdk/rtos/freertos/freertos-kernel/tasks.c.obj
 .bss.uxCurrentNumberOfTasks
                0x0000000020000188        0x4 CMakeFiles/freertos_hello.elf.dir/project/sdk/rtos/freertos/freertos-kernel/tasks.c.obj
 .bss.xTickCount
                0x000000002000018c        0x4 CMakeFiles/freertos_hello.elf.dir/project/sdk/rtos/freertos/freertos-kernel/tasks.c.obj
 .bss.uxTopReadyPriority
                0x0000000020000190        0x4 CMakeFiles/freertos_hello.elf.dir/project/sdk/rtos/freertos/freertos-kernel/tasks.c.obj
 .bss.xSchedulerRunning
                0x0000000020000194        0x4 CMakeFiles/freertos_hello.elf.dir/project/sdk/rtos/freertos/freertos-kernel/tasks.c.obj
 .bss.xPendedTicks
                0x0000000020000198        0x4 CMakeFiles/freertos_hello.elf.dir/project/sdk/rtos/freertos/freertos-kernel/tasks.c.obj
 .bss.xYieldPending
                0x000000002000019c        0x4 CMakeFiles/freertos_hello.elf.dir/project/sdk/rtos/freertos/freertos-kernel/tasks.c.obj
 .bss.xNumOfOverflows
                0x00000000200001a0        0x4 CMakeFiles/freertos_hello.elf.dir/project/sdk/rtos/freertos/freertos-kernel/tasks.c.obj
 .bss.uxTaskNumber
                0x00000000200001a4        0x4 CMakeFiles/freertos_hello.elf.dir/project/sdk/rtos/freertos/freertos-kernel/tasks.c.obj
 .bss.xNextTaskUnblockTime
                0x00000000200001a8        0x4 CMakeFiles/freertos_hello.elf.dir/project/sdk/rtos/freertos/freertos-kernel/tasks.c.obj
 .bss.xIdleTaskHandle
                0x00000000200001ac        0x4 CMakeFiles/freertos_hello.elf.dir/project/sdk/rtos/freertos/freertos-kernel/tasks.c.obj
 .bss.uxSchedulerSuspended
                0x00000000200001b0        0x4 CMakeFiles/freertos_hello.elf.dir/project/sdk/rtos/freertos/freertos-kernel/tasks.c.obj
 .bss.xActiveTimerList1
                0x00000000200001b4       0x14 CMakeFiles/freertos_hello.elf.dir/project/sdk/rtos/freertos/freertos-kernel/timers.c.obj
 .bss.xActiveTimerList2
                0x00000000200001c8       0x14 CMakeFiles/freertos_hello.elf.dir/project/sdk/rtos/freertos/freertos-kernel/timers.c.obj
 .bss.pxCurrentTimerList
                0x00000000200001dc        0x4 CMakeFiles/freertos_hello.elf.dir/project/sdk/rtos/freertos/freertos-kernel/timers.c.obj
 .bss.pxOverflowTimerList
                0x00000000200001e0        0x4 CMakeFiles/freertos_hello.elf.dir/project/sdk/rtos/freertos/freertos-kernel/timers.c.obj
 .bss.xTimerQueue
                0x00000000200001e4        0x4 CMakeFiles/freertos_hello.elf.dir/project/sdk/rtos/freertos/freertos-kernel/timers.c.obj
 .bss.xTimerTaskHandle
                0x00000000200001e8        0x4 CMakeFiles/freertos_hello.elf.dir/project/sdk/rtos/freertos/freertos-kernel/timers.c.obj
 .bss.xLastTime.0
                0x00000000200001ec        0x4 CMakeFiles/freertos_hello.elf.dir/project/sdk/rtos/freertos/freertos-kernel/timers.c.obj
 .bss.ucHeap    0x00000000200001f0     0x2800 CMakeFiles/freertos_hello.elf.dir/project/sdk/rtos/freertos/freertos-kernel/portable/MemMang/heap_4.c.obj
 .bss.xStart    0x00000000200029f0        0x8 CMakeFiles/freertos_hello.elf.dir/project/sdk/rtos/freertos/freertos-kernel/portable/MemMang/heap_4.c.obj
 .bss.pxEnd     0x00000000200029f8        0x4 CMakeFiles/freertos_hello.elf.dir/project/sdk/rtos/freertos/freertos-kernel/portable/MemMang/heap_4.c.obj
 .bss.xFreeBytesRemaining
                0x00000000200029fc        0x4 CMakeFiles/freertos_hello.elf.dir/project/sdk/rtos/freertos/freertos-kernel/portable/MemMang/heap_4.c.obj
 .bss.xMinimumEverFreeBytesRemaining
                0x0000000020002a00        0x4 CMakeFiles/freertos_hello.elf.dir/project/sdk/rtos/freertos/freertos-kernel/portable/MemMang/heap_4.c.obj
 .bss.xNumberOfSuccessfulAllocations
                0x0000000020002a04        0x4 CMakeFiles/freertos_hello.elf.dir/project/sdk/rtos/freertos/freertos-kernel/portable/MemMang/heap_4.c.obj
 .bss.xNumberOfSuccessfulFrees
                0x0000000020002a08        0x4 CMakeFiles/freertos_hello.elf.dir/project/sdk/rtos/freertos/freertos-kernel/portable/MemMang/heap_4.c.obj
 .bss.s_debugConsoleState
                0x0000000020002a0c       0x20 CMakeFiles/freertos_hello.elf.dir/project/sdk/devices/LPC5536/utilities/debug_console/fsl_debug_console.c.obj
 .bss.g_serialHandle
                0x0000000020002a2c        0x4 CMakeFiles/freertos_hello.elf.dir/project/sdk/devices/LPC5536/utilities/debug_console/fsl_debug_console.c.obj
                0x0000000020002a2c                g_serialHandle
 .bss.__stdio_exit_handler
                0x0000000020002a30        0x4 /opt/arm/arm-gnu-toolchain-12.2.rel1-x86_64-arm-none-eabi/bin/../lib/gcc/arm-none-eabi/12.2.1/../../../../arm-none-eabi/lib/thumb/v8-m.main+fp/hard/libc_nano.a(libc_a-findfp.o)
                0x0000000020002a30                __stdio_exit_handler
 *(COMMON)
                0x0000000020002a34                . = ALIGN (0x4)
                0x0000000020002a34                __bss_end__ = .
                0x0000000020002a34                __END_BSS = .

.heap           0x0000000020002a34      0x404 load address 0x00000000000077a0
                0x0000000020002a38                . = ALIGN (0x8)
 *fill*         0x0000000020002a34        0x4 
                0x0000000020002a38                __end__ = .
                0x0000000020002a38                PROVIDE (end = .)
                0x0000000020002a38                __HeapBase = .
                0x0000000020002e38                . = (. + HEAP_SIZE)
 *fill*         0x0000000020002a38      0x400 
                0x0000000020002e38                __HeapLimit = .
                0x0000000020002e38                __heap_limit = .

.stack          0x0000000020002e38      0x800 load address 0x0000000000007ba4
                0x0000000020002e38                . = ALIGN (0x8)
                0x0000000020003638                . = (. + STACK_SIZE)
 *fill*         0x0000000020002e38      0x800 
                0x000000002001c000                __StackTop = (ORIGIN (m_data) + LENGTH (m_data))
                0x000000002001b800                __StackLimit = (__StackTop - STACK_SIZE)
                0x000000002001c000                PROVIDE (__stack = __StackTop)

.ARM.attributes
                0x0000000000000000       0x36
 *(.ARM.attributes)
 .ARM.attributes
                0x0000000000000000       0x26 /opt/arm/arm-gnu-toolchain-12.2.rel1-x86_64-arm-none-eabi/bin/../lib/gcc/arm-none-eabi/12.2.1/thumb/v8-m.main+fp/hard/crti.o
 .ARM.attributes
                0x0000000000000026       0x38 /opt/arm/arm-gnu-toolchain-12.2.rel1-x86_64-arm-none-eabi/bin/../lib/gcc/arm-none-eabi/12.2.1/thumb/v8-m.main+fp/hard/crtbegin.o
 .ARM.attributes
                0x000000000000005e       0x24 /opt/arm/arm-gnu-toolchain-12.2.rel1-x86_64-arm-none-eabi/bin/../lib/gcc/arm-none-eabi/12.2.1/../../../../arm-none-eabi/lib/thumb/v8-m.main+fp/hard/crt0.o
 .ARM.attributes
                0x0000000000000082       0x3a CMakeFiles/freertos_hello.elf.dir/project/src/freertos_hello.c.obj
 .ARM.attributes
                0x00000000000000bc       0x3a CMakeFiles/freertos_hello.elf.dir/project/board/clock_config.c.obj
 .ARM.attributes
                0x00000000000000f6       0x3a CMakeFiles/freertos_hello.elf.dir/project/board/pin_mux.c.obj
 .ARM.attributes
                0x0000000000000130       0x3a CMakeFiles/freertos_hello.elf.dir/project/sdk/components/serial_manager/fsl_component_serial_manager.c.obj
 .ARM.attributes
                0x000000000000016a       0x3a CMakeFiles/freertos_hello.elf.dir/project/sdk/components/serial_manager/fsl_component_serial_port_uart.c.obj
 .ARM.attributes
                0x00000000000001a4       0x3a CMakeFiles/freertos_hello.elf.dir/project/sdk/components/uart/fsl_adapter_usart.c.obj
 .ARM.attributes
                0x00000000000001de       0x24 CMakeFiles/freertos_hello.elf.dir/project/sdk/devices/LPC5536/gcc/startup_LPC5536.S.obj
 .ARM.attributes
                0x0000000000000202       0x3a CMakeFiles/freertos_hello.elf.dir/project/sdk/devices/LPC5536/system_LPC5536.c.obj
 .ARM.attributes
                0x000000000000023c       0x3a CMakeFiles/freertos_hello.elf.dir/project/sdk/devices/LPC5536/drivers/fsl_clock.c.obj
 .ARM.attributes
                0x0000000000000276       0x3a CMakeFiles/freertos_hello.elf.dir/project/sdk/devices/LPC5536/drivers/fsl_flexcomm.c.obj
 .ARM.attributes
                0x00000000000002b0       0x3a CMakeFiles/freertos_hello.elf.dir/project/sdk/devices/LPC5536/drivers/fsl_usart.c.obj
 .ARM.attributes
                0x00000000000002ea       0x3a CMakeFiles/freertos_hello.elf.dir/project/sdk/devices/LPC5536/drivers/fsl_gpio.c.obj
 .ARM.attributes
                0x0000000000000324       0x3a CMakeFiles/freertos_hello.elf.dir/project/sdk/devices/LPC5536/drivers/fsl_power.c.obj
 .ARM.attributes
                0x000000000000035e       0x3a CMakeFiles/freertos_hello.elf.dir/project/sdk/rtos/freertos/freertos-kernel/list.c.obj
 .ARM.attributes
                0x0000000000000398       0x3a CMakeFiles/freertos_hello.elf.dir/project/sdk/rtos/freertos/freertos-kernel/queue.c.obj
 .ARM.attributes
                0x00000000000003d2       0x3a CMakeFiles/freertos_hello.elf.dir/project/sdk/rtos/freertos/freertos-kernel/tasks.c.obj
 .ARM.attributes
                0x000000000000040c       0x3a CMakeFiles/freertos_hello.elf.dir/project/sdk/rtos/freertos/freertos-kernel/timers.c.obj
 .ARM.attributes
                0x0000000000000446       0x3a CMakeFiles/freertos_hello.elf.dir/project/sdk/rtos/freertos/freertos-kernel/portable/GCC/ARM_CM33_NTZ/non_secure/port.c.obj
 .ARM.attributes
                0x0000000000000480       0x3a CMakeFiles/freertos_hello.elf.dir/project/sdk/rtos/freertos/freertos-kernel/portable/GCC/ARM_CM33_NTZ/non_secure/portasm.c.obj
 .ARM.attributes
                0x00000000000004ba       0x3a CMakeFiles/freertos_hello.elf.dir/project/sdk/rtos/freertos/freertos-kernel/portable/MemMang/heap_4.c.obj
 .ARM.attributes
                0x00000000000004f4       0x26 CMakeFiles/freertos_hello.elf.dir/project/sdk/devices/LPC5536/utilities/fsl_memcpy.S.obj
 .ARM.attributes
                0x000000000000051a       0x3a CMakeFiles/freertos_hello.elf.dir/project/sdk/devices/LPC5536/utilities/fsl_assert.c.obj
 .ARM.attributes
                0x0000000000000554       0x3a CMakeFiles/freertos_hello.elf.dir/project/sdk/devices/LPC5536/utilities/str/fsl_str.c.obj
 .ARM.attributes
                0x000000000000058e       0x3a CMakeFiles/freertos_hello.elf.dir/project/sdk/devices/LPC5536/utilities/debug_console/fsl_debug_console.c.obj
 .ARM.attributes
                0x00000000000005c8       0x38 /opt/arm/arm-gnu-toolchain-12.2.rel1-x86_64-arm-none-eabi/bin/../lib/gcc/arm-none-eabi/12.2.1/../../../../arm-none-eabi/lib/thumb/v8-m.main+fp/hard/libc_nano.a(libc_a-exit.o)
 .ARM.attributes
                0x0000000000000600       0x38 /opt/arm/arm-gnu-toolchain-12.2.rel1-x86_64-arm-none-eabi/bin/../lib/gcc/arm-none-eabi/12.2.1/../../../../arm-none-eabi/lib/thumb/v8-m.main+fp/hard/libc_nano.a(libc_a-init.o)
 .ARM.attributes
                0x0000000000000638       0x38 /opt/arm/arm-gnu-toolchain-12.2.rel1-x86_64-arm-none-eabi/bin/../lib/gcc/arm-none-eabi/12.2.1/../../../../arm-none-eabi/lib/thumb/v8-m.main+fp/hard/libc_nano.a(libc_a-findfp.o)
 .ARM.attributes
                0x0000000000000670       0x17 /opt/arm/arm-gnu-toolchain-12.2.rel1-x86_64-arm-none-eabi/bin/../lib/gcc/arm-none-eabi/12.2.1/../../../../arm-none-eabi/lib/thumb/v8-m.main+fp/hard/libc_nano.a(libc_a-strlen.o)
 .ARM.attributes
                0x0000000000000687       0x38 /opt/arm/arm-gnu-toolchain-12.2.rel1-x86_64-arm-none-eabi/bin/../lib/gcc/arm-none-eabi/12.2.1/../../../../arm-none-eabi/lib/thumb/v8-m.main+fp/hard/libc_nano.a(libc_a-memset.o)
 .ARM.attributes
                0x00000000000006bf       0x38 /opt/arm/arm-gnu-toolchain-12.2.rel1-x86_64-arm-none-eabi/bin/../lib/gcc/arm-none-eabi/12.2.1/../../../../arm-none-eabi/lib/thumb/v8-m.main+fp/hard/libcr_newlib_nohost.a(_exit.o)
 .ARM.attributes
                0x00000000000006f7       0x38 /opt/arm/arm-gnu-toolchain-12.2.rel1-x86_64-arm-none-eabi/bin/../lib/gcc/arm-none-eabi/12.2.1/thumb/v8-m.main+fp/hard/crtend.o
 .ARM.attributes
                0x000000000000072f       0x26 /opt/arm/arm-gnu-toolchain-12.2.rel1-x86_64-arm-none-eabi/bin/../lib/gcc/arm-none-eabi/12.2.1/thumb/v8-m.main+fp/hard/crtn.o
                0x0000000000000001                ASSERT ((__StackLimit >= __HeapLimit), region m_data overflowed with stack and heap)
OUTPUT(debug/freertos_hello.elf elf32-littlearm)
LOAD linker stubs

.debug_line_str
                0x0000000000000000      0x23f
 .debug_line_str
                0x0000000000000000       0xe0 /opt/arm/arm-gnu-toolchain-12.2.rel1-x86_64-arm-none-eabi/bin/../lib/gcc/arm-none-eabi/12.2.1/../../../../arm-none-eabi/lib/thumb/v8-m.main+fp/hard/crt0.o
 .debug_line_str
                0x00000000000000e0       0x43 CMakeFiles/freertos_hello.elf.dir/project/sdk/devices/LPC5536/gcc/startup_LPC5536.S.obj
 .debug_line_str
                0x0000000000000123       0x34 CMakeFiles/freertos_hello.elf.dir/project/sdk/devices/LPC5536/utilities/fsl_memcpy.S.obj
                                         0x44 (size before relaxing)
 .debug_line_str
                0x0000000000000157       0xe8 /opt/arm/arm-gnu-toolchain-12.2.rel1-x86_64-arm-none-eabi/bin/../lib/gcc/arm-none-eabi/12.2.1/../../../../arm-none-eabi/lib/thumb/v8-m.main+fp/hard/libc_nano.a(libc_a-strlen.o)

.debug_info     0x0000000000000000    0x19127
 .debug_info    0x0000000000000000      0xce0 CMakeFiles/freertos_hello.elf.dir/project/src/freertos_hello.c.obj
 .debug_info    0x0000000000000ce0      0xde2 CMakeFiles/freertos_hello.elf.dir/project/board/clock_config.c.obj
 .debug_info    0x0000000000001ac2     0x146e CMakeFiles/freertos_hello.elf.dir/project/board/pin_mux.c.obj
 .debug_info    0x0000000000002f30      0xda9 CMakeFiles/freertos_hello.elf.dir/project/sdk/components/serial_manager/fsl_component_serial_manager.c.obj
 .debug_info    0x0000000000003cd9      0x51b CMakeFiles/freertos_hello.elf.dir/project/sdk/components/serial_manager/fsl_component_serial_port_uart.c.obj
 .debug_info    0x00000000000041f4      0xe46 CMakeFiles/freertos_hello.elf.dir/project/sdk/components/uart/fsl_adapter_usart.c.obj
 .debug_info    0x000000000000503a      0x9ff CMakeFiles/freertos_hello.elf.dir/project/sdk/devices/LPC5536/gcc/startup_LPC5536.S.obj
 .debug_info    0x0000000000005a39     0x11bc CMakeFiles/freertos_hello.elf.dir/project/sdk/devices/LPC5536/system_LPC5536.c.obj
 .debug_info    0x0000000000006bf5     0x3b1c CMakeFiles/freertos_hello.elf.dir/project/sdk/devices/LPC5536/drivers/fsl_clock.c.obj
 .debug_info    0x000000000000a711     0x1ff4 CMakeFiles/freertos_hello.elf.dir/project/sdk/devices/LPC5536/drivers/fsl_flexcomm.c.obj
 .debug_info    0x000000000000c705     0x1d5a CMakeFiles/freertos_hello.elf.dir/project/sdk/devices/LPC5536/drivers/fsl_usart.c.obj
 .debug_info    0x000000000000e45f     0x1b2b CMakeFiles/freertos_hello.elf.dir/project/sdk/devices/LPC5536/drivers/fsl_gpio.c.obj
 .debug_info    0x000000000000ff8a     0x2d4c CMakeFiles/freertos_hello.elf.dir/project/sdk/devices/LPC5536/drivers/fsl_power.c.obj
 .debug_info    0x0000000000012cd6      0x298 CMakeFiles/freertos_hello.elf.dir/project/sdk/rtos/freertos/freertos-kernel/list.c.obj
 .debug_info    0x0000000000012f6e     0x1279 CMakeFiles/freertos_hello.elf.dir/project/sdk/rtos/freertos/freertos-kernel/queue.c.obj
 .debug_info    0x00000000000141e7     0x1e20 CMakeFiles/freertos_hello.elf.dir/project/sdk/rtos/freertos/freertos-kernel/tasks.c.obj
 .debug_info    0x0000000000016007      0xe1f CMakeFiles/freertos_hello.elf.dir/project/sdk/rtos/freertos/freertos-kernel/timers.c.obj
 .debug_info    0x0000000000016e26      0x2db CMakeFiles/freertos_hello.elf.dir/project/sdk/rtos/freertos/freertos-kernel/portable/GCC/ARM_CM33_NTZ/non_secure/port.c.obj
 .debug_info    0x0000000000017101      0x137 CMakeFiles/freertos_hello.elf.dir/project/sdk/rtos/freertos/freertos-kernel/portable/GCC/ARM_CM33_NTZ/non_secure/portasm.c.obj
 .debug_info    0x0000000000017238      0x483 CMakeFiles/freertos_hello.elf.dir/project/sdk/rtos/freertos/freertos-kernel/portable/MemMang/heap_4.c.obj
 .debug_info    0x00000000000176bb       0x25 CMakeFiles/freertos_hello.elf.dir/project/sdk/devices/LPC5536/utilities/fsl_memcpy.S.obj
 .debug_info    0x00000000000176e0       0xe4 CMakeFiles/freertos_hello.elf.dir/project/sdk/devices/LPC5536/utilities/fsl_assert.c.obj
 .debug_info    0x00000000000177c4      0xaf5 CMakeFiles/freertos_hello.elf.dir/project/sdk/devices/LPC5536/utilities/str/fsl_str.c.obj
 .debug_info    0x00000000000182b9      0xe0c CMakeFiles/freertos_hello.elf.dir/project/sdk/devices/LPC5536/utilities/debug_console/fsl_debug_console.c.obj
 .debug_info    0x00000000000190c5       0x62 /opt/arm/arm-gnu-toolchain-12.2.rel1-x86_64-arm-none-eabi/bin/../lib/gcc/arm-none-eabi/12.2.1/../../../../arm-none-eabi/lib/thumb/v8-m.main+fp/hard/libcr_newlib_nohost.a(_exit.o)

.debug_abbrev   0x0000000000000000     0x318c
 .debug_abbrev  0x0000000000000000      0x1fb CMakeFiles/freertos_hello.elf.dir/project/src/freertos_hello.c.obj
 .debug_abbrev  0x00000000000001fb      0x189 CMakeFiles/freertos_hello.elf.dir/project/board/clock_config.c.obj
 .debug_abbrev  0x0000000000000384      0x1ef CMakeFiles/freertos_hello.elf.dir/project/board/pin_mux.c.obj
 .debug_abbrev  0x0000000000000573      0x2c2 CMakeFiles/freertos_hello.elf.dir/project/sdk/components/serial_manager/fsl_component_serial_manager.c.obj
 .debug_abbrev  0x0000000000000835      0x194 CMakeFiles/freertos_hello.elf.dir/project/sdk/components/serial_manager/fsl_component_serial_port_uart.c.obj
 .debug_abbrev  0x00000000000009c9      0x25e CMakeFiles/freertos_hello.elf.dir/project/sdk/components/uart/fsl_adapter_usart.c.obj
 .debug_abbrev  0x0000000000000c27       0x1f CMakeFiles/freertos_hello.elf.dir/project/sdk/devices/LPC5536/gcc/startup_LPC5536.S.obj
 .debug_abbrev  0x0000000000000c46      0x136 CMakeFiles/freertos_hello.elf.dir/project/sdk/devices/LPC5536/system_LPC5536.c.obj
 .debug_abbrev  0x0000000000000d7c      0x3a6 CMakeFiles/freertos_hello.elf.dir/project/sdk/devices/LPC5536/drivers/fsl_clock.c.obj
 .debug_abbrev  0x0000000000001122      0x2f5 CMakeFiles/freertos_hello.elf.dir/project/sdk/devices/LPC5536/drivers/fsl_flexcomm.c.obj
 .debug_abbrev  0x0000000000001417      0x380 CMakeFiles/freertos_hello.elf.dir/project/sdk/devices/LPC5536/drivers/fsl_usart.c.obj
 .debug_abbrev  0x0000000000001797      0x246 CMakeFiles/freertos_hello.elf.dir/project/sdk/devices/LPC5536/drivers/fsl_gpio.c.obj
 .debug_abbrev  0x00000000000019dd      0x384 CMakeFiles/freertos_hello.elf.dir/project/sdk/devices/LPC5536/drivers/fsl_power.c.obj
 .debug_abbrev  0x0000000000001d61       0xf3 CMakeFiles/freertos_hello.elf.dir/project/sdk/rtos/freertos/freertos-kernel/list.c.obj
 .debug_abbrev  0x0000000000001e54      0x2c7 CMakeFiles/freertos_hello.elf.dir/project/sdk/rtos/freertos/freertos-kernel/queue.c.obj
 .debug_abbrev  0x000000000000211b      0x354 CMakeFiles/freertos_hello.elf.dir/project/sdk/rtos/freertos/freertos-kernel/tasks.c.obj
 .debug_abbrev  0x000000000000246f      0x2c5 CMakeFiles/freertos_hello.elf.dir/project/sdk/rtos/freertos/freertos-kernel/timers.c.obj
 .debug_abbrev  0x0000000000002734      0x1ba CMakeFiles/freertos_hello.elf.dir/project/sdk/rtos/freertos/freertos-kernel/portable/GCC/ARM_CM33_NTZ/non_secure/port.c.obj
 .debug_abbrev  0x00000000000028ee       0xb5 CMakeFiles/freertos_hello.elf.dir/project/sdk/rtos/freertos/freertos-kernel/portable/GCC/ARM_CM33_NTZ/non_secure/portasm.c.obj
 .debug_abbrev  0x00000000000029a3      0x206 CMakeFiles/freertos_hello.elf.dir/project/sdk/rtos/freertos/freertos-kernel/portable/MemMang/heap_4.c.obj
 .debug_abbrev  0x0000000000002ba9       0x14 CMakeFiles/freertos_hello.elf.dir/project/sdk/devices/LPC5536/utilities/fsl_memcpy.S.obj
 .debug_abbrev  0x0000000000002bbd       0x8c CMakeFiles/freertos_hello.elf.dir/project/sdk/devices/LPC5536/utilities/fsl_assert.c.obj
 .debug_abbrev  0x0000000000002c49      0x26f CMakeFiles/freertos_hello.elf.dir/project/sdk/devices/LPC5536/utilities/str/fsl_str.c.obj
 .debug_abbrev  0x0000000000002eb8      0x277 CMakeFiles/freertos_hello.elf.dir/project/sdk/devices/LPC5536/utilities/debug_console/fsl_debug_console.c.obj
 .debug_abbrev  0x000000000000312f       0x5d /opt/arm/arm-gnu-toolchain-12.2.rel1-x86_64-arm-none-eabi/bin/../lib/gcc/arm-none-eabi/12.2.1/../../../../arm-none-eabi/lib/thumb/v8-m.main+fp/hard/libcr_newlib_nohost.a(_exit.o)

.debug_aranges  0x0000000000000000      0xee0
 .debug_aranges
                0x0000000000000000       0x30 CMakeFiles/freertos_hello.elf.dir/project/src/freertos_hello.c.obj
 .debug_aranges
                0x0000000000000030       0x30 CMakeFiles/freertos_hello.elf.dir/project/board/clock_config.c.obj
 .debug_aranges
                0x0000000000000060       0x30 CMakeFiles/freertos_hello.elf.dir/project/board/pin_mux.c.obj
 .debug_aranges
                0x0000000000000090       0xa0 CMakeFiles/freertos_hello.elf.dir/project/sdk/components/serial_manager/fsl_component_serial_manager.c.obj
 .debug_aranges
                0x0000000000000130       0x48 CMakeFiles/freertos_hello.elf.dir/project/sdk/components/serial_manager/fsl_component_serial_port_uart.c.obj
 .debug_aranges
                0x0000000000000178       0x58 CMakeFiles/freertos_hello.elf.dir/project/sdk/components/uart/fsl_adapter_usart.c.obj
 .debug_aranges
                0x00000000000001d0       0x20 CMakeFiles/freertos_hello.elf.dir/project/sdk/devices/LPC5536/gcc/startup_LPC5536.S.obj
 .debug_aranges
                0x00000000000001f0       0x30 CMakeFiles/freertos_hello.elf.dir/project/sdk/devices/LPC5536/system_LPC5536.c.obj
 .debug_aranges
                0x0000000000000220      0x270 CMakeFiles/freertos_hello.elf.dir/project/sdk/devices/LPC5536/drivers/fsl_clock.c.obj
 .debug_aranges
                0x0000000000000490       0x90 CMakeFiles/freertos_hello.elf.dir/project/sdk/devices/LPC5536/drivers/fsl_flexcomm.c.obj
 .debug_aranges
                0x0000000000000520      0x108 CMakeFiles/freertos_hello.elf.dir/project/sdk/devices/LPC5536/drivers/fsl_usart.c.obj
 .debug_aranges
                0x0000000000000628       0x38 CMakeFiles/freertos_hello.elf.dir/project/sdk/devices/LPC5536/drivers/fsl_gpio.c.obj
 .debug_aranges
                0x0000000000000660      0x118 CMakeFiles/freertos_hello.elf.dir/project/sdk/devices/LPC5536/drivers/fsl_power.c.obj
 .debug_aranges
                0x0000000000000778       0x40 CMakeFiles/freertos_hello.elf.dir/project/sdk/rtos/freertos/freertos-kernel/list.c.obj
 .debug_aranges
                0x00000000000007b8      0x130 CMakeFiles/freertos_hello.elf.dir/project/sdk/rtos/freertos/freertos-kernel/queue.c.obj
 .debug_aranges
                0x00000000000008e8      0x208 CMakeFiles/freertos_hello.elf.dir/project/sdk/rtos/freertos/freertos-kernel/tasks.c.obj
 .debug_aranges
                0x0000000000000af0       0xf8 CMakeFiles/freertos_hello.elf.dir/project/sdk/rtos/freertos/freertos-kernel/timers.c.obj
 .debug_aranges
                0x0000000000000be8       0x78 CMakeFiles/freertos_hello.elf.dir/project/sdk/rtos/freertos/freertos-kernel/portable/GCC/ARM_CM33_NTZ/non_secure/port.c.obj
 .debug_aranges
                0x0000000000000c60       0x60 CMakeFiles/freertos_hello.elf.dir/project/sdk/rtos/freertos/freertos-kernel/portable/GCC/ARM_CM33_NTZ/non_secure/portasm.c.obj
 .debug_aranges
                0x0000000000000cc0       0x60 CMakeFiles/freertos_hello.elf.dir/project/sdk/rtos/freertos/freertos-kernel/portable/MemMang/heap_4.c.obj
 .debug_aranges
                0x0000000000000d20       0x20 CMakeFiles/freertos_hello.elf.dir/project/sdk/devices/LPC5536/utilities/fsl_memcpy.S.obj
 .debug_aranges
                0x0000000000000d40       0x20 CMakeFiles/freertos_hello.elf.dir/project/sdk/devices/LPC5536/utilities/fsl_assert.c.obj
 .debug_aranges
                0x0000000000000d60       0xb8 CMakeFiles/freertos_hello.elf.dir/project/sdk/devices/LPC5536/utilities/str/fsl_str.c.obj
 .debug_aranges
                0x0000000000000e18       0xa8 CMakeFiles/freertos_hello.elf.dir/project/sdk/devices/LPC5536/utilities/debug_console/fsl_debug_console.c.obj
 .debug_aranges
                0x0000000000000ec0       0x20 /opt/arm/arm-gnu-toolchain-12.2.rel1-x86_64-arm-none-eabi/bin/../lib/gcc/arm-none-eabi/12.2.1/../../../../arm-none-eabi/lib/thumb/v8-m.main+fp/hard/libcr_newlib_nohost.a(_exit.o)

.debug_rnglists
                0x0000000000000000      0xb35
 .debug_rnglists
                0x0000000000000000       0x1f CMakeFiles/freertos_hello.elf.dir/project/src/freertos_hello.c.obj
 .debug_rnglists
                0x000000000000001f       0x1f CMakeFiles/freertos_hello.elf.dir/project/board/clock_config.c.obj
 .debug_rnglists
                0x000000000000003e       0x20 CMakeFiles/freertos_hello.elf.dir/project/board/pin_mux.c.obj
 .debug_rnglists
                0x000000000000005e       0x73 CMakeFiles/freertos_hello.elf.dir/project/sdk/components/serial_manager/fsl_component_serial_manager.c.obj
 .debug_rnglists
                0x00000000000000d1       0x31 CMakeFiles/freertos_hello.elf.dir/project/sdk/components/serial_manager/fsl_component_serial_port_uart.c.obj
 .debug_rnglists
                0x0000000000000102       0x40 CMakeFiles/freertos_hello.elf.dir/project/sdk/components/uart/fsl_adapter_usart.c.obj
 .debug_rnglists