Archive member included to satisfy reference by file (symbol)

/opt/arm/arm-gnu-toolchain-12.2.rel1-x86_64-arm-none-eabi/bin/../lib/gcc/arm-none-eabi/12.2.1/thumb/v8-m.main+fp/hard/libgcc.a(_aeabi_ldivmod.o)
                              CMakeFiles/freertos_hello.elf.dir/project/sdk/devices/LPC5536/drivers/fsl_clock.c.obj (__aeabi_ldivmod)
/opt/arm/arm-gnu-toolchain-12.2.rel1-x86_64-arm-none-eabi/bin/../lib/gcc/arm-none-eabi/12.2.1/thumb/v8-m.main+fp/hard/libgcc.a(_aeabi_uldivmod.o)
                              CMakeFiles/freertos_hello.elf.dir/project/sdk/devices/LPC5536/drivers/fsl_clock.c.obj (__aeabi_uldivmod)
/opt/arm/arm-gnu-toolchain-12.2.rel1-x86_64-arm-none-eabi/bin/../lib/gcc/arm-none-eabi/12.2.1/thumb/v8-m.main+fp/hard/libgcc.a(_fixunssfdi.o)
                              CMakeFiles/freertos_hello.elf.dir/project/sdk/devices/LPC5536/drivers/fsl_clock.c.obj (__aeabi_f2ulz)
/opt/arm/arm-gnu-toolchain-12.2.rel1-x86_64-arm-none-eabi/bin/../lib/gcc/arm-none-eabi/12.2.1/thumb/v8-m.main+fp/hard/libgcc.a(_udivmoddi4.o)
                              /opt/arm/arm-gnu-toolchain-12.2.rel1-x86_64-arm-none-eabi/bin/../lib/gcc/arm-none-eabi/12.2.1/thumb/v8-m.main+fp/hard/libgcc.a(_aeabi_ldivmod.o) (__udivmoddi4)
/opt/arm/arm-gnu-toolchain-12.2.rel1-x86_64-arm-none-eabi/bin/../lib/gcc/arm-none-eabi/12.2.1/thumb/v8-m.main+fp/hard/libgcc.a(_arm_muldf3.o)
                              /opt/arm/arm-gnu-toolchain-12.2.rel1-x86_64-arm-none-eabi/bin/../lib/gcc/arm-none-eabi/12.2.1/thumb/v8-m.main+fp/hard/libgcc.a(_fixunssfdi.o) (__aeabi_dmul)
/opt/arm/arm-gnu-toolchain-12.2.rel1-x86_64-arm-none-eabi/bin/../lib/gcc/arm-none-eabi/12.2.1/thumb/v8-m.main+fp/hard/libgcc.a(_dvmd_tls.o)
                              /opt/arm/arm-gnu-toolchain-12.2.rel1-x86_64-arm-none-eabi/bin/../lib/gcc/arm-none-eabi/12.2.1/thumb/v8-m.main+fp/hard/libgcc.a(_aeabi_ldivmod.o) (__aeabi_ldiv0)
/opt/arm/arm-gnu-toolchain-12.2.rel1-x86_64-arm-none-eabi/bin/../lib/gcc/arm-none-eabi/12.2.1/thumb/v8-m.main+fp/hard/libgcc.a(_arm_addsubdf3.o)
                              /opt/arm/arm-gnu-toolchain-12.2.rel1-x86_64-arm-none-eabi/bin/../lib/gcc/arm-none-eabi/12.2.1/thumb/v8-m.main+fp/hard/libgcc.a(_fixunssfdi.o) (__aeabi_dsub)
/opt/arm/arm-gnu-toolchain-12.2.rel1-x86_64-arm-none-eabi/bin/../lib/gcc/arm-none-eabi/12.2.1/thumb/v8-m.main+fp/hard/libgcc.a(_arm_fixunsdfsi.o)
                              /opt/arm/arm-gnu-toolchain-12.2.rel1-x86_64-arm-none-eabi/bin/../lib/gcc/arm-none-eabi/12.2.1/thumb/v8-m.main+fp/hard/libgcc.a(_fixunssfdi.o) (__aeabi_d2uiz)
/opt/arm/arm-gnu-toolchain-12.2.rel1-x86_64-arm-none-eabi/bin/../lib/gcc/arm-none-eabi/12.2.1/../../../../arm-none-eabi/lib/thumb/v8-m.main+fp/hard/libc_nano.a(libc_a-exit.o)
                              /opt/arm/arm-gnu-toolchain-12.2.rel1-x86_64-arm-none-eabi/bin/../lib/gcc/arm-none-eabi/12.2.1/../../../../arm-none-eabi/lib/thumb/v8-m.main+fp/hard/crt0.o (exit)
/opt/arm/arm-gnu-toolchain-12.2.rel1-x86_64-arm-none-eabi/bin/../lib/gcc/arm-none-eabi/12.2.1/../../../../arm-none-eabi/lib/thumb/v8-m.main+fp/hard/libc_nano.a(libc_a-strtoul.o)
                              CMakeFiles/freertos_hello.elf.dir/project/sdk/devices/LPC5536/utilities/str/fsl_str.c.obj (strtoul)
/opt/arm/arm-gnu-toolchain-12.2.rel1-x86_64-arm-none-eabi/bin/../lib/gcc/arm-none-eabi/12.2.1/../../../../arm-none-eabi/lib/thumb/v8-m.main+fp/hard/libc_nano.a(libc_a-init.o)
                              /opt/arm/arm-gnu-toolchain-12.2.rel1-x86_64-arm-none-eabi/bin/../lib/gcc/arm-none-eabi/12.2.1/../../../../arm-none-eabi/lib/thumb/v8-m.main+fp/hard/crt0.o (__libc_init_array)
/opt/arm/arm-gnu-toolchain-12.2.rel1-x86_64-arm-none-eabi/bin/../lib/gcc/arm-none-eabi/12.2.1/../../../../arm-none-eabi/lib/thumb/v8-m.main+fp/hard/libc_nano.a(libc_a-impure.o)
                              /opt/arm/arm-gnu-toolchain-12.2.rel1-x86_64-arm-none-eabi/bin/../lib/gcc/arm-none-eabi/12.2.1/../../../../arm-none-eabi/lib/thumb/v8-m.main+fp/hard/libc_nano.a(libc_a-strtoul.o) (_impure_ptr)
/opt/arm/arm-gnu-toolchain-12.2.rel1-x86_64-arm-none-eabi/bin/../lib/gcc/arm-none-eabi/12.2.1/../../../../arm-none-eabi/lib/thumb/v8-m.main+fp/hard/libc_nano.a(libc_a-malloc.o)
                              CMakeFiles/freertos_hello.elf.dir/project/sdk/devices/LPC5536/drivers/fsl_common.c.obj (malloc)
/opt/arm/arm-gnu-toolchain-12.2.rel1-x86_64-arm-none-eabi/bin/../lib/gcc/arm-none-eabi/12.2.1/../../../../arm-none-eabi/lib/thumb/v8-m.main+fp/hard/libc_nano.a(libc_a-mallocr.o)
                              /opt/arm/arm-gnu-toolchain-12.2.rel1-x86_64-arm-none-eabi/bin/../lib/gcc/arm-none-eabi/12.2.1/../../../../arm-none-eabi/lib/thumb/v8-m.main+fp/hard/libc_nano.a(libc_a-malloc.o) (_malloc_r)
/opt/arm/arm-gnu-toolchain-12.2.rel1-x86_64-arm-none-eabi/bin/../lib/gcc/arm-none-eabi/12.2.1/../../../../arm-none-eabi/lib/thumb/v8-m.main+fp/hard/libc_nano.a(libc_a-findfp.o)
[...]
Memory Configuration

Name             Origin             Length             Attributes
m_interrupts     0x0000000000000000 0x0000000000000400 xr
m_text           0x0000000000000400 0x0000000000010000 xr
m_data           0x0000000020000000 0x000000000001c000 rw
m_sramx          0x0000000004000000 0x0000000000004000 rw
*default*        0x0000000000000000 0xffffffffffffffff

Linker script and memory map

LOAD /opt/arm/arm-gnu-toolchain-12.2.rel1-x86_64-arm-none-eabi/bin/../lib/gcc/arm-none-eabi/12.2.1/thumb/v8-m.main+fp/hard/crti.o
LOAD /opt/arm/arm-gnu-toolchain-12.2.rel1-x86_64-arm-none-eabi/bin/../lib/gcc/arm-none-eabi/12.2.1/thumb/v8-m.main+fp/hard/crtbegin.o
LOAD /opt/arm/arm-gnu-toolchain-12.2.rel1-x86_64-arm-none-eabi/bin/../lib/gcc/arm-none-eabi/12.2.1/../../../../arm-none-eabi/lib/thumb/v8-m.main+fp/hard/crt0.o
LOAD CMakeFiles/freertos_hello.elf.dir/project/src/freertos_hello.c.obj
LOAD CMakeFiles/freertos_hello.elf.dir/project/src/versionInfo.c.obj
LOAD CMakeFiles/freertos_hello.elf.dir/project/board/clock_config.c.obj
LOAD CMakeFiles/freertos_hello.elf.dir/project/board/pin_mux.c.obj
LOAD CMakeFiles/freertos_hello.elf.dir/project/board/peripherals.c.obj
LOAD CMakeFiles/freertos_hello.elf.dir/project/sdk/components/lists/fsl_component_generic_list.c.obj
LOAD CMakeFiles/freertos_hello.elf.dir/project/sdk/components/serial_manager/fsl_component_serial_manager.c.obj
LOAD CMakeFiles/freertos_hello.elf.dir/project/sdk/components/serial_manager/fsl_component_serial_port_uart.c.obj
LOAD CMakeFiles/freertos_hello.elf.dir/project/sdk/components/uart/fsl_adapter_usart.c.obj
LOAD CMakeFiles/freertos_hello.elf.dir/project/sdk/devices/LPC5536/gcc/startup_LPC5536.S.obj
LOAD CMakeFiles/freertos_hello.elf.dir/project/sdk/devices/LPC5536/system_LPC5536.c.obj
LOAD CMakeFiles/freertos_hello.elf.dir/project/sdk/devices/LPC5536/drivers/fsl_clock.c.obj
LOAD CMakeFiles/freertos_hello.elf.dir/project/sdk/devices/LPC5536/drivers/fsl_common.c.obj
LOAD CMakeFiles/freertos_hello.elf.dir/project/sdk/devices/LPC5536/drivers/fsl_common_arm.c.obj
LOAD CMakeFiles/freertos_hello.elf.dir/project/sdk/devices/LPC5536/drivers/fsl_flexcomm.c.obj
LOAD CMakeFiles/freertos_hello.elf.dir/project/sdk/devices/LPC5536/drivers/fsl_usart.c.obj
LOAD CMakeFiles/freertos_hello.elf.dir/project/sdk/devices/LPC5536/drivers/fsl_gpio.c.obj
LOAD CMakeFiles/freertos_hello.elf.dir/project/sdk/devices/LPC5536/drivers/fsl_power.c.obj
LOAD CMakeFiles/freertos_hello.elf.dir/project/sdk/devices/LPC5536/drivers/fsl_reset.c.obj
LOAD CMakeFiles/freertos_hello.elf.dir/project/sdk/rtos/freertos/freertos-kernel/croutine.c.obj
LOAD CMakeFiles/freertos_hello.elf.dir/project/sdk/rtos/freertos/freertos-kernel/event_groups.c.obj
LOAD CMakeFiles/freertos_hello.elf.dir/project/sdk/rtos/freertos/freertos-kernel/list.c.obj
LOAD CMakeFiles/freertos_hello.elf.dir/project/sdk/rtos/freertos/freertos-kernel/queue.c.obj
LOAD CMakeFiles/freertos_hello.elf.dir/project/sdk/rtos/freertos/freertos-kernel/stream_buffer.c.obj
LOAD CMakeFiles/freertos_hello.elf.dir/project/sdk/rtos/freertos/freertos-kernel/tasks.c.obj
LOAD CMakeFiles/freertos_hello.elf.dir/project/sdk/rtos/freertos/freertos-kernel/timers.c.obj
LOAD CMakeFiles/freertos_hello.elf.dir/project/sdk/rtos/freertos/freertos-kernel/portable/GCC/ARM_CM33_NTZ/non_secure/port.c.obj
LOAD CMakeFiles/freertos_hello.elf.dir/project/sdk/rtos/freertos/freertos-kernel/portable/GCC/ARM_CM33_NTZ/non_secure/portasm.c.obj
LOAD CMakeFiles/freertos_hello.elf.dir/project/sdk/rtos/freertos/freertos-kernel/portable/MemMang/heap_4.c.obj
LOAD CMakeFiles/freertos_hello.elf.dir/project/sdk/devices/LPC5536/utilities/fsl_sbrk.c.obj
LOAD CMakeFiles/freertos_hello.elf.dir/project/sdk/devices/LPC5536/utilities/fsl_syscall_stub.c.obj
LOAD CMakeFiles/freertos_hello.elf.dir/project/sdk/devices/LPC5536/utilities/fsl_memcpy.S.obj
LOAD CMakeFiles/freertos_hello.elf.dir/project/sdk/devices/LPC5536/utilities/fsl_assert.c.obj
LOAD CMakeFiles/freertos_hello.elf.dir/project/sdk/devices/LPC5536/utilities/str/fsl_str.c.obj
LOAD CMakeFiles/freertos_hello.elf.dir/project/sdk/devices/LPC5536/utilities/debug_console/fsl_debug_console.c.obj
START GROUP
LOAD /opt/arm/arm-gnu-toolchain-12.2.rel1-x86_64-arm-none-eabi/bin/../lib/gcc/arm-none-eabi/12.2.1/thumb/v8-m.main+fp/hard/libgcc.a
LOAD /opt/arm/arm-gnu-toolchain-12.2.rel1-x86_64-arm-none-eabi/bin/../lib/gcc/arm-none-eabi/12.2.1/../../../../arm-none-eabi/lib/thumb/v8-m.main+fp/hard/libc_nano.a
LOAD /opt/arm/arm-gnu-toolchain-12.2.rel1-x86_64-arm-none-eabi/bin/../lib/gcc/arm-none-eabi/12.2.1/../../../../arm-none-eabi/lib/thumb/v8-m.main+fp/hard/libm.a
LOAD /opt/arm/arm-gnu-toolchain-12.2.rel1-x86_64-arm-none-eabi/bin/../lib/gcc/arm-none-eabi/12.2.1/../../../../arm-none-eabi/lib/thumb/v8-m.main+fp/hard/libcr_newlib_nohost.a
END GROUP
START GROUP
LOAD /opt/arm/arm-gnu-toolchain-12.2.rel1-x86_64-arm-none-eabi/bin/../lib/gcc/arm-none-eabi/12.2.1/thumb/v8-m.main+fp/hard/libgcc.a
LOAD /opt/arm/arm-gnu-toolchain-12.2.rel1-x86_64-arm-none-eabi/bin/../lib/gcc/arm-none-eabi/12.2.1/../../../../arm-none-eabi/lib/thumb/v8-m.main+fp/hard/libc_nano.a
END GROUP
START GROUP
LOAD /opt/arm/arm-gnu-toolchain-12.2.rel1-x86_64-arm-none-eabi/bin/../lib/gcc/arm-none-eabi/12.2.1/thumb/v8-m.main+fp/hard/libgcc.a
LOAD /opt/arm/arm-gnu-toolchain-12.2.rel1-x86_64-arm-none-eabi/bin/../lib/gcc/arm-none-eabi/12.2.1/../../../../arm-none-eabi/lib/thumb/v8-m.main+fp/hard/libc_nano.a
LOAD /opt/arm/arm-gnu-toolchain-12.2.rel1-x86_64-arm-none-eabi/bin/../lib/gcc/arm-none-eabi/12.2.1/../../../../arm-none-eabi/lib/thumb/v8-m.main+fp/hard/libnosys.a
END GROUP
START GROUP
LOAD /opt/arm/arm-gnu-toolchain-12.2.rel1-x86_64-arm-none-eabi/bin/../lib/gcc/arm-none-eabi/12.2.1/thumb/v8-m.main+fp/hard/libgcc.a
LOAD /opt/arm/arm-gnu-toolchain-12.2.rel1-x86_64-arm-none-eabi/bin/../lib/gcc/arm-none-eabi/12.2.1/../../../../arm-none-eabi/lib/thumb/v8-m.main+fp/hard/libc_nano.a
LOAD /opt/arm/arm-gnu-toolchain-12.2.rel1-x86_64-arm-none-eabi/bin/../lib/gcc/arm-none-eabi/12.2.1/../../../../arm-none-eabi/lib/thumb/v8-m.main+fp/hard/libnosys.a
END GROUP
LOAD /opt/arm/arm-gnu-toolchain-12.2.rel1-x86_64-arm-none-eabi/bin/../lib/gcc/arm-none-eabi/12.2.1/thumb/v8-m.main+fp/hard/crtend.o
LOAD /opt/arm/arm-gnu-toolchain-12.2.rel1-x86_64-arm-none-eabi/bin/../lib/gcc/arm-none-eabi/12.2.1/thumb/v8-m.main+fp/hard/crtn.o
Address of section .text set to 0x0
                0x0000000000000400                HEAP_SIZE = DEFINED (__heap_size__)?__heap_size__:0x400
                0x0000000000000800                STACK_SIZE = DEFINED (__stack_size__)?__stack_size__:0x800
                0x0000000000000000                RETENTION_RAMSIZE = DEFINED (__pkc__)?0x4000:DEFINED (__power_down__)?0x604:0x0
                0x0000000000000000                POWERQUAD_RAMSIZE = DEFINED (__powerquad__)?0x4000:0x0
                0x0000000000010000                TEXT_SIZE = DEFINED (__qspi_xip__)?0x7fff000:0x10000

.interrupts     0x0000000000000000      0x220
                0x0000000000000000                . = ALIGN (0x4)
 *(.isr_vector)
 .isr_vector    0x0000000000000000      0x220 CMakeFiles/freertos_hello.elf.dir/project/sdk/devices/LPC5536/gcc/startup_LPC5536.S.obj
                0x0000000000000000                __Vectors
                0x0000000000000220                . = ALIGN (0x4)

.text           0x0000000000000000     0x3014
                0x0000000000000000                . = ALIGN (0x4)
 *(.text)
 .text          0x0000000000000000       0x7c /opt/arm/arm-gnu-toolchain-12.2.rel1-x86_64-arm-none-eabi/bin/../lib/gcc/arm-none-eabi/12.2.1/../../../../arm-none-eabi/lib/thumb/v8-m.main+fp/hard/crt0.o
                0x0000000000000000                _stack_init
                0x0000000000000008                _mainCRTStartup
                0x0000000000000008                _start
 .text          0x000000000000007c      0x47c CMakeFiles/freertos_hello.elf.dir/project/sdk/devices/LPC5536/gcc/startup_LPC5536.S.obj
                0x000000000000007c                Reset_Handler
                0x000000000000010c                Reserved87_DriverIRQHandler
                0x000000000000010c                HSCMP1_DriverIRQHandler
                0x000000000000010c                DebugMon_Handler
                0x000000000000010c                FLEXPWM1_COMPARE2_DriverIRQHandler
                0x000000000000010c                I3C0_DriverIRQHandler
                0x000000000000010c                PKC_ERR_DriverIRQHandler
                0x000000000000010c                DMA0_DriverIRQHandler
                0x000000000000010c                ENC0_IDX_DriverIRQHandler
                0x000000000000010c                FLEXPWM0_RELOAD_ERROR_DriverIRQHandler
                0x000000000000010c                Reserved133_DriverIRQHandler
                0x000000000000010c                RAM_PARITY_ECC_ERR_DriverIRQHandler
                0x000000000000010c                SEC_VIO_DriverIRQHandler
                0x000000000000010c                PKC_DriverIRQHandler
                0x000000000000010c                CAN0_IRQ0_DriverIRQHandler
                0x000000000000010c                Reserved64_DriverIRQHandler
                0x000000000000010c                PIN_INT3_DriverIRQHandler
                0x000000000000010c                PIN_INT2_DriverIRQHandler
                0x000000000000010c                ELS_DriverIRQHandler
                0x000000000000010c                FLEXPWM1_COMPARE0_DriverIRQHandler
                0x000000000000010c                Reserved56_DriverIRQHandler
                0x000000000000010c                PIN_INT0_DriverIRQHandler
                0x000000000000010c                FLEXPWM0_RELOAD3_DriverIRQHandler
                0x000000000000010c                Reserved63_DriverIRQHandler
                0x000000000000010c                DAC1_DriverIRQHandler
                0x000000000000010c                CTIMER2_DriverIRQHandler
                0x000000000000010c                UsageFault_Handler
                0x000000000000010c                Freqme_DriverIRQHandler
                0x000000000000010c                FLEXPWM1_RELOAD2_DriverIRQHandler
                0x000000000000010c                Reserved80_DriverIRQHandler
                0x000000000000010c                DefaultISR
                0x000000000000010c                USB0_DriverIRQHandler
                0x000000000000010c                ENC0_WDG_DriverIRQHandler
                0x000000000000010c                ELS_ERR_DriverIRQHandler
                0x000000000000010c                DAC0_DriverIRQHandler
                0x000000000000010c                MRT0_DriverIRQHandler
                0x000000000000010c                UTICK0_DriverIRQHandler
                0x000000000000010c                PIN_INT4_DriverIRQHandler
                0x000000000000010c                PIN_INT5_DriverIRQHandler
                0x000000000000010c                FLEXPWM0_RELOAD0_DriverIRQHandler
                0x000000000000010c                SEC_GPIO_INT0_IRQ0_DriverIRQHandler
                0x000000000000010c                Reserved84_DriverIRQHandler
                0x000000000000010c                CTIMER4_DriverIRQHandler
                0x000000000000010c                GINT1_DriverIRQHandler
                0x000000000000010c                FLEXPWM0_FAULT_DriverIRQHandler
                0x000000000000010c                FLEXPWM0_RELOAD2_DriverIRQHandler
                0x000000000000010c                PIN_INT7_DriverIRQHandler
                0x000000000000010c                EZH_ARCH_B0_DriverIRQHandler
                0x000000000000010c                CAN0_IRQ1_DriverIRQHandler
                0x000000000000010c                POWERQUAD_DriverIRQHandler
                0x000000000000010c                USB0_NEEDCLK_DriverIRQHandler
                0x000000000000010c                FLASH_DriverIRQHandler
                0x000000000000010c                FLEXPWM0_COMPARE1_DriverIRQHandler
                0x000000000000010c                FLEXPWM1_FAULT_DriverIRQHandler
                0x000000000000010c                CTIMER0_DriverIRQHandler
                0x000000000000010c                Reserved79_DriverIRQHandler
                0x000000000000010c                CTIMER1_DriverIRQHandler
                0x000000000000010c                SecureFault_Handler
                0x000000000000010c                ADC1_DriverIRQHandler
                0x000000000000010c                ENC0_HOME_DriverIRQHandler
                0x000000000000010c                PIN_INT6_DriverIRQHandler
                0x000000000000010c                FlexSPI0_DriverIRQHandler
                0x000000000000010c                PIN_INT1_DriverIRQHandler
                0x000000000000010c                CTIMER3_DriverIRQHandler
                0x000000000000010c                Reserved89_DriverIRQHandler
                0x000000000000010c                HWVAD0_DriverIRQHandler
                0x000000000000010c                Reserved130_DriverIRQHandler
                0x000000000000010c                FLEXPWM0_CAPTURE_DriverIRQHandler
                0x000000000000010c                Reserved83_DriverIRQHandler
                0x000000000000010c                FLEXPWM0_COMPARE2_DriverIRQHandler
                0x000000000000010c                Reserved72_DriverIRQHandler
                0x000000000000010c                Tamper_DriverIRQHandler
                0x000000000000010c                Reserved61_DriverIRQHandler
                0x000000000000010c                SEC_GPIO_INT0_IRQ1_DriverIRQHandler
                0x000000000000010c                WAKEUP_DriverIRQHandler
                0x000000000000010c                RTC_DriverIRQHandler
                0x000000000000010c                FLEXPWM0_RELOAD1_DriverIRQHandler
                0x000000000000010c                FLEXPWM1_COMPARE1_DriverIRQHandler
                0x000000000000010c                HSCMP2_DriverIRQHandler
                0x000000000000010c                Reserved126_DriverIRQHandler
                0x000000000000010c                Reserved62_DriverIRQHandler
                0x000000000000010c                MemManage_Handler
                0x000000000000010c                CDOG_DriverIRQHandler
                0x000000000000010c                FLEXPWM1_RELOAD_ERROR_DriverIRQHandler
                0x000000000000010c                ENC1_WDG_DriverIRQHandler
                0x000000000000010c                FLEXPWM1_COMPARE3_DriverIRQHandler
                0x000000000000010c                DMA1_DriverIRQHandler
                0x000000000000010c                DMIC_DriverIRQHandler
                0x000000000000010c                FLEXPWM1_CAPTURE_DriverIRQHandler
                0x000000000000010c                FLEXPWM1_RELOAD3_DriverIRQHandler
                0x000000000000010c                FLEXPWM0_COMPARE3_DriverIRQHandler
                0x000000000000010c                Reserved77_DriverIRQHandler
                0x000000000000010c                Reserved131_DriverIRQHandler
                0x000000000000010c                ENC1_HOME_DriverIRQHandler
                0x000000000000010c                FLEXPWM1_RELOAD0_DriverIRQHandler
                0x000000000000010c                Reserved127_DriverIRQHandler
                0x000000000000010c                Reserved85_DriverIRQHandler
                0x000000000000010c                ENC1_IDX_DriverIRQHandler
                0x000000000000010c                Reserved88_DriverIRQHandler
                0x000000000000010c                ADC0_DriverIRQHandler
                0x000000000000010c                FLEXPWM1_RELOAD1_DriverIRQHandler
                0x000000000000010c                DAC2_DriverIRQHandler
                0x000000000000010c                HSCMP0_DriverIRQHandler
                0x000000000000010c                GINT0_DriverIRQHandler
                0x000000000000010c                FLEXPWM0_COMPARE0_DriverIRQHandler
                0x000000000000010c                Reserved132_DriverIRQHandler
                0x000000000000010c                ENC0_COMPARE_DriverIRQHandler
                0x000000000000010c                ACMP_DriverIRQHandler
                0x000000000000010c                Reserved58_DriverIRQHandler
                0x000000000000010c                Reserved57_DriverIRQHandler
                0x000000000000010c                BusFault_Handler
                0x000000000000010c                Reserved86_DriverIRQHandler
                0x000000000000010c                SCT0_DriverIRQHandler
                0x000000000000010c                WDT_BOD_DriverIRQHandler
                0x000000000000010c                ENC1_COMPARE_DriverIRQHandler
                0x000000000000010c                ELS_IRQ1_DriverIRQHandler
                0x000000000000010c                OS_EVENT_DriverIRQHandler
                0x000000000000010c                SEC_HYPERVISOR_CALL_DriverIRQHandler
                0x0000000000000110                NMI_Handler
                0x0000000000000114                HardFault_Handler
                0x0000000000000124                WDT_BOD_IRQHandler
                0x0000000000000128                DMA0_IRQHandler
                0x000000000000012c                GINT0_IRQHandler
                0x0000000000000130                GINT1_IRQHandler
                0x0000000000000134                PIN_INT0_IRQHandler
                0x0000000000000138                PIN_INT1_IRQHandler
                0x000000000000013c                PIN_INT2_IRQHandler
                0x0000000000000140                PIN_INT3_IRQHandler
                0x0000000000000144                UTICK0_IRQHandler
                0x0000000000000148                MRT0_IRQHandler
                0x000000000000014c                CTIMER0_IRQHandler
                0x0000000000000150                CTIMER1_IRQHandler
                0x0000000000000154                SCT0_IRQHandler
                0x0000000000000158                CTIMER3_IRQHandler
                0x000000000000015c                FLEXCOMM0_IRQHandler
                0x0000000000000160                FLEXCOMM1_IRQHandler
                0x0000000000000164                FLEXCOMM2_IRQHandler
                0x0000000000000168                FLEXCOMM3_IRQHandler
                0x000000000000016c                FLEXCOMM4_IRQHandler
                0x0000000000000170                FLEXCOMM5_IRQHandler
                0x0000000000000174                FLEXCOMM6_IRQHandler
                0x0000000000000178                FLEXCOMM7_IRQHandler
                0x000000000000017c                ADC0_IRQHandler
                0x0000000000000180                ADC1_IRQHandler
                0x0000000000000184                ACMP_IRQHandler
                0x0000000000000188                DMIC_IRQHandler
                0x000000000000018c                HWVAD0_IRQHandler
                0x0000000000000190                USB0_NEEDCLK_IRQHandler
                0x0000000000000194                USB0_IRQHandler
                0x0000000000000198                RTC_IRQHandler
                0x000000000000019c                EZH_ARCH_B0_IRQHandler
                0x00000000000001a0                WAKEUP_IRQHandler
                0x00000000000001a4                PIN_INT4_IRQHandler
                0x00000000000001a8                PIN_INT5_IRQHandler
                0x00000000000001ac                PIN_INT6_IRQHandler
                0x00000000000001b0                PIN_INT7_IRQHandler
                0x00000000000001b4                CTIMER2_IRQHandler
                0x00000000000001b8                CTIMER4_IRQHandler
                0x00000000000001bc                OS_EVENT_IRQHandler
                0x00000000000001c0                FlexSPI0_IRQHandler
                0x00000000000001c4                Reserved56_IRQHandler
                0x00000000000001c8                Reserved57_IRQHandler
                0x00000000000001cc                Reserved58_IRQHandler
                0x00000000000001d0                CAN0_IRQ0_IRQHandler
                0x00000000000001d4                CAN0_IRQ1_IRQHandler
                0x00000000000001d8                Reserved61_IRQHandler
                0x00000000000001dc                Reserved62_IRQHandler
                0x00000000000001e0                Reserved63_IRQHandler
                0x00000000000001e4                Reserved64_IRQHandler
                0x00000000000001e8                SEC_HYPERVISOR_CALL_IRQHandler
                0x00000000000001ec                SEC_GPIO_INT0_IRQ0_IRQHandler
                0x00000000000001f0                SEC_GPIO_INT0_IRQ1_IRQHandler
                0x00000000000001f4                Freqme_IRQHandler
                0x00000000000001f8                SEC_VIO_IRQHandler
                0x00000000000001fc                ELS_IRQHandler
                0x0000000000000200                PKC_IRQHandler
                0x0000000000000204                Reserved72_IRQHandler
                0x0000000000000208                POWERQUAD_IRQHandler
                0x000000000000020c                DMA1_IRQHandler
                0x0000000000000210                FLEXCOMM8_IRQHandler
                0x0000000000000214                CDOG_IRQHandler
                0x0000000000000218                Reserved77_IRQHandler
                0x000000000000021c                I3C0_IRQHandler
                0x0000000000000220                Reserved79_IRQHandler
                0x0000000000000224                Reserved80_IRQHandler
                0x0000000000000228                ELS_IRQ1_IRQHandler
                0x000000000000022c                Tamper_IRQHandler
                0x0000000000000230                Reserved83_IRQHandler
                0x0000000000000234                Reserved84_IRQHandler
                0x0000000000000238                Reserved85_IRQHandler
                0x000000000000023c                Reserved86_IRQHandler
                0x0000000000000240                Reserved87_IRQHandler
                0x0000000000000244                Reserved88_IRQHandler
                0x0000000000000248                Reserved89_IRQHandler
                0x000000000000024c                DAC0_IRQHandler
                0x0000000000000250                DAC1_IRQHandler
                0x0000000000000254                DAC2_IRQHandler
                0x0000000000000258                HSCMP0_IRQHandler
                0x000000000000025c                HSCMP1_IRQHandler
                0x0000000000000260                HSCMP2_IRQHandler
                0x0000000000000264                FLEXPWM0_CAPTURE_IRQHandler
                0x0000000000000268                FLEXPWM0_FAULT_IRQHandler
                0x000000000000026c                FLEXPWM0_RELOAD_ERROR_IRQHandler
                0x0000000000000270                FLEXPWM0_COMPARE0_IRQHandler
                0x0000000000000274                FLEXPWM0_RELOAD0_IRQHandler
                0x0000000000000278                FLEXPWM0_COMPARE1_IRQHandler
                0x000000000000027c                FLEXPWM0_RELOAD1_IRQHandler
                0x0000000000000280                FLEXPWM0_COMPARE2_IRQHandler
                0x0000000000000284                FLEXPWM0_RELOAD2_IRQHandler
                0x0000000000000288                FLEXPWM0_COMPARE3_IRQHandler
                0x000000000000028c                FLEXPWM0_RELOAD3_IRQHandler
                0x0000000000000290                FLEXPWM1_CAPTURE_IRQHandler
                0x0000000000000294                FLEXPWM1_FAULT_IRQHandler
                0x0000000000000298                FLEXPWM1_RELOAD_ERROR_IRQHandler
                0x000000000000029c                FLEXPWM1_COMPARE0_IRQHandler
                0x00000000000002a0                FLEXPWM1_RELOAD0_IRQHandler
                0x00000000000002a4                FLEXPWM1_COMPARE1_IRQHandler
                0x00000000000002a8                FLEXPWM1_RELOAD1_IRQHandler
                0x00000000000002ac                FLEXPWM1_COMPARE2_IRQHandler
                0x00000000000002b0                FLEXPWM1_RELOAD2_IRQHandler
                0x00000000000002b4                FLEXPWM1_COMPARE3_IRQHandler
                0x00000000000002b8                FLEXPWM1_RELOAD3_IRQHandler
                0x00000000000002bc                ENC0_COMPARE_IRQHandler
                0x00000000000002c0                ENC0_HOME_IRQHandler
                0x00000000000002c4                ENC0_WDG_IRQHandler
                0x00000000000002c8                ENC0_IDX_IRQHandler
                0x00000000000002cc                ENC1_COMPARE_IRQHandler
                0x00000000000002d0                ENC1_HOME_IRQHandler
                0x00000000000002d4                ENC1_WDG_IRQHandler
                0x00000000000002d8                ENC1_IDX_IRQHandler
                0x00000000000002dc                Reserved126_IRQHandler
                0x00000000000002e0                Reserved127_IRQHandler
                0x00000000000002e4                ELS_ERR_IRQHandler
                0x00000000000002e8                PKC_ERR_IRQHandler
                0x00000000000002ec                Reserved130_IRQHandler
                0x00000000000002f0                Reserved131_IRQHandler
                0x00000000000002f4                Reserved132_IRQHandler
                0x00000000000002f8                Reserved133_IRQHandler
                0x00000000000002fc                FLASH_IRQHandler
                0x0000000000000300                RAM_PARITY_ECC_ERR_IRQHandler
 .text          0x00000000000004f8       0xa0 CMakeFiles/freertos_hello.elf.dir/project/sdk/devices/LPC5536/utilities/fsl_memcpy.S.obj
                0x00000000000004f8                memcpy
 .text          0x0000000000000598       0x10 /opt/arm/arm-gnu-toolchain-12.2.rel1-x86_64-arm-none-eabi/bin/../lib/gcc/arm-none-eabi/12.2.1/../../../../arm-none-eabi/lib/thumb/v8-m.main+fp/hard/libc_nano.a(libc_a-strlen.o)
                0x0000000000000598                strlen
 *(.BLHeader)
 .BLHeader      0x00000000000005a8       0x18 CMakeFiles/freertos_hello.elf.dir/project/src/versionInfo.c.obj
                0x00000000000005a8                blHeader
 *(.text*)
 .text.deregister_tm_clones
                0x00000000000005c0       0x1c /opt/arm/arm-gnu-toolchain-12.2.rel1-x86_64-arm-none-eabi/bin/../lib/gcc/arm-none-eabi/12.2.1/thumb/v8-m.main+fp/hard/crtbegin.o
 .text.register_tm_clones
                0x00000000000005dc       0x28 /opt/arm/arm-gnu-toolchain-12.2.rel1-x86_64-arm-none-eabi/bin/../lib/gcc/arm-none-eabi/12.2.1/thumb/v8-m.main+fp/hard/crtbegin.o
 .text.__do_global_dtors_aux
                0x0000000000000604       0x28 /opt/arm/arm-gnu-toolchain-12.2.rel1-x86_64-arm-none-eabi/bin/../lib/gcc/arm-none-eabi/12.2.1/thumb/v8-m.main+fp/hard/crtbegin.o
 .text.frame_dummy
                0x000000000000062c       0x24 /opt/arm/arm-gnu-toolchain-12.2.rel1-x86_64-arm-none-eabi/bin/../lib/gcc/arm-none-eabi/12.2.1/thumb/v8-m.main+fp/hard/crtbegin.o
 .text.hello_task
                0x0000000000000650       0x24 CMakeFiles/freertos_hello.elf.dir/project/src/freertos_hello.c.obj
 .text.startup.main
                0x0000000000000674       0x5c CMakeFiles/freertos_hello.elf.dir/project/src/freertos_hello.c.obj
                0x0000000000000674                main
 .text.BOARD_InitBootClocks
                0x00000000000006d0       0x50 CMakeFiles/freertos_hello.elf.dir/project/board/clock_config.c.obj
                0x00000000000006d0                BOARD_InitBootClocks
 .text.BOARD_InitBootPins
                0x0000000000000720       0x74 CMakeFiles/freertos_hello.elf.dir/project/board/pin_mux.c.obj
                0x0000000000000720                BOARD_InitBootPins
 .text.SerialManager_WriteBlocking
                0x0000000000000794       0x14 CMakeFiles/freertos_hello.elf.dir/project/sdk/components/serial_manager/fsl_component_serial_manager.c.obj
                0x0000000000000794                SerialManager_WriteBlocking
 .text.Serial_UartWrite
                0x00000000000007a8        0x4 CMakeFiles/freertos_hello.elf.dir/project/sdk/components/serial_manager/fsl_component_serial_port_uart.c.obj
                0x00000000000007a8                Serial_UartWrite
 .text.HAL_UartSendBlocking
                0x00000000000007ac       0x18 CMakeFiles/freertos_hello.elf.dir/project/sdk/components/uart/fsl_adapter_usart.c.obj
                0x00000000000007ac                HAL_UartSendBlocking
 .text.SystemInitHook
                0x00000000000007c4        0x4 CMakeFiles/freertos_hello.elf.dir/project/sdk/devices/LPC5536/system_LPC5536.c.obj
                0x00000000000007c4                SystemInitHook
 .text.SystemInit
                0x00000000000007c8       0x5c CMakeFiles/freertos_hello.elf.dir/project/sdk/devices/LPC5536/system_LPC5536.c.obj
                0x00000000000007c8                SystemInit
 .text.CLOCK_AttachClk
                0x0000000000000824       0xb8 CMakeFiles/freertos_hello.elf.dir/project/sdk/devices/LPC5536/drivers/fsl_clock.c.obj
                0x0000000000000824                CLOCK_AttachClk
 .text.CLOCK_SetClkDiv
                0x00000000000008dc       0x50 CMakeFiles/freertos_hello.elf.dir/project/sdk/devices/LPC5536/drivers/fsl_clock.c.obj
                0x00000000000008dc                CLOCK_SetClkDiv
 .text.CLOCK_SetupFROClocking
                0x000000000000092c       0xa8 CMakeFiles/freertos_hello.elf.dir/project/sdk/devices/LPC5536/drivers/fsl_clock.c.obj
                0x000000000000092c                CLOCK_SetupFROClocking
 .text.CLOCK_SetFLASHAccessCyclesForFreq
                0x00000000000009d4      0x12c CMakeFiles/freertos_hello.elf.dir/project/sdk/devices/LPC5536/drivers/fsl_clock.c.obj
                0x00000000000009d4                CLOCK_SetFLASHAccessCyclesForFreq
 .text.FLEXCOMM0_DriverIRQHandler
                0x0000000000000b00       0x18 CMakeFiles/freertos_hello.elf.dir/project/sdk/devices/LPC5536/drivers/fsl_flexcomm.c.obj
                0x0000000000000b00                FLEXCOMM0_DriverIRQHandler
 .text.FLEXCOMM1_DriverIRQHandler
                0x0000000000000b18       0x18 CMakeFiles/freertos_hello.elf.dir/project/sdk/devices/LPC5536/drivers/fsl_flexcomm.c.obj
                0x0000000000000b18                FLEXCOMM1_DriverIRQHandler
 .text.FLEXCOMM2_DriverIRQHandler
                0x0000000000000b30       0x18 CMakeFiles/freertos_hello.elf.dir/project/sdk/devices/LPC5536/drivers/fsl_flexcomm.c.obj
                0x0000000000000b30                FLEXCOMM2_DriverIRQHandler
 .text.FLEXCOMM3_DriverIRQHandler
                0x0000000000000b48       0x18 CMakeFiles/freertos_hello.elf.dir/project/sdk/devices/LPC5536/drivers/fsl_flexcomm.c.obj
                0x0000000000000b48                FLEXCOMM3_DriverIRQHandler
 .text.FLEXCOMM4_DriverIRQHandler
                0x0000000000000b60       0x18 CMakeFiles/freertos_hello.elf.dir/project/sdk/devices/LPC5536/drivers/fsl_flexcomm.c.obj
                0x0000000000000b60                FLEXCOMM4_DriverIRQHandler
 .text.FLEXCOMM5_DriverIRQHandler
                0x0000000000000b78       0x18 CMakeFiles/freertos_hello.elf.dir/project/sdk/devices/LPC5536/drivers/fsl_flexcomm.c.obj
                0x0000000000000b78                FLEXCOMM5_DriverIRQHandler
 .text.FLEXCOMM6_DriverIRQHandler
                0x0000000000000b90       0x18 CMakeFiles/freertos_hello.elf.dir/project/sdk/devices/LPC5536/drivers/fsl_flexcomm.c.obj
                0x0000000000000b90                FLEXCOMM6_DriverIRQHandler
 .text.FLEXCOMM7_DriverIRQHandler
                0x0000000000000ba8       0x18 CMakeFiles/freertos_hello.elf.dir/project/sdk/devices/LPC5536/drivers/fsl_flexcomm.c.obj
                0x0000000000000ba8                FLEXCOMM7_DriverIRQHandler
 .text.FLEXCOMM8_DriverIRQHandler
                0x0000000000000bc0       0x18 CMakeFiles/freertos_hello.elf.dir/project/sdk/devices/LPC5536/drivers/fsl_flexcomm.c.obj
                0x0000000000000bc0                FLEXCOMM8_DriverIRQHandler
 .text.USART_WriteBlocking
                0x0000000000000bd8       0x34 CMakeFiles/freertos_hello.elf.dir/project/sdk/devices/LPC5536/drivers/fsl_usart.c.obj
                0x0000000000000bd8                USART_WriteBlocking
 .text.POWER_SetSystemVoltage
                0x0000000000000c0c      0x110 CMakeFiles/freertos_hello.elf.dir/project/sdk/devices/LPC5536/drivers/fsl_power.c.obj
 .text.POWER_PowerInit
                0x0000000000000d1c       0x70 CMakeFiles/freertos_hello.elf.dir/project/sdk/devices/LPC5536/drivers/fsl_power.c.obj
                0x0000000000000d1c                POWER_PowerInit
 .text.POWER_SetVoltageForFreq
                0x0000000000000d8c      0x340 CMakeFiles/freertos_hello.elf.dir/project/sdk/devices/LPC5536/drivers/fsl_power.c.obj
                0x0000000000000d8c                POWER_SetVoltageForFreq
 .text.vListInitialise
                0x00000000000010cc       0x18 CMakeFiles/freertos_hello.elf.dir/project/sdk/rtos/freertos/freertos-kernel/list.c.obj
                0x00000000000010cc                vListInitialise
 .text.vListInitialiseItem
                0x00000000000010e4        0x8 CMakeFiles/freertos_hello.elf.dir/project/sdk/rtos/freertos/freertos-kernel/list.c.obj
                0x00000000000010e4                vListInitialiseItem
 .text.vListInsert
                0x00000000000010ec       0x30 CMakeFiles/freertos_hello.elf.dir/project/sdk/rtos/freertos/freertos-kernel/list.c.obj
                0x00000000000010ec                vListInsert
 .text.uxListRemove
                0x000000000000111c       0x28 CMakeFiles/freertos_hello.elf.dir/project/sdk/rtos/freertos/freertos-kernel/list.c.obj
                0x000000000000111c                uxListRemove
 .text.xQueueGenericCreate
                0x0000000000001144       0x84 CMakeFiles/freertos_hello.elf.dir/project/sdk/rtos/freertos/freertos-kernel/queue.c.obj
                0x0000000000001144                xQueueGenericCreate
 .text.xQueueReceive
                0x00000000000011c8      0x2c8 CMakeFiles/freertos_hello.elf.dir/project/sdk/rtos/freertos/freertos-kernel/queue.c.obj
                0x00000000000011c8                xQueueReceive
 .text.vQueueAddToRegistry
                0x0000000000001490      0x124 CMakeFiles/freertos_hello.elf.dir/project/sdk/rtos/freertos/freertos-kernel/queue.c.obj
                0x0000000000001490                vQueueAddToRegistry
 .text.vQueueWaitForMessageRestricted
                0x00000000000015b4       0xc8 CMakeFiles/freertos_hello.elf.dir/project/sdk/rtos/freertos/freertos-kernel/queue.c.obj
                0x00000000000015b4                vQueueWaitForMessageRestricted
 .text.prvIdleTask
                0x000000000000167c       0x5c CMakeFiles/freertos_hello.elf.dir/project/sdk/rtos/freertos/freertos-kernel/tasks.c.obj
 .text.xTaskIncrementTick.part.0
                0x00000000000016d8      0x160 CMakeFiles/freertos_hello.elf.dir/project/sdk/rtos/freertos/freertos-kernel/tasks.c.obj
 .text.xTaskResumeAll.part.0
                0x0000000000001838      0x17c CMakeFiles/freertos_hello.elf.dir/project/sdk/rtos/freertos/freertos-kernel/tasks.c.obj
 .text.xTaskCreate
                0x00000000000019b4      0x1d8 CMakeFiles/freertos_hello.elf.dir/project/sdk/rtos/freertos/freertos-kernel/tasks.c.obj
                0x00000000000019b4                xTaskCreate
 .text.vTaskDelay
                0x0000000000001b8c       0x8c CMakeFiles/freertos_hello.elf.dir/project/sdk/rtos/freertos/freertos-kernel/tasks.c.obj
                0x0000000000001b8c                vTaskDelay
 .text.vTaskStartScheduler
                0x0000000000001c18      0x200 CMakeFiles/freertos_hello.elf.dir/project/sdk/rtos/freertos/freertos-kernel/tasks.c.obj
                0x0000000000001c18                vTaskStartScheduler
 .text.vTaskSuspendAll
                0x0000000000001e18       0x10 CMakeFiles/freertos_hello.elf.dir/project/sdk/rtos/freertos/freertos-kernel/tasks.c.obj
                0x0000000000001e18                vTaskSuspendAll
 .text.xTaskResumeAll
                0x0000000000001e28       0x1c CMakeFiles/freertos_hello.elf.dir/project/sdk/rtos/freertos/freertos-kernel/tasks.c.obj
                0x0000000000001e28                xTaskResumeAll
 .text.xTaskGetTickCount
                0x0000000000001e44        0xc CMakeFiles/freertos_hello.elf.dir/project/sdk/rtos/freertos/freertos-kernel/tasks.c.obj
                0x0000000000001e44                xTaskGetTickCount
 .text.xTaskIncrementTick
                0x0000000000001e50       0x20 CMakeFiles/freertos_hello.elf.dir/project/sdk/rtos/freertos/freertos-kernel/tasks.c.obj
                0x0000000000001e50                xTaskIncrementTick
 .text.vTaskSwitchContext
                0x0000000000001e70       0xc8 CMakeFiles/freertos_hello.elf.dir/project/sdk/rtos/freertos/freertos-kernel/tasks.c.obj
                0x0000000000001e70                vTaskSwitchContext
 .text.vTaskPlaceOnEventList
                0x0000000000001f38       0x98 CMakeFiles/freertos_hello.elf.dir/project/sdk/rtos/freertos/freertos-kernel/tasks.c.obj
                0x0000000000001f38                vTaskPlaceOnEventList
 .text.vTaskPlaceOnEventListRestricted
                0x0000000000001fd0       0xcc CMakeFiles/freertos_hello.elf.dir/project/sdk/rtos/freertos/freertos-kernel/tasks.c.obj
                0x0000000000001fd0                vTaskPlaceOnEventListRestricted
 .text.xTaskRemoveFromEventList
                0x000000000000209c       0xd4 CMakeFiles/freertos_hello.elf.dir/project/sdk/rtos/freertos/freertos-kernel/tasks.c.obj
                0x000000000000209c                xTaskRemoveFromEventList
 .text.vTaskInternalSetTimeOutState
                0x0000000000002170       0x18 CMakeFiles/freertos_hello.elf.dir/project/sdk/rtos/freertos/freertos-kernel/tasks.c.obj
                0x0000000000002170                vTaskInternalSetTimeOutState
 .text.xTaskCheckForTimeOut
                0x0000000000002188       0x70 CMakeFiles/freertos_hello.elf.dir/project/sdk/rtos/freertos/freertos-kernel/tasks.c.obj
                0x0000000000002188                xTaskCheckForTimeOut
 .text.vTaskMissedYield
                0x00000000000021f8        0xc CMakeFiles/freertos_hello.elf.dir/project/sdk/rtos/freertos/freertos-kernel/tasks.c.obj
                0x00000000000021f8                vTaskMissedYield
 .text.xTaskGetSchedulerState
                0x0000000000002204       0x20 CMakeFiles/freertos_hello.elf.dir/project/sdk/rtos/freertos/freertos-kernel/tasks.c.obj
                0x0000000000002204                xTaskGetSchedulerState
 .text.prvTimerTask
                0x0000000000002224      0x340 CMakeFiles/freertos_hello.elf.dir/project/sdk/rtos/freertos/freertos-kernel/timers.c.obj
 .text.xTimerCreateTimerTask
                0x0000000000002564       0x8c CMakeFiles/freertos_hello.elf.dir/project/sdk/rtos/freertos/freertos-kernel/timers.c.obj
                0x0000000000002564                xTimerCreateTimerTask
 .text.prvTaskExitError
                0x00000000000025f0       0x2c CMakeFiles/freertos_hello.elf.dir/project/sdk/rtos/freertos/freertos-kernel/portable/GCC/ARM_CM33_NTZ/non_secure/port.c.obj
 .text.vPortSetupTimerInterrupt
                0x000000000000261c       0x30 CMakeFiles/freertos_hello.elf.dir/project/sdk/rtos/freertos/freertos-kernel/portable/GCC/ARM_CM33_NTZ/non_secure/port.c.obj
                0x000000000000261c                vPortSetupTimerInterrupt
 .text.vPortYield
                0x000000000000264c       0x18 CMakeFiles/freertos_hello.elf.dir/project/sdk/rtos/freertos/freertos-kernel/portable/GCC/ARM_CM33_NTZ/non_secure/port.c.obj
                0x000000000000264c                vPortYield
 .text.vPortEnterCritical
                0x0000000000002664       0x1c CMakeFiles/freertos_hello.elf.dir/project/sdk/rtos/freertos/freertos-kernel/portable/GCC/ARM_CM33_NTZ/non_secure/port.c.obj
                0x0000000000002664                vPortEnterCritical
 .text.vPortExitCritical
                0x0000000000002680       0x28 CMakeFiles/freertos_hello.elf.dir/project/sdk/rtos/freertos/freertos-kernel/portable/GCC/ARM_CM33_NTZ/non_secure/port.c.obj
                0x0000000000002680                vPortExitCritical
 .text.SysTick_Handler
                0x00000000000026a8       0x24 CMakeFiles/freertos_hello.elf.dir/project/sdk/rtos/freertos/freertos-kernel/portable/GCC/ARM_CM33_NTZ/non_secure/port.c.obj
                0x00000000000026a8                SysTick_Handler
 .text.vPortSVCHandler_C
                0x00000000000026cc       0x38 CMakeFiles/freertos_hello.elf.dir/project/sdk/rtos/freertos/freertos-kernel/portable/GCC/ARM_CM33_NTZ/non_secure/port.c.obj
                0x00000000000026cc                vPortSVCHandler_C
 .text.pxPortInitialiseStack
                0x0000000000002704       0x78 CMakeFiles/freertos_hello.elf.dir/project/sdk/rtos/freertos/freertos-kernel/portable/GCC/ARM_CM33_NTZ/non_secure/port.c.obj
                0x0000000000002704                pxPortInitialiseStack
 .text.xPortStartScheduler
                0x000000000000277c       0x54 CMakeFiles/freertos_hello.elf.dir/project/sdk/rtos/freertos/freertos-kernel/portable/GCC/ARM_CM33_NTZ/non_secure/port.c.obj
                0x000000000000277c                xPortStartScheduler
 .text.vRestoreContextOfFirstTask
                0x00000000000027d0       0x34 CMakeFiles/freertos_hello.elf.dir/project/sdk/rtos/freertos/freertos-kernel/portable/GCC/ARM_CM33_NTZ/non_secure/portasm.c.obj
                0x00000000000027d0                vRestoreContextOfFirstTask
 *fill*         0x0000000000002804        0xc 
 .text.vStartFirstTask
                0x0000000000002810       0x24 CMakeFiles/freertos_hello.elf.dir/project/sdk/rtos/freertos/freertos-kernel/portable/GCC/ARM_CM33_NTZ/non_secure/portasm.c.obj
                0x0000000000002810                vStartFirstTask
 .text.ulSetInterruptMask
                0x0000000000002834       0x18 CMakeFiles/freertos_hello.elf.dir/project/sdk/rtos/freertos/freertos-kernel/portable/GCC/ARM_CM33_NTZ/non_secure/portasm.c.obj
                0x0000000000002834                ulSetInterruptMask
 .text.vClearInterruptMask
                0x000000000000284c       0x10 CMakeFiles/freertos_hello.elf.dir/project/sdk/rtos/freertos/freertos-kernel/portable/GCC/ARM_CM33_NTZ/non_secure/portasm.c.obj
                0x000000000000284c                vClearInterruptMask
 *fill*         0x000000000000285c        0x4 
 .text.PendSV_Handler
                0x0000000000002860       0x64 CMakeFiles/freertos_hello.elf.dir/project/sdk/rtos/freertos/freertos-kernel/portable/GCC/ARM_CM33_NTZ/non_secure/portasm.c.obj
                0x0000000000002860                PendSV_Handler
 *fill*         0x00000000000028c4        0xc 
 .text.SVC_Handler
                0x00000000000028d0       0x24 CMakeFiles/freertos_hello.elf.dir/project/sdk/rtos/freertos/freertos-kernel/portable/GCC/ARM_CM33_NTZ/non_secure/portasm.c.obj
                0x00000000000028d0                SVC_Handler
 .text.pvPortMalloc
                0x00000000000028f4      0x14c CMakeFiles/freertos_hello.elf.dir/project/sdk/rtos/freertos/freertos-kernel/portable/MemMang/heap_4.c.obj
                0x00000000000028f4                pvPortMalloc
 .text.vPortFree
                0x0000000000002a40       0xa4 CMakeFiles/freertos_hello.elf.dir/project/sdk/rtos/freertos/freertos-kernel/portable/MemMang/heap_4.c.obj
                0x0000000000002a40                vPortFree
 .text.StrFormatPrintf
                0x0000000000002ae4      0x2fc CMakeFiles/freertos_hello.elf.dir/project/sdk/devices/LPC5536/utilities/str/fsl_str.c.obj
                0x0000000000002ae4                StrFormatPrintf
 .text.DbgConsole_PrintCallback
                0x0000000000002de0       0x58 CMakeFiles/freertos_hello.elf.dir/project/sdk/devices/LPC5536/utilities/debug_console/fsl_debug_console.c.obj
 .text.DbgConsole_Printf
                0x0000000000002e38       0x64 CMakeFiles/freertos_hello.elf.dir/project/sdk/devices/LPC5536/utilities/debug_console/fsl_debug_console.c.obj
                0x0000000000002e38                DbgConsole_Printf
 .text.exit     0x0000000000002e9c       0x24 /opt/arm/arm-gnu-toolchain-12.2.rel1-x86_64-arm-none-eabi/bin/../lib/gcc/arm-none-eabi/12.2.1/../../../../arm-none-eabi/lib/thumb/v8-m.main+fp/hard/libc_nano.a(libc_a-exit.o)
                0x0000000000002e9c                exit
 .text.__libc_init_array
                0x0000000000002ec0       0x48 /opt/arm/arm-gnu-toolchain-12.2.rel1-x86_64-arm-none-eabi/bin/../lib/gcc/arm-none-eabi/12.2.1/../../../../arm-none-eabi/lib/thumb/v8-m.main+fp/hard/libc_nano.a(libc_a-init.o)
                0x0000000000002ec0                __libc_init_array
 .text.memset   0x0000000000002f08       0x10 /opt/arm/arm-gnu-toolchain-12.2.rel1-x86_64-arm-none-eabi/bin/../lib/gcc/arm-none-eabi/12.2.1/../../../../arm-none-eabi/lib/thumb/v8-m.main+fp/hard/libc_nano.a(libc_a-memset.o)
                0x0000000000002f08                memset
 .text._exit    0x0000000000002f18        0x2 /opt/arm/arm-gnu-toolchain-12.2.rel1-x86_64-arm-none-eabi/bin/../lib/gcc/arm-none-eabi/12.2.1/../../../../arm-none-eabi/lib/thumb/v8-m.main+fp/hard/libcr_newlib_nohost.a(_exit.o)
                0x0000000000002f18                _exit
 *(.rodata)
 *(.rodata*)
 *fill*         0x0000000000002f1a        0x2 
 .rodata.hello_task.str1.4
                0x0000000000002f1c        0xf CMakeFiles/freertos_hello.elf.dir/project/src/freertos_hello.c.obj
 *fill*         0x0000000000002f2b        0x1 
 .rodata.main.str1.4
                0x0000000000002f2c       0x25 CMakeFiles/freertos_hello.elf.dir/project/src/freertos_hello.c.obj
 *fill*         0x0000000000002f51        0x3 
 .rodata.s_UsartAdapterBase
                0x0000000000002f54       0x20 CMakeFiles/freertos_hello.elf.dir/project/sdk/components/uart/fsl_adapter_usart.c.obj
 .rodata.IntervalList
                0x0000000000002f74       0x60 CMakeFiles/freertos_hello.elf.dir/project/sdk/devices/LPC5536/drivers/fsl_clock.c.obj
 .rodata.vTaskStartScheduler.str1.4
                0x0000000000002fd4        0x5 CMakeFiles/freertos_hello.elf.dir/project/sdk/rtos/freertos/freertos-kernel/tasks.c.obj
 *fill*         0x0000000000002fd9        0x3 
 .rodata.xTimerCreateTimerTask.str1.4
                0x0000000000002fdc       0x10 CMakeFiles/freertos_hello.elf.dir/project/sdk/rtos/freertos/freertos-kernel/timers.c.obj
 .rodata.CSWTCH.75
                0x0000000000002fec        0xf CMakeFiles/freertos_hello.elf.dir/project/sdk/devices/LPC5536/utilities/str/fsl_str.c.obj
 *(.glue_7)
 .glue_7        0x0000000000002ffb        0x0 linker stubs
 *(.glue_7t)
 .glue_7t       0x0000000000002ffb        0x0 linker stubs
 *(.eh_frame)
 *fill*         0x0000000000002ffb        0x1 
 .eh_frame      0x0000000000002ffc        0x0 /opt/arm/arm-gnu-toolchain-12.2.rel1-x86_64-arm-none-eabi/bin/../lib/gcc/arm-none-eabi/12.2.1/thumb/v8-m.main+fp/hard/crtbegin.o
 *(.init)
 .init          0x0000000000002ffc        0x4 /opt/arm/arm-gnu-toolchain-12.2.rel1-x86_64-arm-none-eabi/bin/../lib/gcc/arm-none-eabi/12.2.1/thumb/v8-m.main+fp/hard/crti.o
                0x0000000000002ffc                _init
 .init          0x0000000000003000        0x8 /opt/arm/arm-gnu-toolchain-12.2.rel1-x86_64-arm-none-eabi/bin/../lib/gcc/arm-none-eabi/12.2.1/thumb/v8-m.main+fp/hard/crtn.o
 *(.fini)
 .fini          0x0000000000003008        0x4 /opt/arm/arm-gnu-toolchain-12.2.rel1-x86_64-arm-none-eabi/bin/../lib/gcc/arm-none-eabi/12.2.1/thumb/v8-m.main+fp/hard/crti.o
                0x0000000000003008                _fini
 .fini          0x000000000000300c        0x8 /opt/arm/arm-gnu-toolchain-12.2.rel1-x86_64-arm-none-eabi/bin/../lib/gcc/arm-none-eabi/12.2.1/thumb/v8-m.main+fp/hard/crtn.o
                0x0000000000003014                . = ALIGN (0x4)

.vfp11_veneer   0x0000000000003014        0x0
 .vfp11_veneer  0x0000000000003014        0x0 linker stubs

.v4_bx          0x0000000000003014        0x0
 .v4_bx         0x0000000000003014        0x0 linker stubs

.iplt           0x0000000000003014        0x0
 .iplt          0x0000000000003014        0x0 /opt/arm/arm-gnu-toolchain-12.2.rel1-x86_64-arm-none-eabi/bin/../lib/gcc/arm-none-eabi/12.2.1/thumb/v8-m.main+fp/hard/crtbegin.o

.ARM.extab
 *(.ARM.extab* .gnu.linkonce.armextab.*)

.ARM            0x0000000000003014        0x8
                0x0000000000003014                __exidx_start = .
 *(.ARM.exidx*)
 .ARM.exidx     0x0000000000003014        0x8 /opt/arm/arm-gnu-toolchain-12.2.rel1-x86_64-arm-none-eabi/bin/../lib/gcc/arm-none-eabi/12.2.1/../../../../arm-none-eabi/lib/thumb/v8-m.main+fp/hard/crt0.o
                                         0x10 (size before relaxing)
                0x000000000000301c                __exidx_end = .

.rel.dyn        0x000000000000301c        0x0
 .rel.iplt      0x000000000000301c        0x0 /opt/arm/arm-gnu-toolchain-12.2.rel1-x86_64-arm-none-eabi/bin/../lib/gcc/arm-none-eabi/12.2.1/thumb/v8-m.main+fp/hard/crtbegin.o

.ctors          0x000000000000301c        0x0
                0x000000000000301c                __CTOR_LIST__ = .
 *crtbegin.o(.ctors)
 *crtbegin?.o(.ctors)
 *(EXCLUDE_FILE(*crtend.o *crtend?.o) .ctors)
 *(SORT_BY_NAME(.ctors.*))
 *(.ctors)
                0x000000000000301c                __CTOR_END__ = .

.dtors          0x000000000000301c        0x0
                0x000000000000301c                __DTOR_LIST__ = .
 *crtbegin.o(.dtors)
 *crtbegin?.o(.dtors)
 *(EXCLUDE_FILE(*crtend.o *crtend?.o) .dtors)
 *(SORT_BY_NAME(.dtors.*))
 *(.dtors)
                0x000000000000301c                __DTOR_END__ = .

.preinit_array  0x000000000000301c        0x0
                0x000000000000301c                PROVIDE (__preinit_array_start = .)
 *(.preinit_array*)
                0x000000000000301c                PROVIDE (__preinit_array_end = .)

.init_array     0x000000000000301c        0x4
                0x000000000000301c                PROVIDE (__init_array_start = .)
 *(SORT_BY_NAME(.init_array.*))
 *(.init_array*)
 .init_array    0x000000000000301c        0x4 /opt/arm/arm-gnu-toolchain-12.2.rel1-x86_64-arm-none-eabi/bin/../lib/gcc/arm-none-eabi/12.2.1/thumb/v8-m.main+fp/hard/crtbegin.o
                0x0000000000003020                PROVIDE (__init_array_end = .)

.fini_array     0x0000000000003020        0x4
                [!provide]                        PROVIDE (__fini_array_start = .)
 *(SORT_BY_NAME(.fini_array.*))
 *(.fini_array*)
 .fini_array    0x0000000000003020        0x4 /opt/arm/arm-gnu-toolchain-12.2.rel1-x86_64-arm-none-eabi/bin/../lib/gcc/arm-none-eabi/12.2.1/thumb/v8-m.main+fp/hard/crtbegin.o
                [!provide]                        PROVIDE (__fini_array_end = .)
                0x0000000000003024                __etext = .
                0x0000000000003024                __DATA_ROM = .

.data           0x0000000020000000        0xc load address 0x0000000000003024
                0x0000000020000000                . = ALIGN (0x4)
                0x0000000020000000                __DATA_RAM = .
                0x0000000020000000                __data_start__ = .
 *(.ramfunc*)
 *(.data)
 *(.data*)
 .data.SystemCoreClock
                0x0000000020000000        0x4 CMakeFiles/freertos_hello.elf.dir/project/sdk/devices/LPC5536/system_LPC5536.c.obj
                0x0000000020000000                SystemCoreClock
 .data.uxTopUsedPriority
                0x0000000020000004        0x4 CMakeFiles/freertos_hello.elf.dir/project/sdk/rtos/freertos/freertos-kernel/tasks.c.obj
                0x0000000020000004                uxTopUsedPriority
 .data.ulCriticalNesting
                0x0000000020000008        0x4 CMakeFiles/freertos_hello.elf.dir/project/sdk/rtos/freertos/freertos-kernel/portable/GCC/ARM_CM33_NTZ/non_secure/port.c.obj
 *(.jcr*)
                0x000000002000000c                . = ALIGN (0x4)
                0x000000002000000c                __data_end__ = .
                0x0000000000003030                __DATA_END = (__DATA_ROM + (__data_end__ - __data_start__))
                0x0000000000010400                text_end = (ORIGIN (m_text) + LENGTH (m_text))
                0x0000000000000001                ASSERT ((__DATA_END <= text_end), region m_text overflowed with text and data)

.tm_clone_table
                0x000000002000000c        0x0 load address 0x0000000000003030
 .tm_clone_table
                0x000000002000000c        0x0 /opt/arm/arm-gnu-toolchain-12.2.rel1-x86_64-arm-none-eabi/bin/../lib/gcc/arm-none-eabi/12.2.1/thumb/v8-m.main+fp/hard/crtbegin.o
 .tm_clone_table
                0x000000002000000c        0x0 /opt/arm/arm-gnu-toolchain-12.2.rel1-x86_64-arm-none-eabi/bin/../lib/gcc/arm-none-eabi/12.2.1/thumb/v8-m.main+fp/hard/crtend.o

.igot.plt       0x000000002000000c        0x0 load address 0x0000000000003030
 .igot.plt      0x000000002000000c        0x0 /opt/arm/arm-gnu-toolchain-12.2.rel1-x86_64-arm-none-eabi/bin/../lib/gcc/arm-none-eabi/12.2.1/thumb/v8-m.main+fp/hard/crtbegin.o

.bss            0x0000000020000010     0x2a2c load address 0x0000000000003038
                0x0000000020000010                . = ALIGN (0x4)
                0x0000000020000010                __START_BSS = .
                0x0000000020000010                __bss_start__ = .
 *(.bss)
 *(.bss*)
 .bss.completed.1
                0x0000000020000010        0x1 /opt/arm/arm-gnu-toolchain-12.2.rel1-x86_64-arm-none-eabi/bin/../lib/gcc/arm-none-eabi/12.2.1/thumb/v8-m.main+fp/hard/crtbegin.o
 *fill*         0x0000000020000011        0x3 
 .bss.object.0  0x0000000020000014       0x18 /opt/arm/arm-gnu-toolchain-12.2.rel1-x86_64-arm-none-eabi/bin/../lib/gcc/arm-none-eabi/12.2.1/thumb/v8-m.main+fp/hard/crtbegin.o
 .bss.s_flexcommHandle
                0x000000002000002c       0x24 CMakeFiles/freertos_hello.elf.dir/project/sdk/devices/LPC5536/drivers/fsl_flexcomm.c.obj
 .bss.s_flexcommIrqHandler
                0x0000000020000050       0x24 CMakeFiles/freertos_hello.elf.dir/project/sdk/devices/LPC5536/drivers/fsl_flexcomm.c.obj
 *fill*         0x0000000020000074        0x4 
 .bss.xQueueRegistry
                0x0000000020000078       0x40 CMakeFiles/freertos_hello.elf.dir/project/sdk/rtos/freertos/freertos-kernel/queue.c.obj
                0x0000000020000078                xQueueRegistry
 .bss.uxSchedulerSuspended
                0x00000000200000b8        0x4 CMakeFiles/freertos_hello.elf.dir/project/sdk/rtos/freertos/freertos-kernel/tasks.c.obj
 .bss.xIdleTaskHandle
                0x00000000200000bc        0x4 CMakeFiles/freertos_hello.elf.dir/project/sdk/rtos/freertos/freertos-kernel/tasks.c.obj
 .bss.xNextTaskUnblockTime
                0x00000000200000c0        0x4 CMakeFiles/freertos_hello.elf.dir/project/sdk/rtos/freertos/freertos-kernel/tasks.c.obj
 .bss.uxTaskNumber
                0x00000000200000c4        0x4 CMakeFiles/freertos_hello.elf.dir/project/sdk/rtos/freertos/freertos-kernel/tasks.c.obj
 .bss.xNumOfOverflows
                0x00000000200000c8        0x4 CMakeFiles/freertos_hello.elf.dir/project/sdk/rtos/freertos/freertos-kernel/tasks.c.obj
 .bss.xYieldPending
                0x00000000200000cc        0x4 CMakeFiles/freertos_hello.elf.dir/project/sdk/rtos/freertos/freertos-kernel/tasks.c.obj
 .bss.xPendedTicks
                0x00000000200000d0        0x4 CMakeFiles/freertos_hello.elf.dir/project/sdk/rtos/freertos/freertos-kernel/tasks.c.obj
 .bss.xSchedulerRunning
                0x00000000200000d4        0x4 CMakeFiles/freertos_hello.elf.dir/project/sdk/rtos/freertos/freertos-kernel/tasks.c.obj
 .bss.uxTopReadyPriority
                0x00000000200000d8        0x4 CMakeFiles/freertos_hello.elf.dir/project/sdk/rtos/freertos/freertos-kernel/tasks.c.obj
 .bss.xTickCount
                0x00000000200000dc        0x4 CMakeFiles/freertos_hello.elf.dir/project/sdk/rtos/freertos/freertos-kernel/tasks.c.obj
 .bss.uxCurrentNumberOfTasks
                0x00000000200000e0        0x4 CMakeFiles/freertos_hello.elf.dir/project/sdk/rtos/freertos/freertos-kernel/tasks.c.obj
 .bss.xSuspendedTaskList
                0x00000000200000e4       0x14 CMakeFiles/freertos_hello.elf.dir/project/sdk/rtos/freertos/freertos-kernel/tasks.c.obj
 .bss.uxDeletedTasksWaitingCleanUp
                0x00000000200000f8        0x4 CMakeFiles/freertos_hello.elf.dir/project/sdk/rtos/freertos/freertos-kernel/tasks.c.obj
 .bss.xTasksWaitingTermination
                0x00000000200000fc       0x14 CMakeFiles/freertos_hello.elf.dir/project/sdk/rtos/freertos/freertos-kernel/tasks.c.obj
 .bss.xPendingReadyList
                0x0000000020000110       0x14 CMakeFiles/freertos_hello.elf.dir/project/sdk/rtos/freertos/freertos-kernel/tasks.c.obj
 .bss.pxOverflowDelayedTaskList
                0x0000000020000124        0x4 CMakeFiles/freertos_hello.elf.dir/project/sdk/rtos/freertos/freertos-kernel/tasks.c.obj
 .bss.pxDelayedTaskList
                0x0000000020000128        0x4 CMakeFiles/freertos_hello.elf.dir/project/sdk/rtos/freertos/freertos-kernel/tasks.c.obj
 .bss.xDelayedTaskList2
                0x000000002000012c       0x14 CMakeFiles/freertos_hello.elf.dir/project/sdk/rtos/freertos/freertos-kernel/tasks.c.obj
 .bss.xDelayedTaskList1
                0x0000000020000140       0x14 CMakeFiles/freertos_hello.elf.dir/project/sdk/rtos/freertos/freertos-kernel/tasks.c.obj
 .bss.pxReadyTasksLists
                0x0000000020000154       0x64 CMakeFiles/freertos_hello.elf.dir/project/sdk/rtos/freertos/freertos-kernel/tasks.c.obj
 .bss.pxCurrentTCB
                0x00000000200001b8        0x4 CMakeFiles/freertos_hello.elf.dir/project/sdk/rtos/freertos/freertos-kernel/tasks.c.obj
                0x00000000200001b8                pxCurrentTCB
 .bss.xLastTime.0
                0x00000000200001bc        0x4 CMakeFiles/freertos_hello.elf.dir/project/sdk/rtos/freertos/freertos-kernel/timers.c.obj
 .bss.xTimerTaskHandle
                0x00000000200001c0        0x4 CMakeFiles/freertos_hello.elf.dir/project/sdk/rtos/freertos/freertos-kernel/timers.c.obj
 .bss.xTimerQueue
                0x00000000200001c4        0x4 CMakeFiles/freertos_hello.elf.dir/project/sdk/rtos/freertos/freertos-kernel/timers.c.obj
 .bss.pxOverflowTimerList
                0x00000000200001c8        0x4 CMakeFiles/freertos_hello.elf.dir/project/sdk/rtos/freertos/freertos-kernel/timers.c.obj
 .bss.pxCurrentTimerList
                0x00000000200001cc        0x4 CMakeFiles/freertos_hello.elf.dir/project/sdk/rtos/freertos/freertos-kernel/timers.c.obj
 .bss.xActiveTimerList2
                0x00000000200001d0       0x14 CMakeFiles/freertos_hello.elf.dir/project/sdk/rtos/freertos/freertos-kernel/timers.c.obj
 .bss.xActiveTimerList1
                0x00000000200001e4       0x14 CMakeFiles/freertos_hello.elf.dir/project/sdk/rtos/freertos/freertos-kernel/timers.c.obj
 .bss.xNumberOfSuccessfulFrees
                0x00000000200001f8        0x4 CMakeFiles/freertos_hello.elf.dir/project/sdk/rtos/freertos/freertos-kernel/portable/MemMang/heap_4.c.obj
 .bss.xNumberOfSuccessfulAllocations
                0x00000000200001fc        0x4 CMakeFiles/freertos_hello.elf.dir/project/sdk/rtos/freertos/freertos-kernel/portable/MemMang/heap_4.c.obj
 .bss.xMinimumEverFreeBytesRemaining
                0x0000000020000200        0x4 CMakeFiles/freertos_hello.elf.dir/project/sdk/rtos/freertos/freertos-kernel/portable/MemMang/heap_4.c.obj
 .bss.xFreeBytesRemaining
                0x0000000020000204        0x4 CMakeFiles/freertos_hello.elf.dir/project/sdk/rtos/freertos/freertos-kernel/portable/MemMang/heap_4.c.obj
 .bss.pxEnd     0x0000000020000208        0x4 CMakeFiles/freertos_hello.elf.dir/project/sdk/rtos/freertos/freertos-kernel/portable/MemMang/heap_4.c.obj
 .bss.xStart    0x000000002000020c        0x8 CMakeFiles/freertos_hello.elf.dir/project/sdk/rtos/freertos/freertos-kernel/portable/MemMang/heap_4.c.obj
 .bss.ucHeap    0x0000000020000214     0x2800 CMakeFiles/freertos_hello.elf.dir/project/sdk/rtos/freertos/freertos-kernel/portable/MemMang/heap_4.c.obj
 .bss.g_serialHandle
                0x0000000020002a14        0x4 CMakeFiles/freertos_hello.elf.dir/project/sdk/devices/LPC5536/utilities/debug_console/fsl_debug_console.c.obj
                0x0000000020002a14                g_serialHandle
 .bss.s_debugConsoleState
                0x0000000020002a18       0x20 CMakeFiles/freertos_hello.elf.dir/project/sdk/devices/LPC5536/utilities/debug_console/fsl_debug_console.c.obj
 .bss.__stdio_exit_handler
                0x0000000020002a38        0x4 /opt/arm/arm-gnu-toolchain-12.2.rel1-x86_64-arm-none-eabi/bin/../lib/gcc/arm-none-eabi/12.2.1/../../../../arm-none-eabi/lib/thumb/v8-m.main+fp/hard/libc_nano.a(libc_a-findfp.o)
                0x0000000020002a38                __stdio_exit_handler
 *(COMMON)
                0x0000000020002a3c                . = ALIGN (0x4)
                0x0000000020002a3c                __bss_end__ = .
                0x0000000020002a3c                __END_BSS = .

.heap           0x0000000020002a3c      0x404 load address 0x0000000000005a64
                0x0000000020002a40                . = ALIGN (0x8)
 *fill*         0x0000000020002a3c        0x4 
                0x0000000020002a40                __end__ = .
                0x0000000020002a40                PROVIDE (end = .)
                0x0000000020002a40                __HeapBase = .
                0x0000000020002e40                . = (. + HEAP_SIZE)
 *fill*         0x0000000020002a40      0x400 
                0x0000000020002e40                __HeapLimit = .
                0x0000000020002e40                __heap_limit = .

.stack          0x0000000020002e40      0x800 load address 0x0000000000005e68
                0x0000000020002e40                . = ALIGN (0x8)
                0x0000000020003640                . = (. + STACK_SIZE)
 *fill*         0x0000000020002e40      0x800 
                0x000000002001c000                __StackTop = (ORIGIN (m_data) + LENGTH (m_data))
                0x000000002001b800                __StackLimit = (__StackTop - STACK_SIZE)
                0x000000002001c000                PROVIDE (__stack = __StackTop)

.ARM.attributes
                0x0000000000000000       0x36
 *(.ARM.attributes)
 .ARM.attributes
                0x0000000000000000       0x26 /opt/arm/arm-gnu-toolchain-12.2.rel1-x86_64-arm-none-eabi/bin/../lib/gcc/arm-none-eabi/12.2.1/thumb/v8-m.main+fp/hard/crti.o
 .ARM.attributes
                0x0000000000000026       0x38 /opt/arm/arm-gnu-toolchain-12.2.rel1-x86_64-arm-none-eabi/bin/../lib/gcc/arm-none-eabi/12.2.1/thumb/v8-m.main+fp/hard/crtbegin.o
 .ARM.attributes
                0x000000000000005e       0x24 /opt/arm/arm-gnu-toolchain-12.2.rel1-x86_64-arm-none-eabi/bin/../lib/gcc/arm-none-eabi/12.2.1/../../../../arm-none-eabi/lib/thumb/v8-m.main+fp/hard/crt0.o
 .ARM.attributes
                0x0000000000000082       0x3a CMakeFiles/freertos_hello.elf.dir/project/src/freertos_hello.c.obj
 .ARM.attributes
                0x00000000000000bc       0x3a CMakeFiles/freertos_hello.elf.dir/project/src/versionInfo.c.obj
 .ARM.attributes
                0x00000000000000f6       0x3a CMakeFiles/freertos_hello.elf.dir/project/board/clock_config.c.obj
 .ARM.attributes
                0x0000000000000130       0x3a CMakeFiles/freertos_hello.elf.dir/project/board/pin_mux.c.obj
 .ARM.attributes
                0x000000000000016a       0x3a CMakeFiles/freertos_hello.elf.dir/project/sdk/components/serial_manager/fsl_component_serial_manager.c.obj
 .ARM.attributes
                0x00000000000001a4       0x3a CMakeFiles/freertos_hello.elf.dir/project/sdk/components/serial_manager/fsl_component_serial_port_uart.c.obj
 .ARM.attributes
                0x00000000000001de       0x3a CMakeFiles/freertos_hello.elf.dir/project/sdk/components/uart/fsl_adapter_usart.c.obj
 .ARM.attributes
                0x0000000000000218       0x24 CMakeFiles/freertos_hello.elf.dir/project/sdk/devices/LPC5536/gcc/startup_LPC5536.S.obj
 .ARM.attributes
                0x000000000000023c       0x3a CMakeFiles/freertos_hello.elf.dir/project/sdk/devices/LPC5536/system_LPC5536.c.obj
 .ARM.attributes
                0x0000000000000276       0x3a CMakeFiles/freertos_hello.elf.dir/project/sdk/devices/LPC5536/drivers/fsl_clock.c.obj
 .ARM.attributes
                0x00000000000002b0       0x3a CMakeFiles/freertos_hello.elf.dir/project/sdk/devices/LPC5536/drivers/fsl_flexcomm.c.obj
 .ARM.attributes
                0x00000000000002ea       0x3a CMakeFiles/freertos_hello.elf.dir/project/sdk/devices/LPC5536/drivers/fsl_usart.c.obj
 .ARM.attributes
                0x0000000000000324       0x3a CMakeFiles/freertos_hello.elf.dir/project/sdk/devices/LPC5536/drivers/fsl_power.c.obj
 .ARM.attributes
                0x000000000000035e       0x3a CMakeFiles/freertos_hello.elf.dir/project/sdk/rtos/freertos/freertos-kernel/list.c.obj
 .ARM.attributes
                0x0000000000000398       0x3a CMakeFiles/freertos_hello.elf.dir/project/sdk/rtos/freertos/freertos-kernel/queue.c.obj
 .ARM.attributes
                0x00000000000003d2       0x3a CMakeFiles/freertos_hello.elf.dir/project/sdk/rtos/freertos/freertos-kernel/tasks.c.obj
 .ARM.attributes
                0x000000000000040c       0x3a CMakeFiles/freertos_hello.elf.dir/project/sdk/rtos/freertos/freertos-kernel/timers.c.obj
 .ARM.attributes
                0x0000000000000446       0x3a CMakeFiles/freertos_hello.elf.dir/project/sdk/rtos/freertos/freertos-kernel/portable/GCC/ARM_CM33_NTZ/non_secure/port.c.obj
 .ARM.attributes
                0x0000000000000480       0x3a CMakeFiles/freertos_hello.elf.dir/project/sdk/rtos/freertos/freertos-kernel/portable/GCC/ARM_CM33_NTZ/non_secure/portasm.c.obj
 .ARM.attributes
                0x00000000000004ba       0x3a CMakeFiles/freertos_hello.elf.dir/project/sdk/rtos/freertos/freertos-kernel/portable/MemMang/heap_4.c.obj
 .ARM.attributes
                0x00000000000004f4       0x26 CMakeFiles/freertos_hello.elf.dir/project/sdk/devices/LPC5536/utilities/fsl_memcpy.S.obj
 .ARM.attributes
                0x000000000000051a       0x3a CMakeFiles/freertos_hello.elf.dir/project/sdk/devices/LPC5536/utilities/str/fsl_str.c.obj
 .ARM.attributes
                0x0000000000000554       0x3a CMakeFiles/freertos_hello.elf.dir/project/sdk/devices/LPC5536/utilities/debug_console/fsl_debug_console.c.obj
 .ARM.attributes
                0x000000000000058e       0x38 /opt/arm/arm-gnu-toolchain-12.2.rel1-x86_64-arm-none-eabi/bin/../lib/gcc/arm-none-eabi/12.2.1/../../../../arm-none-eabi/lib/thumb/v8-m.main+fp/hard/libc_nano.a(libc_a-exit.o)
 .ARM.attributes
                0x00000000000005c6       0x38 /opt/arm/arm-gnu-toolchain-12.2.rel1-x86_64-arm-none-eabi/bin/../lib/gcc/arm-none-eabi/12.2.1/../../../../arm-none-eabi/lib/thumb/v8-m.main+fp/hard/libc_nano.a(libc_a-init.o)
 .ARM.attributes
                0x00000000000005fe       0x38 /opt/arm/arm-gnu-toolchain-12.2.rel1-x86_64-arm-none-eabi/bin/../lib/gcc/arm-none-eabi/12.2.1/../../../../arm-none-eabi/lib/thumb/v8-m.main+fp/hard/libc_nano.a(libc_a-findfp.o)
 .ARM.attributes
                0x0000000000000636       0x17 /opt/arm/arm-gnu-toolchain-12.2.rel1-x86_64-arm-none-eabi/bin/../lib/gcc/arm-none-eabi/12.2.1/../../../../arm-none-eabi/lib/thumb/v8-m.main+fp/hard/libc_nano.a(libc_a-strlen.o)
 .ARM.attributes
                0x000000000000064d       0x38 /opt/arm/arm-gnu-toolchain-12.2.rel1-x86_64-arm-none-eabi/bin/../lib/gcc/arm-none-eabi/12.2.1/../../../../arm-none-eabi/lib/thumb/v8-m.main+fp/hard/libc_nano.a(libc_a-memset.o)
 .ARM.attributes
                0x0000000000000685       0x38 /opt/arm/arm-gnu-toolchain-12.2.rel1-x86_64-arm-none-eabi/bin/../lib/gcc/arm-none-eabi/12.2.1/../../../../arm-none-eabi/lib/thumb/v8-m.main+fp/hard/libcr_newlib_nohost.a(_exit.o)
 .ARM.attributes
                0x00000000000006bd       0x38 /opt/arm/arm-gnu-toolchain-12.2.rel1-x86_64-arm-none-eabi/bin/../lib/gcc/arm-none-eabi/12.2.1/thumb/v8-m.main+fp/hard/crtend.o
 .ARM.attributes
                0x00000000000006f5       0x26 /opt/arm/arm-gnu-toolchain-12.2.rel1-x86_64-arm-none-eabi/bin/../lib/gcc/arm-none-eabi/12.2.1/thumb/v8-m.main+fp/hard/crtn.o
                0x0000000000000001                ASSERT ((__StackLimit >= __HeapLimit), region m_data overflowed with stack and heap)
OUTPUT(release/freertos_hello.elf elf32-littlearm)
LOAD linker stubs

.debug_line_str
                0x0000000000000000      0x1c8
 .debug_line_str
                0x0000000000000000       0xe0 /opt/arm/arm-gnu-toolchain-12.2.rel1-x86_64-arm-none-eabi/bin/../lib/gcc/arm-none-eabi/12.2.1/../../../../arm-none-eabi/lib/thumb/v8-m.main+fp/hard/crt0.o
 .debug_line_str
                0x00000000000000e0       0xe8 /opt/arm/arm-gnu-toolchain-12.2.rel1-x86_64-arm-none-eabi/bin/../lib/gcc/arm-none-eabi/12.2.1/../../../../arm-none-eabi/lib/thumb/v8-m.main+fp/hard/libc_nano.a(libc_a-strlen.o)

.comment        0x0000000000000000       0x45
 .comment       0x0000000000000000       0x45 CMakeFiles/freertos_hello.elf.dir/project/src/freertos_hello.c.obj
                                         0x46 (size before relaxing)
 .comment       0x0000000000000045       0x46 CMakeFiles/freertos_hello.elf.dir/project/src/versionInfo.c.obj
 .comment       0x0000000000000045       0x46 CMakeFiles/freertos_hello.elf.dir/project/board/clock_config.c.obj
 .comment       0x0000000000000045       0x46 CMakeFiles/freertos_hello.elf.dir/project/board/pin_mux.c.obj
 .comment       0x0000000000000045       0x46 CMakeFiles/freertos_hello.elf.dir/project/sdk/components/serial_manager/fsl_component_serial_manager.c.obj
 .comment       0x0000000000000045       0x46 CMakeFiles/freertos_hello.elf.dir/project/sdk/components/serial_manager/fsl_component_serial_port_uart.c.obj
 .comment       0x0000000000000045       0x46 CMakeFiles/freertos_hello.elf.dir/project/sdk/components/uart/fsl_adapter_usart.c.obj
 .comment       0x0000000000000045       0x46 CMakeFiles/freertos_hello.elf.dir/project/sdk/devices/LPC5536/system_LPC5536.c.obj
 .comment       0x0000000000000045       0x46 CMakeFiles/freertos_hello.elf.dir/project/sdk/devices/LPC5536/drivers/fsl_clock.c.obj
 .comment       0x0000000000000045       0x46 CMakeFiles/freertos_hello.elf.dir/project/sdk/devices/LPC5536/drivers/fsl_flexcomm.c.obj
 .comment       0x0000000000000045       0x46 CMakeFiles/freertos_hello.elf.dir/project/sdk/devices/LPC5536/drivers/fsl_usart.c.obj
 .comment       0x0000000000000045       0x46 CMakeFiles/freertos_hello.elf.dir/project/sdk/devices/LPC5536/drivers/fsl_power.c.obj
 .comment       0x0000000000000045       0x46 CMakeFiles/freertos_hello.elf.dir/project/sdk/rtos/freertos/freertos-kernel/list.c.obj
 .comment       0x0000000000000045       0x46 CMakeFiles/freertos_hello.elf.dir/project/sdk/rtos/freertos/freertos-kernel/queue.c.obj
 .comment       0x0000000000000045       0x46 CMakeFiles/freertos_hello.elf.dir/project/sdk/rtos/freertos/freertos-kernel/tasks.c.obj
 .comment       0x0000000000000045       0x46 CMakeFiles/freertos_hello.elf.dir/project/sdk/rtos/freertos/freertos-kernel/timers.c.obj
 .comment       0x0000000000000045       0x46 CMakeFiles/freertos_hello.elf.dir/project/sdk/rtos/freertos/freertos-kernel/portable/GCC/ARM_CM33_NTZ/non_secure/port.c.obj
 .comment       0x0000000000000045       0x46 CMakeFiles/freertos_hello.elf.dir/project/sdk/rtos/freertos/freertos-kernel/portable/GCC/ARM_CM33_NTZ/non_secure/portasm.c.obj
 .comment       0x0000000000000045       0x46 CMakeFiles/freertos_hello.elf.dir/project/sdk/rtos/freertos/freertos-kernel/portable/MemMang/heap_4.c.obj
 .comment       0x0000000000000045       0x46 CMakeFiles/freertos_hello.elf.dir/project/sdk/devices/LPC5536/utilities/str/fsl_str.c.obj
 .comment       0x0000000000000045       0x46 CMakeFiles/freertos_hello.elf.dir/project/sdk/devices/LPC5536/utilities/debug_console/fsl_debug_console.c.obj
 .comment       0x0000000000000045       0x46 /opt/arm/arm-gnu-toolchain-12.2.rel1-x86_64-arm-none-eabi/bin/../lib/gcc/arm-none-eabi/12.2.1/../../../../arm-none-eabi/lib/thumb/v8-m.main+fp/hard/libcr_newlib_nohost.a(_exit.o)

.debug_frame    0x0000000000000000      0x1d8
 .debug_frame   0x0000000000000000       0x28 /opt/arm/arm-gnu-toolchain-12.2.rel1-x86_64-arm-none-eabi/bin/../lib/gcc/arm-none-eabi/12.2.1/../../../../arm-none-eabi/lib/thumb/v8-m.main+fp/hard/libc_nano.a(libc_a-exit.o)
 .debug_frame   0x0000000000000028       0x2c /opt/arm/arm-gnu-toolchain-12.2.rel1-x86_64-arm-none-eabi/bin/../lib/gcc/arm-none-eabi/12.2.1/../../../../arm-none-eabi/lib/thumb/v8-m.main+fp/hard/libc_nano.a(libc_a-init.o)
 .debug_frame   0x0000000000000054      0x144 /opt/arm/arm-gnu-toolchain-12.2.rel1-x86_64-arm-none-eabi/bin/../lib/gcc/arm-none-eabi/12.2.1/../../../../arm-none-eabi/lib/thumb/v8-m.main+fp/hard/libc_nano.a(libc_a-findfp.o)
 .debug_frame   0x0000000000000198       0x20 /opt/arm/arm-gnu-toolchain-12.2.rel1-x86_64-arm-none-eabi/bin/../lib/gcc/arm-none-eabi/12.2.1/../../../../arm-none-eabi/lib/thumb/v8-m.main+fp/hard/libc_nano.a(libc_a-memset.o)
 .debug_frame   0x00000000000001b8       0x20 /opt/arm/arm-gnu-toolchain-12.2.rel1-x86_64-arm-none-eabi/bin/../lib/gcc/arm-none-eabi/12.2.1/../../../../arm-none-eabi/lib/thumb/v8-m.main+fp/hard/libcr_newlib_nohost.a(_exit.o)

.debug_info     0x0000000000000000       0x62
 .debug_info    0x0000000000000000       0x62 /opt/arm/arm-gnu-toolchain-12.2.rel1-x86_64-arm-none-eabi/bin/../lib/gcc/arm-none-eabi/12.2.1/../../../../arm-none-eabi/lib/thumb/v8-m.main+fp/hard/libcr_newlib_nohost.a(_exit.o)

.debug_abbrev   0x0000000000000000       0x5d
 .debug_abbrev  0x0000000000000000       0x5d /opt/arm/arm-gnu-toolchain-12.2.rel1-x86_64-arm-none-eabi/bin/../lib/gcc/arm-none-eabi/12.2.1/../../../../arm-none-eabi/lib/thumb/v8-m.main+fp/hard/libcr_newlib_nohost.a(_exit.o)

.debug_loclists
                0x0000000000000000       0x17
 .debug_loclists
                0x0000000000000000       0x17 /opt/arm/arm-gnu-toolchain-12.2.rel1-x86_64-arm-none-eabi/bin/../lib/gcc/arm-none-eabi/12.2.1/../../../../arm-none-eabi/lib/thumb/v8-m.main+fp/hard/libcr_newlib_nohost.a(_exit.o)

.debug_aranges  0x0000000000000000       0x20
 .debug_aranges
                0x0000000000000000       0x20 /opt/arm/arm-gnu-toolchain-12.2.rel1-x86_64-arm-none-eabi/bin/../lib/gcc/arm-none-eabi/12.2.1/../../../../arm-none-eabi/lib/thumb/v8-m.main+fp/hard/libcr_newlib_nohost.a(_exit.o)

.debug_rnglists
                0x0000000000000000       0x13
 .debug_rnglists
                0x0000000000000000       0x13 /opt/arm/arm-gnu-toolchain-12.2.rel1-x86_64-arm-none-eabi/bin/../lib/gcc/arm-none-eabi/12.2.1/../../../../arm-none-eabi/lib/thumb/v8-m.main+fp/hard/libcr_newlib_nohost.a(_exit.o)

.debug_line     0x0000000000000000       0x4c
 .debug_line    0x0000000000000000       0x4c /opt/arm/arm-gnu-toolchain-12.2.rel1-x86_64-arm-none-eabi/bin/../lib/gcc/arm-none-eabi/12.2.1/../../../../arm-none-eabi/lib/thumb/v8-m.main+fp/hard/libcr_newlib_nohost.a(_exit.o)

.debug_str      0x0000000000000000      0x169
 .debug_str     0x0000000000000000      0x169 /opt/arm/arm-gnu-toolchain-12.2.rel1-x86_64-arm-none-eabi/bin/../lib/gcc/arm-none-eabi/12.2.1/../../../../arm-none-eabi/lib/thumb/v8-m.main+fp/hard/libcr_newlib_nohost.a(_exit.o)
