/project/sdk/devices/LPC5536/drivers/fsl_clock.c:121:6:CLOCK_AttachClk	4	static
/project/sdk/devices/LPC5536/drivers/fsl_clock.c:172:19:CLOCK_GetClockAttachId	0	static
/project/sdk/devices/LPC5536/drivers/fsl_clock.c:226:6:CLOCK_SetClkDiv	0	static
/project/sdk/devices/LPC5536/drivers/fsl_clock.c:262:10:CLOCK_SetupFROClocking	16	static
/project/sdk/devices/LPC5536/drivers/fsl_clock.c:324:6:CLOCK_SetFLASHAccessCyclesForFreq	12	static
/project/sdk/devices/LPC5536/drivers/fsl_clock.c:366:10:CLOCK_SetupExtClocking	12	static
/project/sdk/devices/LPC5536/drivers/fsl_clock.c:388:10:CLOCK_SetupI2SMClkClocking	0	static
/project/sdk/devices/LPC5536/drivers/fsl_clock.c:447:10:CLOCK_GetMCanClkFreq	0	static
/project/sdk/devices/LPC5536/drivers/fsl_clock.c:543:10:CLOCK_GetMclkClkFreq	0	static
/project/sdk/devices/LPC5536/drivers/fsl_clock.c:611:10:CLOCK_GetFro12MFreq	0	static
/project/sdk/devices/LPC5536/drivers/fsl_clock.c:620:10:CLOCK_GetFro1MFreq	0	static
/project/sdk/devices/LPC5536/drivers/fsl_clock.c:629:10:CLOCK_GetExtClkFreq	0	static
/project/sdk/devices/LPC5536/drivers/fsl_clock.c:638:10:CLOCK_GetWdtClkFreq	0	static
/project/sdk/devices/LPC5536/drivers/fsl_clock.c:647:10:CLOCK_GetFroHfFreq	0	static
/project/sdk/devices/LPC5536/drivers/fsl_clock.c:656:10:CLOCK_GetPll0OutFreq	0	static
/project/sdk/devices/LPC5536/drivers/fsl_clock.c:665:10:CLOCK_GetPll1OutFreq	0	static
/project/sdk/devices/LPC5536/drivers/fsl_clock.c:674:10:CLOCK_GetOsc32KFreq	0	static
/project/sdk/devices/LPC5536/drivers/fsl_clock.c:689:10:CLOCK_GetFC32KFreq	0	static
/project/sdk/devices/LPC5536/drivers/fsl_clock.c:704:10:CLOCK_GetCoreSysClkFreq	0	static
/project/sdk/devices/LPC5536/drivers/fsl_clock.c:398:10:CLOCK_GetClockOutClkFreq	8	static
/project/sdk/devices/LPC5536/drivers/fsl_clock.c:478:10:CLOCK_GetAdcClkFreq	8	static
/project/sdk/devices/LPC5536/drivers/fsl_clock.c:509:10:CLOCK_GetUsb0ClkFreq	8	static
/project/sdk/devices/LPC5536/drivers/fsl_clock.c:571:10:CLOCK_GetSctClkFreq	8	static
/project/sdk/devices/LPC5536/drivers/fsl_clock.c:755:10:CLOCK_GetI2SMClkFreq	0	static
/project/sdk/devices/LPC5536/drivers/fsl_clock.c:761:10:CLOCK_GetPllClkDivFreq	0	static
/project/sdk/devices/LPC5536/drivers/fsl_clock.c:783:10:CLOCK_GetFrgFreq	8	static
/project/sdk/devices/LPC5536/drivers/fsl_clock.c:808:10:CLOCK_GetFlexCommClkFreq	8	static
/project/sdk/devices/LPC5536/drivers/fsl_clock.c:848:10:CLOCK_GetHsLspiClkFreq	0	static
/project/sdk/devices/LPC5536/drivers/fsl_clock.c:888:10:CLOCK_GetCTimerClkFreq	8	static
/project/sdk/devices/LPC5536/drivers/fsl_clock.c:931:10:CLOCK_GetSystickClkFreq	0	static
/project/sdk/devices/LPC5536/drivers/fsl_clock.c:964:10:CLOCK_GetDacClkFreq	8	static
/project/sdk/devices/LPC5536/drivers/fsl_clock.c:1000:10:CLOCK_GetFlexSpiClkFreq	8	static
/project/sdk/devices/LPC5536/drivers/fsl_clock.c:1033:10:CLOCK_GetDmicClkFreq	8	static
/project/sdk/devices/LPC5536/drivers/fsl_clock.c:1069:10:CLOCK_GetI3cClkFreq	8	static
/project/sdk/devices/LPC5536/drivers/fsl_clock.c:1093:10:CLOCK_GetI3cSTCClkFreq	8	static
/project/sdk/devices/LPC5536/drivers/fsl_clock.c:1117:10:CLOCK_GetI3cSClkFreq	0	static
/project/sdk/devices/LPC5536/drivers/fsl_clock.c:1138:10:CLOCK_GetFreq	8	static
/project/sdk/devices/LPC5536/drivers/fsl_clock.c:1604:10:CLOCK_GetPLL0InClockRate	0	static
/project/sdk/devices/LPC5536/drivers/fsl_clock.c:1635:10:CLOCK_GetPLL1InClockRate	0	static
/project/sdk/devices/LPC5536/drivers/fsl_clock.c:1670:10:CLOCK_GetPLL0OutFromSetup	24	static
/project/sdk/devices/LPC5536/drivers/fsl_clock.c:1701:10:CLOCK_GetPLL1OutFromSetup	0	static
/project/sdk/devices/LPC5536/drivers/fsl_clock.c:1731:6:CLOCK_SetStoredPLL0ClockRate	0	static
/project/sdk/devices/LPC5536/drivers/fsl_clock.c:1744:10:CLOCK_GetPLL0OutClockRate	24	static
/project/sdk/devices/LPC5536/drivers/fsl_clock.c:1772:10:CLOCK_GetPLL1OutClockRate	4	static
/project/sdk/devices/LPC5536/drivers/fsl_clock.c:1799:13:CLOCK_SetupPLL0Data	56	static
/project/sdk/devices/LPC5536/drivers/fsl_clock.c:1842:13:CLOCK_SetupPLL0Prec	24	static
/project/sdk/devices/LPC5536/drivers/fsl_clock.c:1925:13:CLOCK_SetPLL0Freq	24	static
/project/sdk/devices/LPC5536/drivers/fsl_clock.c:2000:13:CLOCK_SetPLL1Freq	24	static
/project/sdk/devices/LPC5536/drivers/fsl_clock.c:2063:6:CLOCK_SetupPLL0Mult	8	static
/project/sdk/devices/LPC5536/drivers/fsl_clock.c:2127:6:CLOCK_EnableUsbfs0DeviceClock	64	static
/project/sdk/devices/LPC5536/drivers/fsl_clock.c:2188:6:CLOCK_EnableUsbfs0HostClock	64	static
/project/sdk/devices/LPC5536/drivers/fsl_clock.c:2245:6:CLOCK_EnableOstimer32kClock	0	static
/project/sdk/devices/LPC5536/drivers/fsl_clock.c:2261:6:CLOCK_XtalHfCapabankTrim	20	static
/project/sdk/devices/LPC5536/drivers/fsl_clock.c:2334:6:CLOCK_Xtal32khzCapabankTrim	16	static
/project/sdk/devices/LPC5536/drivers/fsl_clock.c:2463:6:CLOCK_FroHfTrim	8	static
