/project/sdk/devices/LPC5536/drivers/fsl_power.c:2088:17:POWER_WakeUpIOCtrl	0	static
/project/sdk/devices/LPC5536/drivers/fsl_power.c:2729:13:POWER_SetSystemVoltage	8	static
/project/sdk/devices/LPC5536/drivers/fsl_power.c:2896:13:POWER_SRAMSetRegister	0	static
/project/sdk/devices/LPC5536/drivers/fsl_power.c:3071:13:POWER_SetSystemClock12MHZ	12	static
/project/sdk/devices/LPC5536/drivers/fsl_power.c:1630:13:POWER_SetLowPowerMode	120	static
/project/sdk/devices/LPC5536/drivers/fsl_power.c:458:16:POWER_PowerInit	4	static
/project/sdk/devices/LPC5536/drivers/fsl_power.c:502:16:POWER_SetCorePowerSource	8	static
/project/sdk/devices/LPC5536/drivers/fsl_power.c:624:25:POWER_GetCorePowerSource	0	static
/project/sdk/devices/LPC5536/drivers/fsl_power.c:663:16:POWER_CorePowerSourceControl	8	static
/project/sdk/devices/LPC5536/drivers/fsl_power.c:782:23:POWER_GetSRAMPowerMode	0	static
/project/sdk/devices/LPC5536/drivers/fsl_power.c:899:16:POWER_SRAMPowerModeControl	40	static
/project/sdk/devices/LPC5536/drivers/fsl_power.c:1041:6:POWER_EnterSleep	0	static
/project/sdk/devices/LPC5536/drivers/fsl_power.c:1055:6:POWER_EnterDeepSleep	96	static
/project/sdk/devices/LPC5536/drivers/fsl_power.c:1119:6:POWER_EnterPowerDown	96	static
/project/sdk/devices/LPC5536/drivers/fsl_power.c:1228:6:POWER_EnterDeepPowerDown	96	static
/project/sdk/devices/LPC5536/drivers/fsl_power.c:1300:6:POWER_SetWakeUpPins	8	static
/project/sdk/devices/LPC5536/drivers/fsl_power.c:1324:6:POWER_GetWakeUpCause	4	static
/project/sdk/devices/LPC5536/drivers/fsl_power.c:1495:6:POWER_SetVoltageForFreq	8	static
