Archive member included to satisfy reference by file (symbol)

c:/users/isaac/.mcuxpressotools/arm-gnu-toolchain-12.2.rel1-mingw-w64-i686-arm-none-eabi/bin/../lib/gcc/arm-none-eabi/12.2.1/thumb/v8-m.main+fp/hard\libgcc.a(_aeabi_uldivmod.o)
                              CMakeFiles/freertos_hello.elf.dir/D_/repo/lpc5536-template/sdk/devices/LPC5536/drivers/fsl_clock.c.obj (__aeabi_uldivmod)
c:/users/isaac/.mcuxpressotools/arm-gnu-toolchain-12.2.rel1-mingw-w64-i686-arm-none-eabi/bin/../lib/gcc/arm-none-eabi/12.2.1/thumb/v8-m.main+fp/hard\libgcc.a(_fixunssfdi.o)
                              CMakeFiles/freertos_hello.elf.dir/D_/repo/lpc5536-template/sdk/devices/LPC5536/drivers/fsl_clock.c.obj (__aeabi_f2ulz)
c:/users/isaac/.mcuxpressotools/arm-gnu-toolchain-12.2.rel1-mingw-w64-i686-arm-none-eabi/bin/../lib/gcc/arm-none-eabi/12.2.1/thumb/v8-m.main+fp/hard\libgcc.a(_udivmoddi4.o)
                              c:/users/isaac/.mcuxpressotools/arm-gnu-toolchain-12.2.rel1-mingw-w64-i686-arm-none-eabi/bin/../lib/gcc/arm-none-eabi/12.2.1/thumb/v8-m.main+fp/hard\libgcc.a(_aeabi_uldivmod.o) (__udivmoddi4)
c:/users/isaac/.mcuxpressotools/arm-gnu-toolchain-12.2.rel1-mingw-w64-i686-arm-none-eabi/bin/../lib/gcc/arm-none-eabi/12.2.1/thumb/v8-m.main+fp/hard\libgcc.a(_arm_muldf3.o)
                              c:/users/isaac/.mcuxpressotools/arm-gnu-toolchain-12.2.rel1-mingw-w64-i686-arm-none-eabi/bin/../lib/gcc/arm-none-eabi/12.2.1/thumb/v8-m.main+fp/hard\libgcc.a(_fixunssfdi.o) (__aeabi_dmul)
c:/users/isaac/.mcuxpressotools/arm-gnu-toolchain-12.2.rel1-mingw-w64-i686-arm-none-eabi/bin/../lib/gcc/arm-none-eabi/12.2.1/thumb/v8-m.main+fp/hard\libgcc.a(_dvmd_tls.o)
                              c:/users/isaac/.mcuxpressotools/arm-gnu-toolchain-12.2.rel1-mingw-w64-i686-arm-none-eabi/bin/../lib/gcc/arm-none-eabi/12.2.1/thumb/v8-m.main+fp/hard\libgcc.a(_aeabi_uldivmod.o) (__aeabi_ldiv0)
c:/users/isaac/.mcuxpressotools/arm-gnu-toolchain-12.2.rel1-mingw-w64-i686-arm-none-eabi/bin/../lib/gcc/arm-none-eabi/12.2.1/thumb/v8-m.main+fp/hard\libgcc.a(_arm_addsubdf3.o)
                              c:/users/isaac/.mcuxpressotools/arm-gnu-toolchain-12.2.rel1-mingw-w64-i686-arm-none-eabi/bin/../lib/gcc/arm-none-eabi/12.2.1/thumb/v8-m.main+fp/hard\libgcc.a(_fixunssfdi.o) (__aeabi_dsub)
c:/users/isaac/.mcuxpressotools/arm-gnu-toolchain-12.2.rel1-mingw-w64-i686-arm-none-eabi/bin/../lib/gcc/arm-none-eabi/12.2.1/thumb/v8-m.main+fp/hard\libgcc.a(_arm_fixunsdfsi.o)
                              c:/users/isaac/.mcuxpressotools/arm-gnu-toolchain-12.2.rel1-mingw-w64-i686-arm-none-eabi/bin/../lib/gcc/arm-none-eabi/12.2.1/thumb/v8-m.main+fp/hard\libgcc.a(_fixunssfdi.o) (__aeabi_d2uiz)
c:/users/isaac/.mcuxpressotools/arm-gnu-toolchain-12.2.rel1-mingw-w64-i686-arm-none-eabi/bin/../lib/gcc/arm-none-eabi/12.2.1/thumb/v8-m.main+fp/hard\libc_nano.a(libc_a-exit.o)
                              c:/users/isaac/.mcuxpressotools/arm-gnu-toolchain-12.2.rel1-mingw-w64-i686-arm-none-eabi/bin/../lib/gcc/arm-none-eabi/12.2.1/thumb/v8-m.main+fp/hard/crt0.o (exit)
c:/users/isaac/.mcuxpressotools/arm-gnu-toolchain-12.2.rel1-mingw-w64-i686-arm-none-eabi/bin/../lib/gcc/arm-none-eabi/12.2.1/thumb/v8-m.main+fp/hard\libc_nano.a(libc_a-malloc.o)
                              CMakeFiles/freertos_hello.elf.dir/D_/repo/lpc5536-template/sdk/devices/LPC5536/drivers/fsl_common.c.obj (malloc)
c:/users/isaac/.mcuxpressotools/arm-gnu-toolchain-12.2.rel1-mingw-w64-i686-arm-none-eabi/bin/../lib/gcc/arm-none-eabi/12.2.1/thumb/v8-m.main+fp/hard\libc_nano.a(libc_a-mallocr.o)
                              c:/users/isaac/.mcuxpressotools/arm-gnu-toolchain-12.2.rel1-mingw-w64-i686-arm-none-eabi/bin/../lib/gcc/arm-none-eabi/12.2.1/thumb/v8-m.main+fp/hard\libc_nano.a(libc_a-malloc.o) (_malloc_r)
c:/users/isaac/.mcuxpressotools/arm-gnu-toolchain-12.2.rel1-mingw-w64-i686-arm-none-eabi/bin/../lib/gcc/arm-none-eabi/12.2.1/thumb/v8-m.main+fp/hard\libc_nano.a(libc_a-mlock.o)
                              c:/users/isaac/.mcuxpressotools/arm-gnu-toolchain-12.2.rel1-mingw-w64-i686-arm-none-eabi/bin/../lib/gcc/arm-none-eabi/12.2.1/thumb/v8-m.main+fp/hard\libc_nano.a(libc_a-mallocr.o) (__malloc_lock)
c:/users/isaac/.mcuxpressotools/arm-gnu-toolchain-12.2.rel1-mingw-w64-i686-arm-none-eabi/bin/../lib/gcc/arm-none-eabi/12.2.1/thumb/v8-m.main+fp/hard\libc_nano.a(libc_a-strtoul.o)
                              CMakeFiles/freertos_hello.elf.dir/D_/repo/lpc5536-template/sdk/devices/LPC5536/utilities/str/fsl_str.c.obj (strtoul)
c:/users/isaac/.mcuxpressotools/arm-gnu-toolchain-12.2.rel1-mingw-w64-i686-arm-none-eabi/bin/../lib/gcc/arm-none-eabi/12.2.1/thumb/v8-m.main+fp/hard\libc_nano.a(libc_a-ctype_.o)
                              c:/users/isaac/.mcuxpressotools/arm-gnu-toolchain-12.2.rel1-mingw-w64-i686-arm-none-eabi/bin/../lib/gcc/arm-none-eabi/12.2.1/thumb/v8-m.main+fp/hard\libc_nano.a(libc_a-strtoul.o) (_ctype_)
[...]
Memory Configuration

Name             Origin             Length             Attributes
m_interrupts     0x00000000         0x00000400         xr
m_text           0x00000400         0x0003d400         xr
m_data           0x20000000         0x0001c000         rw
m_sramx          0x04000000         0x00004000         rw
*default*        0x00000000         0xffffffff

Linker script and memory map

LOAD c:/users/isaac/.mcuxpressotools/arm-gnu-toolchain-12.2.rel1-mingw-w64-i686-arm-none-eabi/bin/../lib/gcc/arm-none-eabi/12.2.1/thumb/v8-m.main+fp/hard/crti.o
LOAD c:/users/isaac/.mcuxpressotools/arm-gnu-toolchain-12.2.rel1-mingw-w64-i686-arm-none-eabi/bin/../lib/gcc/arm-none-eabi/12.2.1/thumb/v8-m.main+fp/hard/crtbegin.o
LOAD c:/users/isaac/.mcuxpressotools/arm-gnu-toolchain-12.2.rel1-mingw-w64-i686-arm-none-eabi/bin/../lib/gcc/arm-none-eabi/12.2.1/thumb/v8-m.main+fp/hard/crt0.o
LOAD CMakeFiles/freertos_hello.elf.dir/D_/repo/lpc5536-template/src/freertos_hello.c.obj
LOAD CMakeFiles/freertos_hello.elf.dir/D_/repo/lpc5536-template/board/clock_config.c.obj
LOAD CMakeFiles/freertos_hello.elf.dir/D_/repo/lpc5536-template/board/pin_mux.c.obj
LOAD CMakeFiles/freertos_hello.elf.dir/D_/repo/lpc5536-template/board/peripherals.c.obj
LOAD CMakeFiles/freertos_hello.elf.dir/D_/repo/lpc5536-template/sdk/components/lists/fsl_component_generic_list.c.obj
LOAD CMakeFiles/freertos_hello.elf.dir/D_/repo/lpc5536-template/sdk/components/serial_manager/fsl_component_serial_manager.c.obj
LOAD CMakeFiles/freertos_hello.elf.dir/D_/repo/lpc5536-template/sdk/components/serial_manager/fsl_component_serial_port_uart.c.obj
LOAD CMakeFiles/freertos_hello.elf.dir/D_/repo/lpc5536-template/sdk/components/uart/fsl_adapter_usart.c.obj
LOAD CMakeFiles/freertos_hello.elf.dir/D_/repo/lpc5536-template/sdk/devices/LPC5536/gcc/startup_LPC5536.S.obj
LOAD CMakeFiles/freertos_hello.elf.dir/D_/repo/lpc5536-template/sdk/devices/LPC5536/system_LPC5536.c.obj
LOAD CMakeFiles/freertos_hello.elf.dir/D_/repo/lpc5536-template/sdk/devices/LPC5536/drivers/fsl_clock.c.obj
LOAD CMakeFiles/freertos_hello.elf.dir/D_/repo/lpc5536-template/sdk/devices/LPC5536/drivers/fsl_common.c.obj
LOAD CMakeFiles/freertos_hello.elf.dir/D_/repo/lpc5536-template/sdk/devices/LPC5536/drivers/fsl_common_arm.c.obj
LOAD CMakeFiles/freertos_hello.elf.dir/D_/repo/lpc5536-template/sdk/devices/LPC5536/drivers/fsl_flexcomm.c.obj
LOAD CMakeFiles/freertos_hello.elf.dir/D_/repo/lpc5536-template/sdk/devices/LPC5536/drivers/fsl_usart.c.obj
LOAD CMakeFiles/freertos_hello.elf.dir/D_/repo/lpc5536-template/sdk/devices/LPC5536/drivers/fsl_gpio.c.obj
LOAD CMakeFiles/freertos_hello.elf.dir/D_/repo/lpc5536-template/sdk/devices/LPC5536/drivers/fsl_power.c.obj
LOAD CMakeFiles/freertos_hello.elf.dir/D_/repo/lpc5536-template/sdk/devices/LPC5536/drivers/fsl_reset.c.obj
LOAD CMakeFiles/freertos_hello.elf.dir/D_/repo/lpc5536-template/sdk/rtos/freertos/freertos-kernel/croutine.c.obj
LOAD CMakeFiles/freertos_hello.elf.dir/D_/repo/lpc5536-template/sdk/rtos/freertos/freertos-kernel/event_groups.c.obj
LOAD CMakeFiles/freertos_hello.elf.dir/D_/repo/lpc5536-template/sdk/rtos/freertos/freertos-kernel/list.c.obj
LOAD CMakeFiles/freertos_hello.elf.dir/D_/repo/lpc5536-template/sdk/rtos/freertos/freertos-kernel/queue.c.obj
LOAD CMakeFiles/freertos_hello.elf.dir/D_/repo/lpc5536-template/sdk/rtos/freertos/freertos-kernel/stream_buffer.c.obj
LOAD CMakeFiles/freertos_hello.elf.dir/D_/repo/lpc5536-template/sdk/rtos/freertos/freertos-kernel/tasks.c.obj
LOAD CMakeFiles/freertos_hello.elf.dir/D_/repo/lpc5536-template/sdk/rtos/freertos/freertos-kernel/timers.c.obj
LOAD CMakeFiles/freertos_hello.elf.dir/D_/repo/lpc5536-template/sdk/rtos/freertos/freertos-kernel/portable/GCC/ARM_CM33_NTZ/non_secure/port.c.obj
LOAD CMakeFiles/freertos_hello.elf.dir/D_/repo/lpc5536-template/sdk/rtos/freertos/freertos-kernel/portable/GCC/ARM_CM33_NTZ/non_secure/portasm.c.obj
LOAD CMakeFiles/freertos_hello.elf.dir/D_/repo/lpc5536-template/sdk/rtos/freertos/freertos-kernel/portable/MemMang/heap_4.c.obj
LOAD CMakeFiles/freertos_hello.elf.dir/D_/repo/lpc5536-template/sdk/devices/LPC5536/utilities/fsl_sbrk.c.obj
LOAD CMakeFiles/freertos_hello.elf.dir/D_/repo/lpc5536-template/sdk/devices/LPC5536/utilities/fsl_syscall_stub.c.obj
LOAD CMakeFiles/freertos_hello.elf.dir/D_/repo/lpc5536-template/sdk/devices/LPC5536/utilities/fsl_memcpy.S.obj
LOAD CMakeFiles/freertos_hello.elf.dir/D_/repo/lpc5536-template/sdk/devices/LPC5536/utilities/fsl_assert.c.obj
LOAD CMakeFiles/freertos_hello.elf.dir/D_/repo/lpc5536-template/sdk/devices/LPC5536/utilities/str/fsl_str.c.obj
LOAD CMakeFiles/freertos_hello.elf.dir/D_/repo/lpc5536-template/sdk/devices/LPC5536/utilities/debug_console/fsl_debug_console.c.obj
START GROUP
LOAD c:/users/isaac/.mcuxpressotools/arm-gnu-toolchain-12.2.rel1-mingw-w64-i686-arm-none-eabi/bin/../lib/gcc/arm-none-eabi/12.2.1/thumb/v8-m.main+fp/hard\libgcc.a
LOAD c:/users/isaac/.mcuxpressotools/arm-gnu-toolchain-12.2.rel1-mingw-w64-i686-arm-none-eabi/bin/../lib/gcc/arm-none-eabi/12.2.1/thumb/v8-m.main+fp/hard\libc_nano.a
LOAD c:/users/isaac/.mcuxpressotools/arm-gnu-toolchain-12.2.rel1-mingw-w64-i686-arm-none-eabi/bin/../lib/gcc/arm-none-eabi/12.2.1/thumb/v8-m.main+fp/hard\libm.a
LOAD c:/users/isaac/.mcuxpressotools/arm-gnu-toolchain-12.2.rel1-mingw-w64-i686-arm-none-eabi/bin/../lib/gcc/arm-none-eabi/12.2.1/../../../../arm-none-eabi/lib/thumb/v8-m.main+fp/hard\libcr_newlib_nohost.a
END GROUP
START GROUP
LOAD c:/users/isaac/.mcuxpressotools/arm-gnu-toolchain-12.2.rel1-mingw-w64-i686-arm-none-eabi/bin/../lib/gcc/arm-none-eabi/12.2.1/thumb/v8-m.main+fp/hard\libgcc.a
LOAD c:/users/isaac/.mcuxpressotools/arm-gnu-toolchain-12.2.rel1-mingw-w64-i686-arm-none-eabi/bin/../lib/gcc/arm-none-eabi/12.2.1/thumb/v8-m.main+fp/hard\libg_nano.a
LOAD c:/users/isaac/.mcuxpressotools/arm-gnu-toolchain-12.2.rel1-mingw-w64-i686-arm-none-eabi/bin/../lib/gcc/arm-none-eabi/12.2.1/thumb/v8-m.main+fp/hard\libc_nano.a
END GROUP
START GROUP
LOAD c:/users/isaac/.mcuxpressotools/arm-gnu-toolchain-12.2.rel1-mingw-w64-i686-arm-none-eabi/bin/../lib/gcc/arm-none-eabi/12.2.1/thumb/v8-m.main+fp/hard\libgcc.a
LOAD c:/users/isaac/.mcuxpressotools/arm-gnu-toolchain-12.2.rel1-mingw-w64-i686-arm-none-eabi/bin/../lib/gcc/arm-none-eabi/12.2.1/thumb/v8-m.main+fp/hard\libc_nano.a
LOAD c:/users/isaac/.mcuxpressotools/arm-gnu-toolchain-12.2.rel1-mingw-w64-i686-arm-none-eabi/bin/../lib/gcc/arm-none-eabi/12.2.1/thumb/v8-m.main+fp/hard\libnosys.a
END GROUP
START GROUP
LOAD c:/users/isaac/.mcuxpressotools/arm-gnu-toolchain-12.2.rel1-mingw-w64-i686-arm-none-eabi/bin/../lib/gcc/arm-none-eabi/12.2.1/thumb/v8-m.main+fp/hard\libgcc.a
LOAD c:/users/isaac/.mcuxpressotools/arm-gnu-toolchain-12.2.rel1-mingw-w64-i686-arm-none-eabi/bin/../lib/gcc/arm-none-eabi/12.2.1/thumb/v8-m.main+fp/hard\libc_nano.a
LOAD c:/users/isaac/.mcuxpressotools/arm-gnu-toolchain-12.2.rel1-mingw-w64-i686-arm-none-eabi/bin/../lib/gcc/arm-none-eabi/12.2.1/thumb/v8-m.main+fp/hard\libnosys.a
END GROUP
LOAD c:/users/isaac/.mcuxpressotools/arm-gnu-toolchain-12.2.rel1-mingw-w64-i686-arm-none-eabi/bin/../lib/gcc/arm-none-eabi/12.2.1/thumb/v8-m.main+fp/hard/crtend.o
LOAD c:/users/isaac/.mcuxpressotools/arm-gnu-toolchain-12.2.rel1-mingw-w64-i686-arm-none-eabi/bin/../lib/gcc/arm-none-eabi/12.2.1/thumb/v8-m.main+fp/hard/crtn.o
                0x00000400                HEAP_SIZE = DEFINED (__heap_size__)?__heap_size__:0x400
                0x00000800                STACK_SIZE = DEFINED (__stack_size__)?__stack_size__:0x800
                0x00000000                RETENTION_RAMSIZE = DEFINED (__pkc__)?0x4000:DEFINED (__power_down__)?0x604:0x0
                0x00000000                POWERQUAD_RAMSIZE = DEFINED (__powerquad__)?0x4000:0x0
                0x00000000                TEXT_START = DEFINED (__qspi_xip__)?0x8001000:0x0
                0x0003d800                TEXT_SIZE = DEFINED (__qspi_xip__)?0x7fff000:0x3d800

.interrupts     0x00000000      0x220
                0x00000000                . = ALIGN (0x4)
 *(.isr_vector)
 .isr_vector    0x00000000      0x220 CMakeFiles/freertos_hello.elf.dir/D_/repo/lpc5536-template/sdk/devices/LPC5536/gcc/startup_LPC5536.S.obj
                0x00000000                __Vectors
                0x00000220                . = ALIGN (0x4)

.text           0x00000400     0x499c
                0x00000400                . = ALIGN (0x4)
 *(.text)
 .text          0x00000400       0x7c c:/users/isaac/.mcuxpressotools/arm-gnu-toolchain-12.2.rel1-mingw-w64-i686-arm-none-eabi/bin/../lib/gcc/arm-none-eabi/12.2.1/thumb/v8-m.main+fp/hard/crt0.o
                0x00000400                _stack_init
                0x00000408                _start
                0x00000408                _mainCRTStartup
 .text          0x0000047c      0x47c CMakeFiles/freertos_hello.elf.dir/D_/repo/lpc5536-template/sdk/devices/LPC5536/gcc/startup_LPC5536.S.obj
                0x0000047c                Reset_Handler
                0x0000050c                HSCMP1_DriverIRQHandler
                0x0000050c                SEC_HYPERVISOR_CALL_DriverIRQHandler
                0x0000050c                OS_EVENT_DriverIRQHandler
                0x0000050c                ELS_IRQ1_DriverIRQHandler
                0x0000050c                DebugMon_Handler
                0x0000050c                FLEXPWM1_COMPARE2_DriverIRQHandler
                0x0000050c                FlexSPI0_DriverIRQHandler
                0x0000050c                ENC1_COMPARE_DriverIRQHandler
                0x0000050c                I3C0_DriverIRQHandler
                0x0000050c                PKC_ERR_DriverIRQHandler
                0x0000050c                WDT_BOD_DriverIRQHandler
                0x0000050c                SCT0_DriverIRQHandler
                0x0000050c                Reserved86_DriverIRQHandler
                0x0000050c                CTIMER3_DriverIRQHandler
                0x0000050c                DMA0_DriverIRQHandler
                0x0000050c                BusFault_Handler
                0x0000050c                Reserved57_DriverIRQHandler
                0x0000050c                ENC0_IDX_DriverIRQHandler
                0x0000050c                Reserved58_DriverIRQHandler
                0x0000050c                Reserved89_DriverIRQHandler
                0x0000050c                PIN_INT6_DriverIRQHandler
                0x0000050c                ENC0_HOME_DriverIRQHandler
                0x0000050c                ACMP_DriverIRQHandler
                0x0000050c                ENC0_COMPARE_DriverIRQHandler
                0x0000050c                Reserved132_DriverIRQHandler
                0x0000050c                HWVAD0_DriverIRQHandler
                0x0000050c                FLEXPWM0_COMPARE0_DriverIRQHandler
                0x0000050c                GINT0_DriverIRQHandler
                0x0000050c                HSCMP0_DriverIRQHandler
                0x0000050c                ADC1_DriverIRQHandler
                0x0000050c                Reserved130_DriverIRQHandler
                0x0000050c                FLEXPWM0_RELOAD_ERROR_DriverIRQHandler
                0x0000050c                DAC2_DriverIRQHandler
                0x0000050c                FLEXPWM1_RELOAD1_DriverIRQHandler
                0x0000050c                Reserved133_DriverIRQHandler
                0x0000050c                RAM_PARITY_ECC_ERR_DriverIRQHandler
                0x0000050c                ADC0_DriverIRQHandler
                0x0000050c                Reserved88_DriverIRQHandler
                0x0000050c                SEC_VIO_DriverIRQHandler
                0x0000050c                SecureFault_Handler
                0x0000050c                ENC1_IDX_DriverIRQHandler
                0x0000050c                PKC_DriverIRQHandler
                0x0000050c                Reserved85_DriverIRQHandler
                0x0000050c                CAN0_IRQ0_DriverIRQHandler
                0x0000050c                Reserved64_DriverIRQHandler
                0x0000050c                PIN_INT3_DriverIRQHandler
                0x0000050c                PIN_INT2_DriverIRQHandler
                0x0000050c                Reserved127_DriverIRQHandler
                0x0000050c                ELS_DriverIRQHandler
                0x0000050c                FLEXPWM1_COMPARE0_DriverIRQHandler
                0x0000050c                Reserved56_DriverIRQHandler
                0x0000050c                FLEXPWM1_RELOAD0_DriverIRQHandler
                0x0000050c                ENC1_HOME_DriverIRQHandler
                0x0000050c                Reserved131_DriverIRQHandler
                0x0000050c                PIN_INT0_DriverIRQHandler
                0x0000050c                FLEXPWM0_RELOAD3_DriverIRQHandler
                0x0000050c                Reserved77_DriverIRQHandler
                0x0000050c                Reserved63_DriverIRQHandler
                0x0000050c                DAC1_DriverIRQHandler
                0x0000050c                FLEXPWM0_COMPARE3_DriverIRQHandler
                0x0000050c                CTIMER2_DriverIRQHandler
                0x0000050c                CTIMER1_DriverIRQHandler
                0x0000050c                UsageFault_Handler
                0x0000050c                FLEXPWM1_RELOAD3_DriverIRQHandler
                0x0000050c                FLEXPWM0_CAPTURE_DriverIRQHandler
                0x0000050c                Freqme_DriverIRQHandler
                0x0000050c                FLEXPWM1_RELOAD2_DriverIRQHandler
                0x0000050c                Reserved80_DriverIRQHandler
                0x0000050c                FLEXPWM1_CAPTURE_DriverIRQHandler
                0x0000050c                DefaultISR
                0x0000050c                USB0_DriverIRQHandler
                0x0000050c                DMIC_DriverIRQHandler
                0x0000050c                DMA1_DriverIRQHandler
                0x0000050c                FLEXPWM1_COMPARE3_DriverIRQHandler
                0x0000050c                ENC1_WDG_DriverIRQHandler
                0x0000050c                FLEXPWM1_RELOAD_ERROR_DriverIRQHandler
                0x0000050c                ENC0_WDG_DriverIRQHandler
                0x0000050c                ELS_ERR_DriverIRQHandler
                0x0000050c                DAC0_DriverIRQHandler
                0x0000050c                CDOG_DriverIRQHandler
                0x0000050c                MRT0_DriverIRQHandler
                0x0000050c                UTICK0_DriverIRQHandler
                0x0000050c                MemManage_Handler
                0x0000050c                Reserved62_DriverIRQHandler
                0x0000050c                PIN_INT4_DriverIRQHandler
                0x0000050c                PIN_INT5_DriverIRQHandler
                0x0000050c                FLEXPWM0_RELOAD0_DriverIRQHandler
                0x0000050c                SEC_GPIO_INT0_IRQ0_DriverIRQHandler
                0x0000050c                Reserved126_DriverIRQHandler
                0x0000050c                HSCMP2_DriverIRQHandler
                0x0000050c                Reserved84_DriverIRQHandler
                0x0000050c                CTIMER4_DriverIRQHandler
                0x0000050c                GINT1_DriverIRQHandler
                0x0000050c                FLEXPWM1_COMPARE1_DriverIRQHandler
                0x0000050c                FLEXPWM0_FAULT_DriverIRQHandler
                0x0000050c                FLEXPWM0_RELOAD2_DriverIRQHandler
                0x0000050c                Reserved87_DriverIRQHandler
                0x0000050c                FLEXPWM0_RELOAD1_DriverIRQHandler
                0x0000050c                RTC_DriverIRQHandler
                0x0000050c                PIN_INT7_DriverIRQHandler
                0x0000050c                WAKEUP_DriverIRQHandler
                0x0000050c                EZH_ARCH_B0_DriverIRQHandler
                0x0000050c                Reserved83_DriverIRQHandler
                0x0000050c                SEC_GPIO_INT0_IRQ1_DriverIRQHandler
                0x0000050c                CAN0_IRQ1_DriverIRQHandler
                0x0000050c                POWERQUAD_DriverIRQHandler
                0x0000050c                USB0_NEEDCLK_DriverIRQHandler
                0x0000050c                Reserved61_DriverIRQHandler
                0x0000050c                FLASH_DriverIRQHandler
                0x0000050c                FLEXPWM0_COMPARE1_DriverIRQHandler
                0x0000050c                FLEXPWM1_FAULT_DriverIRQHandler
                0x0000050c                Tamper_DriverIRQHandler
                0x0000050c                Reserved72_DriverIRQHandler
                0x0000050c                CTIMER0_DriverIRQHandler
                0x0000050c                Reserved79_DriverIRQHandler
                0x0000050c                FLEXPWM0_COMPARE2_DriverIRQHandler
                0x0000050c                PIN_INT1_DriverIRQHandler
                0x00000510                NMI_Handler
                0x00000514                HardFault_Handler
                0x00000524                WDT_BOD_IRQHandler
                0x00000528                DMA0_IRQHandler
                0x0000052c                GINT0_IRQHandler
                0x00000530                GINT1_IRQHandler
                0x00000534                PIN_INT0_IRQHandler
                0x00000538                PIN_INT1_IRQHandler
                0x0000053c                PIN_INT2_IRQHandler
                0x00000540                PIN_INT3_IRQHandler
                0x00000544                UTICK0_IRQHandler
                0x00000548                MRT0_IRQHandler
                0x0000054c                CTIMER0_IRQHandler
                0x00000550                CTIMER1_IRQHandler
                0x00000554                SCT0_IRQHandler
                0x00000558                CTIMER3_IRQHandler
                0x0000055c                FLEXCOMM0_IRQHandler
                0x00000560                FLEXCOMM1_IRQHandler
                0x00000564                FLEXCOMM2_IRQHandler
                0x00000568                FLEXCOMM3_IRQHandler
                0x0000056c                FLEXCOMM4_IRQHandler
                0x00000570                FLEXCOMM5_IRQHandler
                0x00000574                FLEXCOMM6_IRQHandler
                0x00000578                FLEXCOMM7_IRQHandler
                0x0000057c                ADC0_IRQHandler
                0x00000580                ADC1_IRQHandler
                0x00000584                ACMP_IRQHandler
                0x00000588                DMIC_IRQHandler
                0x0000058c                HWVAD0_IRQHandler
                0x00000590                USB0_NEEDCLK_IRQHandler
                0x00000594                USB0_IRQHandler
                0x00000598                RTC_IRQHandler
                0x0000059c                EZH_ARCH_B0_IRQHandler
                0x000005a0                WAKEUP_IRQHandler
                0x000005a4                PIN_INT4_IRQHandler
                0x000005a8                PIN_INT5_IRQHandler
                0x000005ac                PIN_INT6_IRQHandler
                0x000005b0                PIN_INT7_IRQHandler
                0x000005b4                CTIMER2_IRQHandler
                0x000005b8                CTIMER4_IRQHandler
                0x000005bc                OS_EVENT_IRQHandler
                0x000005c0                FlexSPI0_IRQHandler
                0x000005c4                Reserved56_IRQHandler
                0x000005c8                Reserved57_IRQHandler
                0x000005cc                Reserved58_IRQHandler
                0x000005d0                CAN0_IRQ0_IRQHandler
                0x000005d4                CAN0_IRQ1_IRQHandler
                0x000005d8                Reserved61_IRQHandler
                0x000005dc                Reserved62_IRQHandler
                0x000005e0                Reserved63_IRQHandler
                0x000005e4                Reserved64_IRQHandler
                0x000005e8                SEC_HYPERVISOR_CALL_IRQHandler
                0x000005ec                SEC_GPIO_INT0_IRQ0_IRQHandler
                0x000005f0                SEC_GPIO_INT0_IRQ1_IRQHandler
                0x000005f4                Freqme_IRQHandler
                0x000005f8                SEC_VIO_IRQHandler
                0x000005fc                ELS_IRQHandler
                0x00000600                PKC_IRQHandler
                0x00000604                Reserved72_IRQHandler
                0x00000608                POWERQUAD_IRQHandler
                0x0000060c                DMA1_IRQHandler
                0x00000610                FLEXCOMM8_IRQHandler
                0x00000614                CDOG_IRQHandler
                0x00000618                Reserved77_IRQHandler
                0x0000061c                I3C0_IRQHandler
                0x00000620                Reserved79_IRQHandler
                0x00000624                Reserved80_IRQHandler
                0x00000628                ELS_IRQ1_IRQHandler
                0x0000062c                Tamper_IRQHandler
                0x00000630                Reserved83_IRQHandler
                0x00000634                Reserved84_IRQHandler
                0x00000638                Reserved85_IRQHandler
                0x0000063c                Reserved86_IRQHandler
                0x00000640                Reserved87_IRQHandler
                0x00000644                Reserved88_IRQHandler
                0x00000648                Reserved89_IRQHandler
                0x0000064c                DAC0_IRQHandler
                0x00000650                DAC1_IRQHandler
                0x00000654                DAC2_IRQHandler
                0x00000658                HSCMP0_IRQHandler
                0x0000065c                HSCMP1_IRQHandler
                0x00000660                HSCMP2_IRQHandler
                0x00000664                FLEXPWM0_CAPTURE_IRQHandler
                0x00000668                FLEXPWM0_FAULT_IRQHandler
                0x0000066c                FLEXPWM0_RELOAD_ERROR_IRQHandler
                0x00000670                FLEXPWM0_COMPARE0_IRQHandler
                0x00000674                FLEXPWM0_RELOAD0_IRQHandler
                0x00000678                FLEXPWM0_COMPARE1_IRQHandler
                0x0000067c                FLEXPWM0_RELOAD1_IRQHandler
                0x00000680                FLEXPWM0_COMPARE2_IRQHandler
                0x00000684                FLEXPWM0_RELOAD2_IRQHandler
                0x00000688                FLEXPWM0_COMPARE3_IRQHandler
                0x0000068c                FLEXPWM0_RELOAD3_IRQHandler
                0x00000690                FLEXPWM1_CAPTURE_IRQHandler
                0x00000694                FLEXPWM1_FAULT_IRQHandler
                0x00000698                FLEXPWM1_RELOAD_ERROR_IRQHandler
                0x0000069c                FLEXPWM1_COMPARE0_IRQHandler
                0x000006a0                FLEXPWM1_RELOAD0_IRQHandler
                0x000006a4                FLEXPWM1_COMPARE1_IRQHandler
                0x000006a8                FLEXPWM1_RELOAD1_IRQHandler
                0x000006ac                FLEXPWM1_COMPARE2_IRQHandler
                0x000006b0                FLEXPWM1_RELOAD2_IRQHandler
                0x000006b4                FLEXPWM1_COMPARE3_IRQHandler
                0x000006b8                FLEXPWM1_RELOAD3_IRQHandler
                0x000006bc                ENC0_COMPARE_IRQHandler
                0x000006c0                ENC0_HOME_IRQHandler
                0x000006c4                ENC0_WDG_IRQHandler
                0x000006c8                ENC0_IDX_IRQHandler
                0x000006cc                ENC1_COMPARE_IRQHandler
                0x000006d0                ENC1_HOME_IRQHandler
                0x000006d4                ENC1_WDG_IRQHandler
                0x000006d8                ENC1_IDX_IRQHandler
                0x000006dc                Reserved126_IRQHandler
                0x000006e0                Reserved127_IRQHandler
                0x000006e4                ELS_ERR_IRQHandler
                0x000006e8                PKC_ERR_IRQHandler
                0x000006ec                Reserved130_IRQHandler
                0x000006f0                Reserved131_IRQHandler
                0x000006f4                Reserved132_IRQHandler
                0x000006f8                Reserved133_IRQHandler
                0x000006fc                FLASH_IRQHandler
                0x00000700                RAM_PARITY_ECC_ERR_IRQHandler
 .text          0x000008f8       0xa0 CMakeFiles/freertos_hello.elf.dir/D_/repo/lpc5536-template/sdk/devices/LPC5536/utilities/fsl_memcpy.S.obj
                0x000008f8                memcpy
 .text          0x00000998       0x10 c:/users/isaac/.mcuxpressotools/arm-gnu-toolchain-12.2.rel1-mingw-w64-i686-arm-none-eabi/bin/../lib/gcc/arm-none-eabi/12.2.1/thumb/v8-m.main+fp/hard\libc_nano.a(libc_a-strlen.o)
                0x00000998                strlen
 *(.text*)
 .text.deregister_tm_clones
                0x000009a8       0x1c c:/users/isaac/.mcuxpressotools/arm-gnu-toolchain-12.2.rel1-mingw-w64-i686-arm-none-eabi/bin/../lib/gcc/arm-none-eabi/12.2.1/thumb/v8-m.main+fp/hard/crtbegin.o
 .text.register_tm_clones
                0x000009c4       0x28 c:/users/isaac/.mcuxpressotools/arm-gnu-toolchain-12.2.rel1-mingw-w64-i686-arm-none-eabi/bin/../lib/gcc/arm-none-eabi/12.2.1/thumb/v8-m.main+fp/hard/crtbegin.o
 .text.__do_global_dtors_aux
                0x000009ec       0x28 c:/users/isaac/.mcuxpressotools/arm-gnu-toolchain-12.2.rel1-mingw-w64-i686-arm-none-eabi/bin/../lib/gcc/arm-none-eabi/12.2.1/thumb/v8-m.main+fp/hard/crtbegin.o
 .text.frame_dummy
                0x00000a14       0x24 c:/users/isaac/.mcuxpressotools/arm-gnu-toolchain-12.2.rel1-mingw-w64-i686-arm-none-eabi/bin/../lib/gcc/arm-none-eabi/12.2.1/thumb/v8-m.main+fp/hard/crtbegin.o
 .text.GPIO_PortToggle
                0x00000a38       0x26 CMakeFiles/freertos_hello.elf.dir/D_/repo/lpc5536-template/src/freertos_hello.c.obj
 *fill*         0x00000a5e        0x2 
 .text.main     0x00000a60       0x68 CMakeFiles/freertos_hello.elf.dir/D_/repo/lpc5536-template/src/freertos_hello.c.obj
                0x00000a60                main
 .text.hello_task
                0x00000ac8       0x2c CMakeFiles/freertos_hello.elf.dir/D_/repo/lpc5536-template/src/freertos_hello.c.obj
 .text.POWER_DisablePD
                0x00000af4       0x40 CMakeFiles/freertos_hello.elf.dir/D_/repo/lpc5536-template/board/clock_config.c.obj
 .text.BOARD_InitBootClocks
                0x00000b34        0xc CMakeFiles/freertos_hello.elf.dir/D_/repo/lpc5536-template/board/clock_config.c.obj
                0x00000b34                BOARD_InitBootClocks
 .text.BOARD_BootClockRUN
                0x00000b40       0x4c CMakeFiles/freertos_hello.elf.dir/D_/repo/lpc5536-template/board/clock_config.c.obj
                0x00000b40                BOARD_BootClockRUN
 .text.CLOCK_EnableClock
                0x00000b8c       0x8c CMakeFiles/freertos_hello.elf.dir/D_/repo/lpc5536-template/board/pin_mux.c.obj
 .text.BOARD_InitBootPins
                0x00000c18        0xc CMakeFiles/freertos_hello.elf.dir/D_/repo/lpc5536-template/board/pin_mux.c.obj
                0x00000c18                BOARD_InitBootPins
 .text.BOARD_InitPins
                0x00000c24       0x50 CMakeFiles/freertos_hello.elf.dir/D_/repo/lpc5536-template/board/pin_mux.c.obj
                0x00000c24                BOARD_InitPins
 .text.SerialManager_StartWriting
                0x00000c74       0x38 CMakeFiles/freertos_hello.elf.dir/D_/repo/lpc5536-template/sdk/components/serial_manager/fsl_component_serial_manager.c.obj
 .text.SerialManager_Write
                0x00000cac       0x44 CMakeFiles/freertos_hello.elf.dir/D_/repo/lpc5536-template/sdk/components/serial_manager/fsl_component_serial_manager.c.obj
 .text.SerialManager_WriteBlocking
                0x00000cf0       0x20 CMakeFiles/freertos_hello.elf.dir/D_/repo/lpc5536-template/sdk/components/serial_manager/fsl_component_serial_manager.c.obj
                0x00000cf0                SerialManager_WriteBlocking
 .text.Serial_UartWrite
                0x00000d10       0x38 CMakeFiles/freertos_hello.elf.dir/D_/repo/lpc5536-template/sdk/components/serial_manager/fsl_component_serial_port_uart.c.obj
                0x00000d10                Serial_UartWrite
 .text.HAL_UartSendBlocking
                0x00000d48       0x84 CMakeFiles/freertos_hello.elf.dir/D_/repo/lpc5536-template/sdk/components/uart/fsl_adapter_usart.c.obj
                0x00000d48                HAL_UartSendBlocking
 .text.SystemInit
                0x00000dcc       0x78 CMakeFiles/freertos_hello.elf.dir/D_/repo/lpc5536-template/sdk/devices/LPC5536/system_LPC5536.c.obj
                0x00000dcc                SystemInit
 .text.SystemInitHook
                0x00000e44        0xe CMakeFiles/freertos_hello.elf.dir/D_/repo/lpc5536-template/sdk/devices/LPC5536/system_LPC5536.c.obj
                0x00000e44                SystemInitHook
 *fill*         0x00000e52        0x2 
 .text.POWER_DisablePD
                0x00000e54       0x40 CMakeFiles/freertos_hello.elf.dir/D_/repo/lpc5536-template/sdk/devices/LPC5536/drivers/fsl_clock.c.obj
 .text.CLOCK_AttachClk
                0x00000e94       0xbc CMakeFiles/freertos_hello.elf.dir/D_/repo/lpc5536-template/sdk/devices/LPC5536/drivers/fsl_clock.c.obj
                0x00000e94                CLOCK_AttachClk
 .text.CLOCK_SetClkDiv
                0x00000f50       0x80 CMakeFiles/freertos_hello.elf.dir/D_/repo/lpc5536-template/sdk/devices/LPC5536/drivers/fsl_clock.c.obj
                0x00000f50                CLOCK_SetClkDiv
 .text.CLOCK_SetupFROClocking
                0x00000fd0       0x78 CMakeFiles/freertos_hello.elf.dir/D_/repo/lpc5536-template/sdk/devices/LPC5536/drivers/fsl_clock.c.obj
                0x00000fd0                CLOCK_SetupFROClocking
 .text.CLOCK_SetFLASHAccessCyclesForFreq
                0x00001048       0xd8 CMakeFiles/freertos_hello.elf.dir/D_/repo/lpc5536-template/sdk/devices/LPC5536/drivers/fsl_clock.c.obj
                0x00001048                CLOCK_SetFLASHAccessCyclesForFreq
 .text.CLOCK_FroHfTrim
                0x00001120       0x38 CMakeFiles/freertos_hello.elf.dir/D_/repo/lpc5536-template/sdk/devices/LPC5536/drivers/fsl_clock.c.obj
                0x00001120                CLOCK_FroHfTrim
 .text.FLEXCOMM_GetInstance
                0x00001158       0x5c CMakeFiles/freertos_hello.elf.dir/D_/repo/lpc5536-template/sdk/devices/LPC5536/drivers/fsl_flexcomm.c.obj
                0x00001158                FLEXCOMM_GetInstance
 .text.FLEXCOMM0_DriverIRQHandler
                0x000011b4       0x68 CMakeFiles/freertos_hello.elf.dir/D_/repo/lpc5536-template/sdk/devices/LPC5536/drivers/fsl_flexcomm.c.obj
                0x000011b4                FLEXCOMM0_DriverIRQHandler
 .text.FLEXCOMM1_DriverIRQHandler
                0x0000121c       0x68 CMakeFiles/freertos_hello.elf.dir/D_/repo/lpc5536-template/sdk/devices/LPC5536/drivers/fsl_flexcomm.c.obj
                0x0000121c                FLEXCOMM1_DriverIRQHandler
 .text.FLEXCOMM2_DriverIRQHandler
                0x00001284       0x68 CMakeFiles/freertos_hello.elf.dir/D_/repo/lpc5536-template/sdk/devices/LPC5536/drivers/fsl_flexcomm.c.obj
                0x00001284                FLEXCOMM2_DriverIRQHandler
 .text.FLEXCOMM3_DriverIRQHandler
                0x000012ec       0x68 CMakeFiles/freertos_hello.elf.dir/D_/repo/lpc5536-template/sdk/devices/LPC5536/drivers/fsl_flexcomm.c.obj
                0x000012ec                FLEXCOMM3_DriverIRQHandler
 .text.FLEXCOMM4_DriverIRQHandler
                0x00001354       0x68 CMakeFiles/freertos_hello.elf.dir/D_/repo/lpc5536-template/sdk/devices/LPC5536/drivers/fsl_flexcomm.c.obj
                0x00001354                FLEXCOMM4_DriverIRQHandler
 .text.FLEXCOMM5_DriverIRQHandler
                0x000013bc       0x68 CMakeFiles/freertos_hello.elf.dir/D_/repo/lpc5536-template/sdk/devices/LPC5536/drivers/fsl_flexcomm.c.obj
                0x000013bc                FLEXCOMM5_DriverIRQHandler
 .text.FLEXCOMM6_DriverIRQHandler
                0x00001424       0x6c CMakeFiles/freertos_hello.elf.dir/D_/repo/lpc5536-template/sdk/devices/LPC5536/drivers/fsl_flexcomm.c.obj
                0x00001424                FLEXCOMM6_DriverIRQHandler
 .text.FLEXCOMM7_DriverIRQHandler
                0x00001490       0x6c CMakeFiles/freertos_hello.elf.dir/D_/repo/lpc5536-template/sdk/devices/LPC5536/drivers/fsl_flexcomm.c.obj
                0x00001490                FLEXCOMM7_DriverIRQHandler
 .text.FLEXCOMM8_DriverIRQHandler
                0x000014fc       0x6c CMakeFiles/freertos_hello.elf.dir/D_/repo/lpc5536-template/sdk/devices/LPC5536/drivers/fsl_flexcomm.c.obj
                0x000014fc                FLEXCOMM8_DriverIRQHandler
 .text.USART_WriteBlocking
                0x00001568       0x9c CMakeFiles/freertos_hello.elf.dir/D_/repo/lpc5536-template/sdk/devices/LPC5536/drivers/fsl_usart.c.obj
                0x00001568                USART_WriteBlocking
 .text.CLOCK_EnableClock
                0x00001604       0x8c CMakeFiles/freertos_hello.elf.dir/D_/repo/lpc5536-template/sdk/devices/LPC5536/drivers/fsl_gpio.c.obj
 .text.GPIO_EnablePortClock
                0x00001690       0x44 CMakeFiles/freertos_hello.elf.dir/D_/repo/lpc5536-template/sdk/devices/LPC5536/drivers/fsl_gpio.c.obj
 .text.GPIO_PinInit
                0x000016d4       0xa4 CMakeFiles/freertos_hello.elf.dir/D_/repo/lpc5536-template/sdk/devices/LPC5536/drivers/fsl_gpio.c.obj
                0x000016d4                GPIO_PinInit
 .text.Chip_GetVersion
                0x00001778       0x36 CMakeFiles/freertos_hello.elf.dir/D_/repo/lpc5536-template/sdk/devices/LPC5536/drivers/fsl_power.c.obj
 *fill*         0x000017ae        0x2 
 .text.POWER_PowerInit
                0x000017b0       0x94 CMakeFiles/freertos_hello.elf.dir/D_/repo/lpc5536-template/sdk/devices/LPC5536/drivers/fsl_power.c.obj
                0x000017b0                POWER_PowerInit
 .text.POWER_SetVoltageForFreq
                0x00001844       0xd4 CMakeFiles/freertos_hello.elf.dir/D_/repo/lpc5536-template/sdk/devices/LPC5536/drivers/fsl_power.c.obj
                0x00001844                POWER_SetVoltageForFreq
 .text.POWER_SetSystemPowerProfile
                0x00001918      0x108 CMakeFiles/freertos_hello.elf.dir/D_/repo/lpc5536-template/sdk/devices/LPC5536/drivers/fsl_power.c.obj
 .text.POWER_SetVoltageForProcess
                0x00001a20       0xaa CMakeFiles/freertos_hello.elf.dir/D_/repo/lpc5536-template/sdk/devices/LPC5536/drivers/fsl_power.c.obj
 *fill*         0x00001aca        0x2 
 .text.POWER_GetPartProcessCorner
                0x00001acc       0x9c CMakeFiles/freertos_hello.elf.dir/D_/repo/lpc5536-template/sdk/devices/LPC5536/drivers/fsl_power.c.obj
 .text.POWER_SetSystemVoltage
                0x00001b68      0x1fc CMakeFiles/freertos_hello.elf.dir/D_/repo/lpc5536-template/sdk/devices/LPC5536/drivers/fsl_power.c.obj
 .text.vListInitialise
                0x00001d64       0x40 CMakeFiles/freertos_hello.elf.dir/D_/repo/lpc5536-template/sdk/rtos/freertos/freertos-kernel/list.c.obj
                0x00001d64                vListInitialise
 .text.vListInitialiseItem
                0x00001da4       0x1a CMakeFiles/freertos_hello.elf.dir/D_/repo/lpc5536-template/sdk/rtos/freertos/freertos-kernel/list.c.obj
                0x00001da4                vListInitialiseItem
 .text.vListInsert
                0x00001dbe       0x72 CMakeFiles/freertos_hello.elf.dir/D_/repo/lpc5536-template/sdk/rtos/freertos/freertos-kernel/list.c.obj
                0x00001dbe                vListInsert
 .text.uxListRemove
                0x00001e30       0x54 CMakeFiles/freertos_hello.elf.dir/D_/repo/lpc5536-template/sdk/rtos/freertos/freertos-kernel/list.c.obj
                0x00001e30                uxListRemove
 .text.xQueueGenericReset
                0x00001e84       0xf2 CMakeFiles/freertos_hello.elf.dir/D_/repo/lpc5536-template/sdk/rtos/freertos/freertos-kernel/queue.c.obj
                0x00001e84                xQueueGenericReset
 .text.xQueueGenericCreate
                0x00001f76       0x8e CMakeFiles/freertos_hello.elf.dir/D_/repo/lpc5536-template/sdk/rtos/freertos/freertos-kernel/queue.c.obj
                0x00001f76                xQueueGenericCreate
 .text.prvInitialiseNewQueue
                0x00002004       0x46 CMakeFiles/freertos_hello.elf.dir/D_/repo/lpc5536-template/sdk/rtos/freertos/freertos-kernel/queue.c.obj
 .text.xQueueReceive
                0x0000204a      0x178 CMakeFiles/freertos_hello.elf.dir/D_/repo/lpc5536-template/sdk/rtos/freertos/freertos-kernel/queue.c.obj
                0x0000204a                xQueueReceive
 .text.prvCopyDataFromQueue
                0x000021c2       0x4c CMakeFiles/freertos_hello.elf.dir/D_/repo/lpc5536-template/sdk/rtos/freertos/freertos-kernel/queue.c.obj
 .text.prvUnlockQueue
                0x0000220e       0xa4 CMakeFiles/freertos_hello.elf.dir/D_/repo/lpc5536-template/sdk/rtos/freertos/freertos-kernel/queue.c.obj
 .text.prvIsQueueEmpty
                0x000022b2       0x2c CMakeFiles/freertos_hello.elf.dir/D_/repo/lpc5536-template/sdk/rtos/freertos/freertos-kernel/queue.c.obj
 *fill*         0x000022de        0x2 
 .text.vQueueAddToRegistry
                0x000022e0       0x8c CMakeFiles/freertos_hello.elf.dir/D_/repo/lpc5536-template/sdk/rtos/freertos/freertos-kernel/queue.c.obj
                0x000022e0                vQueueAddToRegistry
 .text.vQueueWaitForMessageRestricted
                0x0000236c       0x68 CMakeFiles/freertos_hello.elf.dir/D_/repo/lpc5536-template/sdk/rtos/freertos/freertos-kernel/queue.c.obj
                0x0000236c                vQueueWaitForMessageRestricted
 .text.xTaskCreate
                0x000023d4       0x8c CMakeFiles/freertos_hello.elf.dir/D_/repo/lpc5536-template/sdk/rtos/freertos/freertos-kernel/tasks.c.obj
                0x000023d4                xTaskCreate
 .text.prvInitialiseNewTask
                0x00002460      0x10a CMakeFiles/freertos_hello.elf.dir/D_/repo/lpc5536-template/sdk/rtos/freertos/freertos-kernel/tasks.c.obj
 *fill*         0x0000256a        0x2 
 .text.prvAddNewTaskToReadyList
                0x0000256c      0x120 CMakeFiles/freertos_hello.elf.dir/D_/repo/lpc5536-template/sdk/rtos/freertos/freertos-kernel/tasks.c.obj
 .text.vTaskDelay
                0x0000268c       0x4c CMakeFiles/freertos_hello.elf.dir/D_/repo/lpc5536-template/sdk/rtos/freertos/freertos-kernel/tasks.c.obj
                0x0000268c                vTaskDelay
 .text.vTaskStartScheduler
                0x000026d8       0x84 CMakeFiles/freertos_hello.elf.dir/D_/repo/lpc5536-template/sdk/rtos/freertos/freertos-kernel/tasks.c.obj
                0x000026d8                vTaskStartScheduler
 .text.vTaskSuspendAll
                0x0000275c       0x1c CMakeFiles/freertos_hello.elf.dir/D_/repo/lpc5536-template/sdk/rtos/freertos/freertos-kernel/tasks.c.obj
                0x0000275c                vTaskSuspendAll
 .text.xTaskResumeAll
                0x00002778      0x1dc CMakeFiles/freertos_hello.elf.dir/D_/repo/lpc5536-template/sdk/rtos/freertos/freertos-kernel/tasks.c.obj
                0x00002778                xTaskResumeAll
 .text.xTaskGetTickCount
                0x00002954       0x20 CMakeFiles/freertos_hello.elf.dir/D_/repo/lpc5536-template/sdk/rtos/freertos/freertos-kernel/tasks.c.obj
                0x00002954                xTaskGetTickCount
 .text.xTaskIncrementTick
                0x00002974      0x204 CMakeFiles/freertos_hello.elf.dir/D_/repo/lpc5536-template/sdk/rtos/freertos/freertos-kernel/tasks.c.obj
                0x00002974                xTaskIncrementTick
 .text.vTaskSwitchContext
                0x00002b78       0xa8 CMakeFiles/freertos_hello.elf.dir/D_/repo/lpc5536-template/sdk/rtos/freertos/freertos-kernel/tasks.c.obj
                0x00002b78                vTaskSwitchContext
 .text.vTaskPlaceOnEventList
                0x00002c20       0x3c CMakeFiles/freertos_hello.elf.dir/D_/repo/lpc5536-template/sdk/rtos/freertos/freertos-kernel/tasks.c.obj
                0x00002c20                vTaskPlaceOnEventList
 .text.vTaskPlaceOnEventListRestricted
                0x00002c5c       0x7c CMakeFiles/freertos_hello.elf.dir/D_/repo/lpc5536-template/sdk/rtos/freertos/freertos-kernel/tasks.c.obj
                0x00002c5c                vTaskPlaceOnEventListRestricted
 .text.xTaskRemoveFromEventList
                0x00002cd8      0x19c CMakeFiles/freertos_hello.elf.dir/D_/repo/lpc5536-template/sdk/rtos/freertos/freertos-kernel/tasks.c.obj
                0x00002cd8                xTaskRemoveFromEventList
 .text.vTaskInternalSetTimeOutState
                0x00002e74       0x2c CMakeFiles/freertos_hello.elf.dir/D_/repo/lpc5536-template/sdk/rtos/freertos/freertos-kernel/tasks.c.obj
                0x00002e74                vTaskInternalSetTimeOutState
 .text.xTaskCheckForTimeOut
                0x00002ea0       0xb0 CMakeFiles/freertos_hello.elf.dir/D_/repo/lpc5536-template/sdk/rtos/freertos/freertos-kernel/tasks.c.obj
                0x00002ea0                xTaskCheckForTimeOut
 .text.vTaskMissedYield
                0x00002f50       0x18 CMakeFiles/freertos_hello.elf.dir/D_/repo/lpc5536-template/sdk/rtos/freertos/freertos-kernel/tasks.c.obj
                0x00002f50                vTaskMissedYield
 .text.prvIdleTask
                0x00002f68       0x20 CMakeFiles/freertos_hello.elf.dir/D_/repo/lpc5536-template/sdk/rtos/freertos/freertos-kernel/tasks.c.obj
 .text.prvInitialiseTaskLists
                0x00002f88       0x80 CMakeFiles/freertos_hello.elf.dir/D_/repo/lpc5536-template/sdk/rtos/freertos/freertos-kernel/tasks.c.obj
 .text.prvCheckTasksWaitingTermination
                0x00003008       0x5c CMakeFiles/freertos_hello.elf.dir/D_/repo/lpc5536-template/sdk/rtos/freertos/freertos-kernel/tasks.c.obj
 .text.prvDeleteTCB
                0x00003064       0x20 CMakeFiles/freertos_hello.elf.dir/D_/repo/lpc5536-template/sdk/rtos/freertos/freertos-kernel/tasks.c.obj
 .text.prvResetNextTaskUnblockTime
                0x00003084       0x38 CMakeFiles/freertos_hello.elf.dir/D_/repo/lpc5536-template/sdk/rtos/freertos/freertos-kernel/tasks.c.obj
 .text.xTaskGetSchedulerState
                0x000030bc       0x3c CMakeFiles/freertos_hello.elf.dir/D_/repo/lpc5536-template/sdk/rtos/freertos/freertos-kernel/tasks.c.obj
                0x000030bc                xTaskGetSchedulerState
 .text.prvAddCurrentTaskToDelayedList
                0x000030f8       0xdc CMakeFiles/freertos_hello.elf.dir/D_/repo/lpc5536-template/sdk/rtos/freertos/freertos-kernel/tasks.c.obj
 .text.xTimerCreateTimerTask
                0x000031d4       0x54 CMakeFiles/freertos_hello.elf.dir/D_/repo/lpc5536-template/sdk/rtos/freertos/freertos-kernel/timers.c.obj
                0x000031d4                xTimerCreateTimerTask
 .text.prvReloadTimer
                0x00003228       0x42 CMakeFiles/freertos_hello.elf.dir/D_/repo/lpc5536-template/sdk/rtos/freertos/freertos-kernel/timers.c.obj
 *fill*         0x0000326a        0x2 
 .text.prvProcessExpiredTimer
                0x0000326c       0x60 CMakeFiles/freertos_hello.elf.dir/D_/repo/lpc5536-template/sdk/rtos/freertos/freertos-kernel/timers.c.obj
 .text.prvTimerTask
                0x000032cc       0x26 CMakeFiles/freertos_hello.elf.dir/D_/repo/lpc5536-template/sdk/rtos/freertos/freertos-kernel/timers.c.obj
 *fill*         0x000032f2        0x2 
 .text.prvProcessTimerOrBlockTask
                0x000032f4       0x8c CMakeFiles/freertos_hello.elf.dir/D_/repo/lpc5536-template/sdk/rtos/freertos/freertos-kernel/timers.c.obj
 .text.prvGetNextExpireTime
                0x00003380       0x48 CMakeFiles/freertos_hello.elf.dir/D_/repo/lpc5536-template/sdk/rtos/freertos/freertos-kernel/timers.c.obj
 .text.prvSampleTimeNow
                0x000033c8       0x40 CMakeFiles/freertos_hello.elf.dir/D_/repo/lpc5536-template/sdk/rtos/freertos/freertos-kernel/timers.c.obj
 .text.prvInsertTimerInActiveList
                0x00003408       0x84 CMakeFiles/freertos_hello.elf.dir/D_/repo/lpc5536-template/sdk/rtos/freertos/freertos-kernel/timers.c.obj
 .text.prvProcessReceivedCommands
                0x0000348c      0x19c CMakeFiles/freertos_hello.elf.dir/D_/repo/lpc5536-template/sdk/rtos/freertos/freertos-kernel/timers.c.obj
 .text.prvSwitchTimerLists
                0x00003628       0x4c CMakeFiles/freertos_hello.elf.dir/D_/repo/lpc5536-template/sdk/rtos/freertos/freertos-kernel/timers.c.obj
 .text.prvCheckForValidListAndQueue
                0x00003674       0x6c CMakeFiles/freertos_hello.elf.dir/D_/repo/lpc5536-template/sdk/rtos/freertos/freertos-kernel/timers.c.obj
 .text.vPortSetupTimerInterrupt
                0x000036e0       0x48 CMakeFiles/freertos_hello.elf.dir/D_/repo/lpc5536-template/sdk/rtos/freertos/freertos-kernel/portable/GCC/ARM_CM33_NTZ/non_secure/port.c.obj
                0x000036e0                vPortSetupTimerInterrupt
 .text.prvTaskExitError
                0x00003728       0x38 CMakeFiles/freertos_hello.elf.dir/D_/repo/lpc5536-template/sdk/rtos/freertos/freertos-kernel/portable/GCC/ARM_CM33_NTZ/non_secure/port.c.obj
 .text.prvSetupFPU
                0x00003760       0x30 CMakeFiles/freertos_hello.elf.dir/D_/repo/lpc5536-template/sdk/rtos/freertos/freertos-kernel/portable/GCC/ARM_CM33_NTZ/non_secure/port.c.obj
 .text.vPortYield
                0x00003790       0x24 CMakeFiles/freertos_hello.elf.dir/D_/repo/lpc5536-template/sdk/rtos/freertos/freertos-kernel/portable/GCC/ARM_CM33_NTZ/non_secure/port.c.obj
                0x00003790                vPortYield
 .text.vPortEnterCritical
                0x000037b4       0x24 CMakeFiles/freertos_hello.elf.dir/D_/repo/lpc5536-template/sdk/rtos/freertos/freertos-kernel/portable/GCC/ARM_CM33_NTZ/non_secure/port.c.obj
                0x000037b4                vPortEnterCritical
 .text.vPortExitCritical
                0x000037d8       0x34 CMakeFiles/freertos_hello.elf.dir/D_/repo/lpc5536-template/sdk/rtos/freertos/freertos-kernel/portable/GCC/ARM_CM33_NTZ/non_secure/port.c.obj
                0x000037d8                vPortExitCritical
 .text.SysTick_Handler
                0x0000380c       0x30 CMakeFiles/freertos_hello.elf.dir/D_/repo/lpc5536-template/sdk/rtos/freertos/freertos-kernel/portable/GCC/ARM_CM33_NTZ/non_secure/port.c.obj
                0x0000380c                SysTick_Handler
 .text.vPortSVCHandler_C
                0x0000383c       0x36 CMakeFiles/freertos_hello.elf.dir/D_/repo/lpc5536-template/sdk/rtos/freertos/freertos-kernel/portable/GCC/ARM_CM33_NTZ/non_secure/port.c.obj
                0x0000383c                vPortSVCHandler_C
 *fill*         0x00003872        0x2 
 .text.pxPortInitialiseStack
                0x00003874      0x114 CMakeFiles/freertos_hello.elf.dir/D_/repo/lpc5536-template/sdk/rtos/freertos/freertos-kernel/portable/GCC/ARM_CM33_NTZ/non_secure/port.c.obj
                0x00003874                pxPortInitialiseStack
 .text.xPortStartScheduler
                0x00003988       0x40 CMakeFiles/freertos_hello.elf.dir/D_/repo/lpc5536-template/sdk/rtos/freertos/freertos-kernel/portable/GCC/ARM_CM33_NTZ/non_secure/port.c.obj
                0x00003988                xPortStartScheduler
 *fill*         0x000039c8        0x8 
 .text.vRestoreContextOfFirstTask
                0x000039d0       0x38 CMakeFiles/freertos_hello.elf.dir/D_/repo/lpc5536-template/sdk/rtos/freertos/freertos-kernel/portable/GCC/ARM_CM33_NTZ/non_secure/portasm.c.obj
                0x000039d0                vRestoreContextOfFirstTask
 *fill*         0x00003a08        0x8 
 .text.vStartFirstTask
                0x00003a10       0x28 CMakeFiles/freertos_hello.elf.dir/D_/repo/lpc5536-template/sdk/rtos/freertos/freertos-kernel/portable/GCC/ARM_CM33_NTZ/non_secure/portasm.c.obj
                0x00003a10                vStartFirstTask
 .text.ulSetInterruptMask
                0x00003a38       0x1a CMakeFiles/freertos_hello.elf.dir/D_/repo/lpc5536-template/sdk/rtos/freertos/freertos-kernel/portable/GCC/ARM_CM33_NTZ/non_secure/portasm.c.obj
                0x00003a38                ulSetInterruptMask
 .text.vClearInterruptMask
                0x00003a52       0x10 CMakeFiles/freertos_hello.elf.dir/D_/repo/lpc5536-template/sdk/rtos/freertos/freertos-kernel/portable/GCC/ARM_CM33_NTZ/non_secure/portasm.c.obj
                0x00003a52                vClearInterruptMask
 *fill*         0x00003a62        0xe 
 .text.PendSV_Handler
                0x00003a70       0x68 CMakeFiles/freertos_hello.elf.dir/D_/repo/lpc5536-template/sdk/rtos/freertos/freertos-kernel/portable/GCC/ARM_CM33_NTZ/non_secure/portasm.c.obj
                0x00003a70                PendSV_Handler
 *fill*         0x00003ad8        0x8 
 .text.SVC_Handler
                0x00003ae0       0x28 CMakeFiles/freertos_hello.elf.dir/D_/repo/lpc5536-template/sdk/rtos/freertos/freertos-kernel/portable/GCC/ARM_CM33_NTZ/non_secure/portasm.c.obj
                0x00003ae0                SVC_Handler
 .text.pvPortMalloc
                0x00003b08      0x158 CMakeFiles/freertos_hello.elf.dir/D_/repo/lpc5536-template/sdk/rtos/freertos/freertos-kernel/portable/MemMang/heap_4.c.obj
                0x00003b08                pvPortMalloc
 .text.vPortFree
                0x00003c60       0x9c CMakeFiles/freertos_hello.elf.dir/D_/repo/lpc5536-template/sdk/rtos/freertos/freertos-kernel/portable/MemMang/heap_4.c.obj
                0x00003c60                vPortFree
 .text.prvHeapInit
                0x00003cfc       0xb8 CMakeFiles/freertos_hello.elf.dir/D_/repo/lpc5536-template/sdk/rtos/freertos/freertos-kernel/portable/MemMang/heap_4.c.obj
 .text.prvInsertBlockIntoFreeList
                0x00003db4       0xb4 CMakeFiles/freertos_hello.elf.dir/D_/repo/lpc5536-template/sdk/rtos/freertos/freertos-kernel/portable/MemMang/heap_4.c.obj
 .text.__assert_func
                0x00003e68       0x28 CMakeFiles/freertos_hello.elf.dir/D_/repo/lpc5536-template/sdk/devices/LPC5536/utilities/fsl_assert.c.obj
                0x00003e68                __assert_func
 .text.PrintGetWidth
                0x00003e90       0x6a CMakeFiles/freertos_hello.elf.dir/D_/repo/lpc5536-template/sdk/devices/LPC5536/utilities/str/fsl_str.c.obj
 .text.PrintGetPrecision
                0x00003efa       0x8c CMakeFiles/freertos_hello.elf.dir/D_/repo/lpc5536-template/sdk/devices/LPC5536/utilities/str/fsl_str.c.obj
 .text.PrintIsobpu
                0x00003f86       0x38 CMakeFiles/freertos_hello.elf.dir/D_/repo/lpc5536-template/sdk/devices/LPC5536/utilities/str/fsl_str.c.obj
 .text.PrintIsdi
                0x00003fbe       0x2c CMakeFiles/freertos_hello.elf.dir/D_/repo/lpc5536-template/sdk/devices/LPC5536/utilities/str/fsl_str.c.obj
 .text.PrintOutputdifFobpu
                0x00003fea       0x44 CMakeFiles/freertos_hello.elf.dir/D_/repo/lpc5536-template/sdk/devices/LPC5536/utilities/str/fsl_str.c.obj
 .text.PrintOutputxX
                0x0000402e       0x44 CMakeFiles/freertos_hello.elf.dir/D_/repo/lpc5536-template/sdk/devices/LPC5536/utilities/str/fsl_str.c.obj
 .text.PrintIsfF
                0x00004072       0x2c CMakeFiles/freertos_hello.elf.dir/D_/repo/lpc5536-template/sdk/devices/LPC5536/utilities/str/fsl_str.c.obj
 .text.PrintIsxX
                0x0000409e       0x2c CMakeFiles/freertos_hello.elf.dir/D_/repo/lpc5536-template/sdk/devices/LPC5536/utilities/str/fsl_str.c.obj
 .text.PrintFilterLengthFlag
                0x000040ca       0x3e CMakeFiles/freertos_hello.elf.dir/D_/repo/lpc5536-template/sdk/devices/LPC5536/utilities/str/fsl_str.c.obj
 .text.PrintGetRadixFromobpu
                0x00004108       0x40 CMakeFiles/freertos_hello.elf.dir/D_/repo/lpc5536-template/sdk/devices/LPC5536/utilities/str/fsl_str.c.obj
 .text.ConvertRadixNumToString
                0x00004148       0xc2 CMakeFiles/freertos_hello.elf.dir/D_/repo/lpc5536-template/sdk/devices/LPC5536/utilities/str/fsl_str.c.obj
 .text.StrFormatPrintf
                0x0000420a      0x2ac CMakeFiles/freertos_hello.elf.dir/D_/repo/lpc5536-template/sdk/devices/LPC5536/utilities/str/fsl_str.c.obj
                0x0000420a                StrFormatPrintf
 *fill*         0x000044b6        0x2 
 .text.DbgConsole_SendDataReliable
                0x000044b8       0x54 CMakeFiles/freertos_hello.elf.dir/D_/repo/lpc5536-template/sdk/devices/LPC5536/utilities/debug_console/fsl_debug_console.c.obj
                0x000044b8                DbgConsole_SendDataReliable
 .text.DbgConsole_PrintCallback
                0x0000450c       0x66 CMakeFiles/freertos_hello.elf.dir/D_/repo/lpc5536-template/sdk/devices/LPC5536/utilities/debug_console/fsl_debug_console.c.obj
 .text.DbgConsole_Printf
                0x00004572       0x2c CMakeFiles/freertos_hello.elf.dir/D_/repo/lpc5536-template/sdk/devices/LPC5536/utilities/debug_console/fsl_debug_console.c.obj
                0x00004572                DbgConsole_Printf
 *fill*         0x0000459e        0x2 
 .text.DbgConsole_Vprintf
                0x000045a0       0x6c CMakeFiles/freertos_hello.elf.dir/D_/repo/lpc5536-template/sdk/devices/LPC5536/utilities/debug_console/fsl_debug_console.c.obj
                0x000045a0                DbgConsole_Vprintf
 .text.exit     0x0000460c       0x24 c:/users/isaac/.mcuxpressotools/arm-gnu-toolchain-12.2.rel1-mingw-w64-i686-arm-none-eabi/bin/../lib/gcc/arm-none-eabi/12.2.1/thumb/v8-m.main+fp/hard\libc_nano.a(libc_a-exit.o)
                0x0000460c                exit
 .text.memset   0x00004630       0x10 c:/users/isaac/.mcuxpressotools/arm-gnu-toolchain-12.2.rel1-mingw-w64-i686-arm-none-eabi/bin/../lib/gcc/arm-none-eabi/12.2.1/thumb/v8-m.main+fp/hard\libc_nano.a(libc_a-memset.o)
                0x00004630                memset
 .text.__libc_init_array
                0x00004640       0x48 c:/users/isaac/.mcuxpressotools/arm-gnu-toolchain-12.2.rel1-mingw-w64-i686-arm-none-eabi/bin/../lib/gcc/arm-none-eabi/12.2.1/thumb/v8-m.main+fp/hard\libc_nano.a(libc_a-init.o)
                0x00004640                __libc_init_array
 .text._exit    0x00004688        0x2 c:/users/isaac/.mcuxpressotools/arm-gnu-toolchain-12.2.rel1-mingw-w64-i686-arm-none-eabi/bin/../lib/gcc/arm-none-eabi/12.2.1/../../../../arm-none-eabi/lib/thumb/v8-m.main+fp/hard\libcr_newlib_nohost.a(_exit.o)
                0x00004688                _exit
 *(.rodata)
 *fill*         0x0000468a        0x2 
 .rodata        0x0000468c       0x37 CMakeFiles/freertos_hello.elf.dir/D_/repo/lpc5536-template/src/freertos_hello.c.obj
 *fill*         0x000046c3        0x1 
 .rodata        0x000046c4       0xd3 CMakeFiles/freertos_hello.elf.dir/D_/repo/lpc5536-template/sdk/components/uart/fsl_adapter_usart.c.obj
 *fill*         0x00004797        0x1 
 .rodata        0x00004798       0x9b CMakeFiles/freertos_hello.elf.dir/D_/repo/lpc5536-template/sdk/devices/LPC5536/drivers/fsl_flexcomm.c.obj
 *fill*         0x00004833        0x1 
 .rodata        0x00004834      0x267 CMakeFiles/freertos_hello.elf.dir/D_/repo/lpc5536-template/sdk/devices/LPC5536/drivers/fsl_usart.c.obj
 *fill*         0x00004a9b        0x1 
 .rodata        0x00004a9c       0x64 CMakeFiles/freertos_hello.elf.dir/D_/repo/lpc5536-template/sdk/devices/LPC5536/drivers/fsl_gpio.c.obj
 .rodata        0x00004b00       0x30 CMakeFiles/freertos_hello.elf.dir/D_/repo/lpc5536-template/sdk/rtos/freertos/freertos-kernel/tasks.c.obj
                0x00004b14                portArch_Name
                0x00004b18                FreeRTOSDebugConfig
 .rodata        0x00004b30        0xd CMakeFiles/freertos_hello.elf.dir/D_/repo/lpc5536-template/sdk/rtos/freertos/freertos-kernel/timers.c.obj
 *fill*         0x00004b3d        0x3 
 .rodata        0x00004b40       0x3e CMakeFiles/freertos_hello.elf.dir/D_/repo/lpc5536-template/sdk/devices/LPC5536/utilities/fsl_assert.c.obj
 *(.rodata*)
 *fill*         0x00004b7e        0x2 
 .rodata.s_UsartAdapterBase
                0x00004b80       0x20 CMakeFiles/freertos_hello.elf.dir/D_/repo/lpc5536-template/sdk/components/uart/fsl_adapter_usart.c.obj
 .rodata.__func__.1
                0x00004ba0       0x15 CMakeFiles/freertos_hello.elf.dir/D_/repo/lpc5536-template/sdk/components/uart/fsl_adapter_usart.c.obj
 *fill*         0x00004bb5        0x3 
 .rodata.IntervalList
                0x00004bb8       0x60 CMakeFiles/freertos_hello.elf.dir/D_/repo/lpc5536-template/sdk/devices/LPC5536/drivers/fsl_clock.c.obj
 .rodata.s_flexcommBaseAddrs
                0x00004c18       0x24 CMakeFiles/freertos_hello.elf.dir/D_/repo/lpc5536-template/sdk/devices/LPC5536/drivers/fsl_flexcomm.c.obj
 .rodata.__func__.9
                0x00004c3c       0x15 CMakeFiles/freertos_hello.elf.dir/D_/repo/lpc5536-template/sdk/devices/LPC5536/drivers/fsl_flexcomm.c.obj
 *fill*         0x00004c51        0x3 
 .rodata.__func__.8
                0x00004c54       0x1b CMakeFiles/freertos_hello.elf.dir/D_/repo/lpc5536-template/sdk/devices/LPC5536/drivers/fsl_flexcomm.c.obj
 *fill*         0x00004c6f        0x1 
 .rodata.__func__.7
                0x00004c70       0x1b CMakeFiles/freertos_hello.elf.dir/D_/repo/lpc5536-template/sdk/devices/LPC5536/drivers/fsl_flexcomm.c.obj
 *fill*         0x00004c8b        0x1 
 .rodata.__func__.6
                0x00004c8c       0x1b CMakeFiles/freertos_hello.elf.dir/D_/repo/lpc5536-template/sdk/devices/LPC5536/drivers/fsl_flexcomm.c.obj
 *fill*         0x00004ca7        0x1 
 .rodata.__func__.5
                0x00004ca8       0x1b CMakeFiles/freertos_hello.elf.dir/D_/repo/lpc5536-template/sdk/devices/LPC5536/drivers/fsl_flexcomm.c.obj
 *fill*         0x00004cc3        0x1 
 .rodata.__func__.4
                0x00004cc4       0x1b CMakeFiles/freertos_hello.elf.dir/D_/repo/lpc5536-template/sdk/devices/LPC5536/drivers/fsl_flexcomm.c.obj
 *fill*         0x00004cdf        0x1 
 .rodata.__func__.3
                0x00004ce0       0x1b CMakeFiles/freertos_hello.elf.dir/D_/repo/lpc5536-template/sdk/devices/LPC5536/drivers/fsl_flexcomm.c.obj
 *fill*         0x00004cfb        0x1 
 .rodata.__func__.2
                0x00004cfc       0x1b CMakeFiles/freertos_hello.elf.dir/D_/repo/lpc5536-template/sdk/devices/LPC5536/drivers/fsl_flexcomm.c.obj
 *fill*         0x00004d17        0x1 
 .rodata.__func__.1
                0x00004d18       0x1b CMakeFiles/freertos_hello.elf.dir/D_/repo/lpc5536-template/sdk/devices/LPC5536/drivers/fsl_flexcomm.c.obj
 *fill*         0x00004d33        0x1 
 .rodata.__func__.0
                0x00004d34       0x1b CMakeFiles/freertos_hello.elf.dir/D_/repo/lpc5536-template/sdk/devices/LPC5536/drivers/fsl_flexcomm.c.obj
 *fill*         0x00004d4f        0x1 
 .rodata.__func__.9
                0x00004d50       0x14 CMakeFiles/freertos_hello.elf.dir/D_/repo/lpc5536-template/sdk/devices/LPC5536/drivers/fsl_usart.c.obj
 .rodata.s_gpioClockName
                0x00004d64        0x8 CMakeFiles/freertos_hello.elf.dir/D_/repo/lpc5536-template/sdk/devices/LPC5536/drivers/fsl_gpio.c.obj
 .rodata.__func__.0
                0x00004d6c       0x15 CMakeFiles/freertos_hello.elf.dir/D_/repo/lpc5536-template/sdk/devices/LPC5536/drivers/fsl_gpio.c.obj
 *(.glue_7)
 .glue_7        0x00004d81        0x0 linker stubs
 *(.glue_7t)
 .glue_7t       0x00004d81        0x0 linker stubs
 *(.eh_frame)
 *fill*         0x00004d81        0x3 
 .eh_frame      0x00004d84        0x0 c:/users/isaac/.mcuxpressotools/arm-gnu-toolchain-12.2.rel1-mingw-w64-i686-arm-none-eabi/bin/../lib/gcc/arm-none-eabi/12.2.1/thumb/v8-m.main+fp/hard/crtbegin.o
 *(.init)
 .init          0x00004d84        0x4 c:/users/isaac/.mcuxpressotools/arm-gnu-toolchain-12.2.rel1-mingw-w64-i686-arm-none-eabi/bin/../lib/gcc/arm-none-eabi/12.2.1/thumb/v8-m.main+fp/hard/crti.o
                0x00004d84                _init
 .init          0x00004d88        0x8 c:/users/isaac/.mcuxpressotools/arm-gnu-toolchain-12.2.rel1-mingw-w64-i686-arm-none-eabi/bin/../lib/gcc/arm-none-eabi/12.2.1/thumb/v8-m.main+fp/hard/crtn.o
 *(.fini)
 .fini          0x00004d90        0x4 c:/users/isaac/.mcuxpressotools/arm-gnu-toolchain-12.2.rel1-mingw-w64-i686-arm-none-eabi/bin/../lib/gcc/arm-none-eabi/12.2.1/thumb/v8-m.main+fp/hard/crti.o
                0x00004d90                _fini
 .fini          0x00004d94        0x8 c:/users/isaac/.mcuxpressotools/arm-gnu-toolchain-12.2.rel1-mingw-w64-i686-arm-none-eabi/bin/../lib/gcc/arm-none-eabi/12.2.1/thumb/v8-m.main+fp/hard/crtn.o
                0x00004d9c                . = ALIGN (0x4)

.vfp11_veneer   0x00004d9c        0x0
 .vfp11_veneer  0x00004d9c        0x0 linker stubs

.v4_bx          0x00004d9c        0x0
 .v4_bx         0x00004d9c        0x0 linker stubs

.iplt           0x00004d9c        0x0
 .iplt          0x00004d9c        0x0 c:/users/isaac/.mcuxpressotools/arm-gnu-toolchain-12.2.rel1-mingw-w64-i686-arm-none-eabi/bin/../lib/gcc/arm-none-eabi/12.2.1/thumb/v8-m.main+fp/hard/crtbegin.o

.ARM.extab
 *(.ARM.extab* .gnu.linkonce.armextab.*)

.ARM            0x00004d9c        0x8
                0x00004d9c                __exidx_start = .
 *(.ARM.exidx*)
 .ARM.exidx     0x00004d9c        0x8 c:/users/isaac/.mcuxpressotools/arm-gnu-toolchain-12.2.rel1-mingw-w64-i686-arm-none-eabi/bin/../lib/gcc/arm-none-eabi/12.2.1/thumb/v8-m.main+fp/hard/crt0.o
                                 0x10 (size before relaxing)
                0x00004da4                __exidx_end = .

.rel.dyn        0x00004da4        0x0
 .rel.iplt      0x00004da4        0x0 c:/users/isaac/.mcuxpressotools/arm-gnu-toolchain-12.2.rel1-mingw-w64-i686-arm-none-eabi/bin/../lib/gcc/arm-none-eabi/12.2.1/thumb/v8-m.main+fp/hard/crtbegin.o

.ctors          0x00004da4        0x0
                0x00004da4                __CTOR_LIST__ = .
 *crtbegin.o(.ctors)
 *crtbegin?.o(.ctors)
 *(EXCLUDE_FILE(*crtend.o *crtend?.o) .ctors)
 *(SORT_BY_NAME(.ctors.*))
 *(.ctors)
                0x00004da4                __CTOR_END__ = .

.dtors          0x00004da4        0x0
                0x00004da4                __DTOR_LIST__ = .
 *crtbegin.o(.dtors)
 *crtbegin?.o(.dtors)
 *(EXCLUDE_FILE(*crtend.o *crtend?.o) .dtors)
 *(SORT_BY_NAME(.dtors.*))
 *(.dtors)
                0x00004da4                __DTOR_END__ = .

.preinit_array  0x00004da4        0x0
                0x00004da4                PROVIDE (__preinit_array_start = .)
 *(.preinit_array*)
                0x00004da4                PROVIDE (__preinit_array_end = .)

.init_array     0x00004da4        0x4
                0x00004da4                PROVIDE (__init_array_start = .)
 *(SORT_BY_NAME(.init_array.*))
 *(.init_array*)
 .init_array    0x00004da4        0x4 c:/users/isaac/.mcuxpressotools/arm-gnu-toolchain-12.2.rel1-mingw-w64-i686-arm-none-eabi/bin/../lib/gcc/arm-none-eabi/12.2.1/thumb/v8-m.main+fp/hard/crtbegin.o
                0x00004da8                PROVIDE (__init_array_end = .)

.fini_array     0x00004da8        0x4
                [!provide]                PROVIDE (__fini_array_start = .)
 *(SORT_BY_NAME(.fini_array.*))
 *(.fini_array*)
 .fini_array    0x00004da8        0x4 c:/users/isaac/.mcuxpressotools/arm-gnu-toolchain-12.2.rel1-mingw-w64-i686-arm-none-eabi/bin/../lib/gcc/arm-none-eabi/12.2.1/thumb/v8-m.main+fp/hard/crtbegin.o
                [!provide]                PROVIDE (__fini_array_end = .)
                0x00004dac                __etext = .
                0x00004dac                __DATA_ROM = .

.data           0x20000000        0xc load address 0x00004dac
                0x20000000                . = ALIGN (0x4)
                0x20000000                __DATA_RAM = .
                0x20000000                __data_start__ = .
 *(.ramfunc*)
 *(.data)
 *(.data*)
 .data.SystemCoreClock
                0x20000000        0x4 CMakeFiles/freertos_hello.elf.dir/D_/repo/lpc5536-template/sdk/devices/LPC5536/system_LPC5536.c.obj
                0x20000000                SystemCoreClock
 .data.uxTopUsedPriority
                0x20000004        0x4 CMakeFiles/freertos_hello.elf.dir/D_/repo/lpc5536-template/sdk/rtos/freertos/freertos-kernel/tasks.c.obj
                0x20000004                uxTopUsedPriority
 .data.ulCriticalNesting
                0x20000008        0x4 CMakeFiles/freertos_hello.elf.dir/D_/repo/lpc5536-template/sdk/rtos/freertos/freertos-kernel/portable/GCC/ARM_CM33_NTZ/non_secure/port.c.obj
 *(.jcr*)
                0x2000000c                . = ALIGN (0x4)
                0x2000000c                __data_end__ = .
                0x00004db8                __DATA_END = (__DATA_ROM + (__data_end__ - __data_start__))
                0x0003d800                text_end = (ORIGIN (m_text) + LENGTH (m_text))
                0x00000001                ASSERT ((__DATA_END <= text_end), region m_text overflowed with text and data)

.tm_clone_table
                0x2000000c        0x0 load address 0x00004db8
 .tm_clone_table
                0x2000000c        0x0 c:/users/isaac/.mcuxpressotools/arm-gnu-toolchain-12.2.rel1-mingw-w64-i686-arm-none-eabi/bin/../lib/gcc/arm-none-eabi/12.2.1/thumb/v8-m.main+fp/hard/crtbegin.o
 .tm_clone_table
                0x2000000c        0x0 c:/users/isaac/.mcuxpressotools/arm-gnu-toolchain-12.2.rel1-mingw-w64-i686-arm-none-eabi/bin/../lib/gcc/arm-none-eabi/12.2.1/thumb/v8-m.main+fp/hard/crtend.o

.igot.plt       0x2000000c        0x0 load address 0x00004db8
 .igot.plt      0x2000000c        0x0 c:/users/isaac/.mcuxpressotools/arm-gnu-toolchain-12.2.rel1-mingw-w64-i686-arm-none-eabi/bin/../lib/gcc/arm-none-eabi/12.2.1/thumb/v8-m.main+fp/hard/crtbegin.o

.bss            0x2000000c     0x2a28 load address 0x00004db8
                0x2000000c                . = ALIGN (0x4)
                0x2000000c                __START_BSS = .
                0x2000000c                __bss_start__ = .
 *(.bss)
 *(.bss*)
 .bss.completed.1
                0x2000000c        0x1 c:/users/isaac/.mcuxpressotools/arm-gnu-toolchain-12.2.rel1-mingw-w64-i686-arm-none-eabi/bin/../lib/gcc/arm-none-eabi/12.2.1/thumb/v8-m.main+fp/hard/crtbegin.o
 *fill*         0x2000000d        0x3 
 .bss.object.0  0x20000010       0x18 c:/users/isaac/.mcuxpressotools/arm-gnu-toolchain-12.2.rel1-mingw-w64-i686-arm-none-eabi/bin/../lib/gcc/arm-none-eabi/12.2.1/thumb/v8-m.main+fp/hard/crtbegin.o
 .bss.s_flexcommIrqHandler
                0x20000028       0x24 CMakeFiles/freertos_hello.elf.dir/D_/repo/lpc5536-template/sdk/devices/LPC5536/drivers/fsl_flexcomm.c.obj
 .bss.s_flexcommHandle
                0x2000004c       0x24 CMakeFiles/freertos_hello.elf.dir/D_/repo/lpc5536-template/sdk/devices/LPC5536/drivers/fsl_flexcomm.c.obj
 .bss.xQueueRegistry
                0x20000070       0x40 CMakeFiles/freertos_hello.elf.dir/D_/repo/lpc5536-template/sdk/rtos/freertos/freertos-kernel/queue.c.obj
                0x20000070                xQueueRegistry
 .bss.pxCurrentTCB
                0x200000b0        0x4 CMakeFiles/freertos_hello.elf.dir/D_/repo/lpc5536-template/sdk/rtos/freertos/freertos-kernel/tasks.c.obj
                0x200000b0                pxCurrentTCB
 .bss.pxReadyTasksLists
                0x200000b4       0x64 CMakeFiles/freertos_hello.elf.dir/D_/repo/lpc5536-template/sdk/rtos/freertos/freertos-kernel/tasks.c.obj
 .bss.xDelayedTaskList1
                0x20000118       0x14 CMakeFiles/freertos_hello.elf.dir/D_/repo/lpc5536-template/sdk/rtos/freertos/freertos-kernel/tasks.c.obj
 .bss.xDelayedTaskList2
                0x2000012c       0x14 CMakeFiles/freertos_hello.elf.dir/D_/repo/lpc5536-template/sdk/rtos/freertos/freertos-kernel/tasks.c.obj
 .bss.pxDelayedTaskList
                0x20000140        0x4 CMakeFiles/freertos_hello.elf.dir/D_/repo/lpc5536-template/sdk/rtos/freertos/freertos-kernel/tasks.c.obj
 .bss.pxOverflowDelayedTaskList
                0x20000144        0x4 CMakeFiles/freertos_hello.elf.dir/D_/repo/lpc5536-template/sdk/rtos/freertos/freertos-kernel/tasks.c.obj
 .bss.xPendingReadyList
                0x20000148       0x14 CMakeFiles/freertos_hello.elf.dir/D_/repo/lpc5536-template/sdk/rtos/freertos/freertos-kernel/tasks.c.obj
 .bss.xTasksWaitingTermination
                0x2000015c       0x14 CMakeFiles/freertos_hello.elf.dir/D_/repo/lpc5536-template/sdk/rtos/freertos/freertos-kernel/tasks.c.obj
 .bss.uxDeletedTasksWaitingCleanUp
                0x20000170        0x4 CMakeFiles/freertos_hello.elf.dir/D_/repo/lpc5536-template/sdk/rtos/freertos/freertos-kernel/tasks.c.obj
 .bss.xSuspendedTaskList
                0x20000174       0x14 CMakeFiles/freertos_hello.elf.dir/D_/repo/lpc5536-template/sdk/rtos/freertos/freertos-kernel/tasks.c.obj
 .bss.uxCurrentNumberOfTasks
                0x20000188        0x4 CMakeFiles/freertos_hello.elf.dir/D_/repo/lpc5536-template/sdk/rtos/freertos/freertos-kernel/tasks.c.obj
 .bss.xTickCount
                0x2000018c        0x4 CMakeFiles/freertos_hello.elf.dir/D_/repo/lpc5536-template/sdk/rtos/freertos/freertos-kernel/tasks.c.obj
 .bss.uxTopReadyPriority
                0x20000190        0x4 CMakeFiles/freertos_hello.elf.dir/D_/repo/lpc5536-template/sdk/rtos/freertos/freertos-kernel/tasks.c.obj
 .bss.xSchedulerRunning
                0x20000194        0x4 CMakeFiles/freertos_hello.elf.dir/D_/repo/lpc5536-template/sdk/rtos/freertos/freertos-kernel/tasks.c.obj
 .bss.xPendedTicks
                0x20000198        0x4 CMakeFiles/freertos_hello.elf.dir/D_/repo/lpc5536-template/sdk/rtos/freertos/freertos-kernel/tasks.c.obj
 .bss.xYieldPending
                0x2000019c        0x4 CMakeFiles/freertos_hello.elf.dir/D_/repo/lpc5536-template/sdk/rtos/freertos/freertos-kernel/tasks.c.obj
 .bss.xNumOfOverflows
                0x200001a0        0x4 CMakeFiles/freertos_hello.elf.dir/D_/repo/lpc5536-template/sdk/rtos/freertos/freertos-kernel/tasks.c.obj
 .bss.uxTaskNumber
                0x200001a4        0x4 CMakeFiles/freertos_hello.elf.dir/D_/repo/lpc5536-template/sdk/rtos/freertos/freertos-kernel/tasks.c.obj
 .bss.xNextTaskUnblockTime
                0x200001a8        0x4 CMakeFiles/freertos_hello.elf.dir/D_/repo/lpc5536-template/sdk/rtos/freertos/freertos-kernel/tasks.c.obj
 .bss.xIdleTaskHandle
                0x200001ac        0x4 CMakeFiles/freertos_hello.elf.dir/D_/repo/lpc5536-template/sdk/rtos/freertos/freertos-kernel/tasks.c.obj
 .bss.uxSchedulerSuspended
                0x200001b0        0x4 CMakeFiles/freertos_hello.elf.dir/D_/repo/lpc5536-template/sdk/rtos/freertos/freertos-kernel/tasks.c.obj
 .bss.xActiveTimerList1
                0x200001b4       0x14 CMakeFiles/freertos_hello.elf.dir/D_/repo/lpc5536-template/sdk/rtos/freertos/freertos-kernel/timers.c.obj
 .bss.xActiveTimerList2
                0x200001c8       0x14 CMakeFiles/freertos_hello.elf.dir/D_/repo/lpc5536-template/sdk/rtos/freertos/freertos-kernel/timers.c.obj
 .bss.pxCurrentTimerList
                0x200001dc        0x4 CMakeFiles/freertos_hello.elf.dir/D_/repo/lpc5536-template/sdk/rtos/freertos/freertos-kernel/timers.c.obj
 .bss.pxOverflowTimerList
                0x200001e0        0x4 CMakeFiles/freertos_hello.elf.dir/D_/repo/lpc5536-template/sdk/rtos/freertos/freertos-kernel/timers.c.obj
 .bss.xTimerQueue
                0x200001e4        0x4 CMakeFiles/freertos_hello.elf.dir/D_/repo/lpc5536-template/sdk/rtos/freertos/freertos-kernel/timers.c.obj
 .bss.xTimerTaskHandle
                0x200001e8        0x4 CMakeFiles/freertos_hello.elf.dir/D_/repo/lpc5536-template/sdk/rtos/freertos/freertos-kernel/timers.c.obj
 .bss.xLastTime.0
                0x200001ec        0x4 CMakeFiles/freertos_hello.elf.dir/D_/repo/lpc5536-template/sdk/rtos/freertos/freertos-kernel/timers.c.obj
 .bss.ucHeap    0x200001f0     0x2800 CMakeFiles/freertos_hello.elf.dir/D_/repo/lpc5536-template/sdk/rtos/freertos/freertos-kernel/portable/MemMang/heap_4.c.obj
 .bss.xStart    0x200029f0        0x8 CMakeFiles/freertos_hello.elf.dir/D_/repo/lpc5536-template/sdk/rtos/freertos/freertos-kernel/portable/MemMang/heap_4.c.obj
 .bss.pxEnd     0x200029f8        0x4 CMakeFiles/freertos_hello.elf.dir/D_/repo/lpc5536-template/sdk/rtos/freertos/freertos-kernel/portable/MemMang/heap_4.c.obj
 .bss.xFreeBytesRemaining
                0x200029fc        0x4 CMakeFiles/freertos_hello.elf.dir/D_/repo/lpc5536-template/sdk/rtos/freertos/freertos-kernel/portable/MemMang/heap_4.c.obj
 .bss.xMinimumEverFreeBytesRemaining
                0x20002a00        0x4 CMakeFiles/freertos_hello.elf.dir/D_/repo/lpc5536-template/sdk/rtos/freertos/freertos-kernel/portable/MemMang/heap_4.c.obj
 .bss.xNumberOfSuccessfulAllocations
                0x20002a04        0x4 CMakeFiles/freertos_hello.elf.dir/D_/repo/lpc5536-template/sdk/rtos/freertos/freertos-kernel/portable/MemMang/heap_4.c.obj
 .bss.xNumberOfSuccessfulFrees
                0x20002a08        0x4 CMakeFiles/freertos_hello.elf.dir/D_/repo/lpc5536-template/sdk/rtos/freertos/freertos-kernel/portable/MemMang/heap_4.c.obj
 .bss.s_debugConsoleState
                0x20002a0c       0x20 CMakeFiles/freertos_hello.elf.dir/D_/repo/lpc5536-template/sdk/devices/LPC5536/utilities/debug_console/fsl_debug_console.c.obj
 .bss.g_serialHandle
                0x20002a2c        0x4 CMakeFiles/freertos_hello.elf.dir/D_/repo/lpc5536-template/sdk/devices/LPC5536/utilities/debug_console/fsl_debug_console.c.obj
                0x20002a2c                g_serialHandle
 .bss.__stdio_exit_handler
                0x20002a30        0x4 c:/users/isaac/.mcuxpressotools/arm-gnu-toolchain-12.2.rel1-mingw-w64-i686-arm-none-eabi/bin/../lib/gcc/arm-none-eabi/12.2.1/thumb/v8-m.main+fp/hard\libc_nano.a(libc_a-findfp.o)
                0x20002a30                __stdio_exit_handler
 *(COMMON)
                0x20002a34                . = ALIGN (0x4)
                0x20002a34                __bss_end__ = .
                0x20002a34                __END_BSS = .

.heap           0x20002a34      0x404 load address 0x000077e0
                0x20002a38                . = ALIGN (0x8)
 *fill*         0x20002a34        0x4 
                0x20002a38                __end__ = .
                0x20002a38                PROVIDE (end = .)
                0x20002a38                __HeapBase = .
                0x20002e38                . = (. + HEAP_SIZE)
 *fill*         0x20002a38      0x400 
                0x20002e38                __HeapLimit = .
                0x20002e38                __heap_limit = .

.stack          0x20002e38      0x800 load address 0x00007be4
                0x20002e38                . = ALIGN (0x8)
                0x20003638                . = (. + STACK_SIZE)
 *fill*         0x20002e38      0x800 
                0x2001c000                __StackTop = (ORIGIN (m_data) + LENGTH (m_data))
                0x2001b800                __StackLimit = (__StackTop - STACK_SIZE)
                0x2001c000                PROVIDE (__stack = __StackTop)

.ARM.attributes
                0x00000000       0x36
 *(.ARM.attributes)
 .ARM.attributes
                0x00000000       0x26 c:/users/isaac/.mcuxpressotools/arm-gnu-toolchain-12.2.rel1-mingw-w64-i686-arm-none-eabi/bin/../lib/gcc/arm-none-eabi/12.2.1/thumb/v8-m.main+fp/hard/crti.o
 .ARM.attributes
                0x00000026       0x38 c:/users/isaac/.mcuxpressotools/arm-gnu-toolchain-12.2.rel1-mingw-w64-i686-arm-none-eabi/bin/../lib/gcc/arm-none-eabi/12.2.1/thumb/v8-m.main+fp/hard/crtbegin.o
 .ARM.attributes
                0x0000005e       0x24 c:/users/isaac/.mcuxpressotools/arm-gnu-toolchain-12.2.rel1-mingw-w64-i686-arm-none-eabi/bin/../lib/gcc/arm-none-eabi/12.2.1/thumb/v8-m.main+fp/hard/crt0.o
 .ARM.attributes
                0x00000082       0x3a CMakeFiles/freertos_hello.elf.dir/D_/repo/lpc5536-template/src/freertos_hello.c.obj
 .ARM.attributes
                0x000000bc       0x3a CMakeFiles/freertos_hello.elf.dir/D_/repo/lpc5536-template/board/clock_config.c.obj
 .ARM.attributes
                0x000000f6       0x3a CMakeFiles/freertos_hello.elf.dir/D_/repo/lpc5536-template/board/pin_mux.c.obj
 .ARM.attributes
                0x00000130       0x3a CMakeFiles/freertos_hello.elf.dir/D_/repo/lpc5536-template/sdk/components/serial_manager/fsl_component_serial_manager.c.obj
 .ARM.attributes
                0x0000016a       0x3a CMakeFiles/freertos_hello.elf.dir/D_/repo/lpc5536-template/sdk/components/serial_manager/fsl_component_serial_port_uart.c.obj
 .ARM.attributes
                0x000001a4       0x3a CMakeFiles/freertos_hello.elf.dir/D_/repo/lpc5536-template/sdk/components/uart/fsl_adapter_usart.c.obj
 .ARM.attributes
                0x000001de       0x24 CMakeFiles/freertos_hello.elf.dir/D_/repo/lpc5536-template/sdk/devices/LPC5536/gcc/startup_LPC5536.S.obj
 .ARM.attributes
                0x00000202       0x3a CMakeFiles/freertos_hello.elf.dir/D_/repo/lpc5536-template/sdk/devices/LPC5536/system_LPC5536.c.obj
 .ARM.attributes
                0x0000023c       0x3a CMakeFiles/freertos_hello.elf.dir/D_/repo/lpc5536-template/sdk/devices/LPC5536/drivers/fsl_clock.c.obj
 .ARM.attributes
                0x00000276       0x3a CMakeFiles/freertos_hello.elf.dir/D_/repo/lpc5536-template/sdk/devices/LPC5536/drivers/fsl_flexcomm.c.obj
 .ARM.attributes
                0x000002b0       0x3a CMakeFiles/freertos_hello.elf.dir/D_/repo/lpc5536-template/sdk/devices/LPC5536/drivers/fsl_usart.c.obj
 .ARM.attributes
                0x000002ea       0x3a CMakeFiles/freertos_hello.elf.dir/D_/repo/lpc5536-template/sdk/devices/LPC5536/drivers/fsl_gpio.c.obj
 .ARM.attributes
                0x00000324       0x3a CMakeFiles/freertos_hello.elf.dir/D_/repo/lpc5536-template/sdk/devices/LPC5536/drivers/fsl_power.c.obj
 .ARM.attributes
                0x0000035e       0x3a CMakeFiles/freertos_hello.elf.dir/D_/repo/lpc5536-template/sdk/rtos/freertos/freertos-kernel/list.c.obj
 .ARM.attributes
                0x00000398       0x3a CMakeFiles/freertos_hello.elf.dir/D_/repo/lpc5536-template/sdk/rtos/freertos/freertos-kernel/queue.c.obj
 .ARM.attributes
                0x000003d2       0x3a CMakeFiles/freertos_hello.elf.dir/D_/repo/lpc5536-template/sdk/rtos/freertos/freertos-kernel/tasks.c.obj
 .ARM.attributes
                0x0000040c       0x3a CMakeFiles/freertos_hello.elf.dir/D_/repo/lpc5536-template/sdk/rtos/freertos/freertos-kernel/timers.c.obj
 .ARM.attributes
                0x00000446       0x3a CMakeFiles/freertos_hello.elf.dir/D_/repo/lpc5536-template/sdk/rtos/freertos/freertos-kernel/portable/GCC/ARM_CM33_NTZ/non_secure/port.c.obj
 .ARM.attributes
                0x00000480       0x3a CMakeFiles/freertos_hello.elf.dir/D_/repo/lpc5536-template/sdk/rtos/freertos/freertos-kernel/portable/GCC/ARM_CM33_NTZ/non_secure/portasm.c.obj
 .ARM.attributes
                0x000004ba       0x3a CMakeFiles/freertos_hello.elf.dir/D_/repo/lpc5536-template/sdk/rtos/freertos/freertos-kernel/portable/MemMang/heap_4.c.obj
 .ARM.attributes
                0x000004f4       0x26 CMakeFiles/freertos_hello.elf.dir/D_/repo/lpc5536-template/sdk/devices/LPC5536/utilities/fsl_memcpy.S.obj
 .ARM.attributes
                0x0000051a       0x3a CMakeFiles/freertos_hello.elf.dir/D_/repo/lpc5536-template/sdk/devices/LPC5536/utilities/fsl_assert.c.obj
 .ARM.attributes
                0x00000554       0x3a CMakeFiles/freertos_hello.elf.dir/D_/repo/lpc5536-template/sdk/devices/LPC5536/utilities/str/fsl_str.c.obj
 .ARM.attributes
                0x0000058e       0x3a CMakeFiles/freertos_hello.elf.dir/D_/repo/lpc5536-template/sdk/devices/LPC5536/utilities/debug_console/fsl_debug_console.c.obj
 .ARM.attributes
                0x000005c8       0x38 c:/users/isaac/.mcuxpressotools/arm-gnu-toolchain-12.2.rel1-mingw-w64-i686-arm-none-eabi/bin/../lib/gcc/arm-none-eabi/12.2.1/thumb/v8-m.main+fp/hard\libc_nano.a(libc_a-exit.o)
 .ARM.attributes
                0x00000600       0x38 c:/users/isaac/.mcuxpressotools/arm-gnu-toolchain-12.2.rel1-mingw-w64-i686-arm-none-eabi/bin/../lib/gcc/arm-none-eabi/12.2.1/thumb/v8-m.main+fp/hard\libc_nano.a(libc_a-findfp.o)
 .ARM.attributes
                0x00000638       0x38 c:/users/isaac/.mcuxpressotools/arm-gnu-toolchain-12.2.rel1-mingw-w64-i686-arm-none-eabi/bin/../lib/gcc/arm-none-eabi/12.2.1/thumb/v8-m.main+fp/hard\libc_nano.a(libc_a-memset.o)
 .ARM.attributes
                0x00000670       0x38 c:/users/isaac/.mcuxpressotools/arm-gnu-toolchain-12.2.rel1-mingw-w64-i686-arm-none-eabi/bin/../lib/gcc/arm-none-eabi/12.2.1/thumb/v8-m.main+fp/hard\libc_nano.a(libc_a-init.o)
 .ARM.attributes
                0x000006a8       0x17 c:/users/isaac/.mcuxpressotools/arm-gnu-toolchain-12.2.rel1-mingw-w64-i686-arm-none-eabi/bin/../lib/gcc/arm-none-eabi/12.2.1/thumb/v8-m.main+fp/hard\libc_nano.a(libc_a-strlen.o)
 .ARM.attributes
                0x000006bf       0x38 c:/users/isaac/.mcuxpressotools/arm-gnu-toolchain-12.2.rel1-mingw-w64-i686-arm-none-eabi/bin/../lib/gcc/arm-none-eabi/12.2.1/../../../../arm-none-eabi/lib/thumb/v8-m.main+fp/hard\libcr_newlib_nohost.a(_exit.o)
 .ARM.attributes
                0x000006f7       0x38 c:/users/isaac/.mcuxpressotools/arm-gnu-toolchain-12.2.rel1-mingw-w64-i686-arm-none-eabi/bin/../lib/gcc/arm-none-eabi/12.2.1/thumb/v8-m.main+fp/hard/crtend.o
 .ARM.attributes
                0x0000072f       0x26 c:/users/isaac/.mcuxpressotools/arm-gnu-toolchain-12.2.rel1-mingw-w64-i686-arm-none-eabi/bin/../lib/gcc/arm-none-eabi/12.2.1/thumb/v8-m.main+fp/hard/crtn.o
                0x00000001                ASSERT ((__StackLimit >= __HeapLimit), region m_data overflowed with stack and heap)
OUTPUT(freertos_hello.elf elf32-littlearm)
LOAD linker stubs

.debug_line_str
                0x00000000      0x283
 .debug_line_str
                0x00000000       0xe7 c:/users/isaac/.mcuxpressotools/arm-gnu-toolchain-12.2.rel1-mingw-w64-i686-arm-none-eabi/bin/../lib/gcc/arm-none-eabi/12.2.1/thumb/v8-m.main+fp/hard/crt0.o
 .debug_line_str
                0x000000e7       0x69 CMakeFiles/freertos_hello.elf.dir/D_/repo/lpc5536-template/sdk/devices/LPC5536/gcc/startup_LPC5536.S.obj
 .debug_line_str
                0x00000150       0x44 CMakeFiles/freertos_hello.elf.dir/D_/repo/lpc5536-template/sdk/devices/LPC5536/utilities/fsl_memcpy.S.obj
                                 0x6a (size before relaxing)
 .debug_line_str
                0x00000194       0xef c:/users/isaac/.mcuxpressotools/arm-gnu-toolchain-12.2.rel1-mingw-w64-i686-arm-none-eabi/bin/../lib/gcc/arm-none-eabi/12.2.1/thumb/v8-m.main+fp/hard\libc_nano.a(libc_a-strlen.o)

.debug_info     0x00000000    0x19127
 .debug_info    0x00000000      0xce0 CMakeFiles/freertos_hello.elf.dir/D_/repo/lpc5536-template/src/freertos_hello.c.obj
 .debug_info    0x00000ce0      0xde2 CMakeFiles/freertos_hello.elf.dir/D_/repo/lpc5536-template/board/clock_config.c.obj
 .debug_info    0x00001ac2     0x146e CMakeFiles/freertos_hello.elf.dir/D_/repo/lpc5536-template/board/pin_mux.c.obj
 .debug_info    0x00002f30      0xda9 CMakeFiles/freertos_hello.elf.dir/D_/repo/lpc5536-template/sdk/components/serial_manager/fsl_component_serial_manager.c.obj
 .debug_info    0x00003cd9      0x51b CMakeFiles/freertos_hello.elf.dir/D_/repo/lpc5536-template/sdk/components/serial_manager/fsl_component_serial_port_uart.c.obj
 .debug_info    0x000041f4      0xe46 CMakeFiles/freertos_hello.elf.dir/D_/repo/lpc5536-template/sdk/components/uart/fsl_adapter_usart.c.obj
 .debug_info    0x0000503a      0x9ff CMakeFiles/freertos_hello.elf.dir/D_/repo/lpc5536-template/sdk/devices/LPC5536/gcc/startup_LPC5536.S.obj
 .debug_info    0x00005a39     0x11bc CMakeFiles/freertos_hello.elf.dir/D_/repo/lpc5536-template/sdk/devices/LPC5536/system_LPC5536.c.obj
 .debug_info    0x00006bf5     0x3b1c CMakeFiles/freertos_hello.elf.dir/D_/repo/lpc5536-template/sdk/devices/LPC5536/drivers/fsl_clock.c.obj
 .debug_info    0x0000a711     0x1ff4 CMakeFiles/freertos_hello.elf.dir/D_/repo/lpc5536-template/sdk/devices/LPC5536/drivers/fsl_flexcomm.c.obj
 .debug_info    0x0000c705     0x1d5a CMakeFiles/freertos_hello.elf.dir/D_/repo/lpc5536-template/sdk/devices/LPC5536/drivers/fsl_usart.c.obj
 .debug_info    0x0000e45f     0x1b2b CMakeFiles/freertos_hello.elf.dir/D_/repo/lpc5536-template/sdk/devices/LPC5536/drivers/fsl_gpio.c.obj
 .debug_info    0x0000ff8a     0x2d4c CMakeFiles/freertos_hello.elf.dir/D_/repo/lpc5536-template/sdk/devices/LPC5536/drivers/fsl_power.c.obj
 .debug_info    0x00012cd6      0x298 CMakeFiles/freertos_hello.elf.dir/D_/repo/lpc5536-template/sdk/rtos/freertos/freertos-kernel/list.c.obj
 .debug_info    0x00012f6e     0x1279 CMakeFiles/freertos_hello.elf.dir/D_/repo/lpc5536-template/sdk/rtos/freertos/freertos-kernel/queue.c.obj
 .debug_info    0x000141e7     0x1e20 CMakeFiles/freertos_hello.elf.dir/D_/repo/lpc5536-template/sdk/rtos/freertos/freertos-kernel/tasks.c.obj
 .debug_info    0x00016007      0xe1f CMakeFiles/freertos_hello.elf.dir/D_/repo/lpc5536-template/sdk/rtos/freertos/freertos-kernel/timers.c.obj
 .debug_info    0x00016e26      0x2db CMakeFiles/freertos_hello.elf.dir/D_/repo/lpc5536-template/sdk/rtos/freertos/freertos-kernel/portable/GCC/ARM_CM33_NTZ/non_secure/port.c.obj
 .debug_info    0x00017101      0x137 CMakeFiles/freertos_hello.elf.dir/D_/repo/lpc5536-template/sdk/rtos/freertos/freertos-kernel/portable/GCC/ARM_CM33_NTZ/non_secure/portasm.c.obj
 .debug_info    0x00017238      0x483 CMakeFiles/freertos_hello.elf.dir/D_/repo/lpc5536-template/sdk/rtos/freertos/freertos-kernel/portable/MemMang/heap_4.c.obj
 .debug_info    0x000176bb       0x25 CMakeFiles/freertos_hello.elf.dir/D_/repo/lpc5536-template/sdk/devices/LPC5536/utilities/fsl_memcpy.S.obj
 .debug_info    0x000176e0       0xe4 CMakeFiles/freertos_hello.elf.dir/D_/repo/lpc5536-template/sdk/devices/LPC5536/utilities/fsl_assert.c.obj
 .debug_info    0x000177c4      0xaf5 CMakeFiles/freertos_hello.elf.dir/D_/repo/lpc5536-template/sdk/devices/LPC5536/utilities/str/fsl_str.c.obj
 .debug_info    0x000182b9      0xe0c CMakeFiles/freertos_hello.elf.dir/D_/repo/lpc5536-template/sdk/devices/LPC5536/utilities/debug_console/fsl_debug_console.c.obj
 .debug_info    0x000190c5       0x62 c:/users/isaac/.mcuxpressotools/arm-gnu-toolchain-12.2.rel1-mingw-w64-i686-arm-none-eabi/bin/../lib/gcc/arm-none-eabi/12.2.1/../../../../arm-none-eabi/lib/thumb/v8-m.main+fp/hard\libcr_newlib_nohost.a(_exit.o)

.debug_abbrev   0x00000000     0x318c
 .debug_abbrev  0x00000000      0x1fb CMakeFiles/freertos_hello.elf.dir/D_/repo/lpc5536-template/src/freertos_hello.c.obj
 .debug_abbrev  0x000001fb      0x189 CMakeFiles/freertos_hello.elf.dir/D_/repo/lpc5536-template/board/clock_config.c.obj
 .debug_abbrev  0x00000384      0x1ef CMakeFiles/freertos_hello.elf.dir/D_/repo/lpc5536-template/board/pin_mux.c.obj
 .debug_abbrev  0x00000573      0x2c2 CMakeFiles/freertos_hello.elf.dir/D_/repo/lpc5536-template/sdk/components/serial_manager/fsl_component_serial_manager.c.obj
 .debug_abbrev  0x00000835      0x194 CMakeFiles/freertos_hello.elf.dir/D_/repo/lpc5536-template/sdk/components/serial_manager/fsl_component_serial_port_uart.c.obj
 .debug_abbrev  0x000009c9      0x25e CMakeFiles/freertos_hello.elf.dir/D_/repo/lpc5536-template/sdk/components/uart/fsl_adapter_usart.c.obj
 .debug_abbrev  0x00000c27       0x1f CMakeFiles/freertos_hello.elf.dir/D_/repo/lpc5536-template/sdk/devices/LPC5536/gcc/startup_LPC5536.S.obj
 .debug_abbrev  0x00000c46      0x136 CMakeFiles/freertos_hello.elf.dir/D_/repo/lpc5536-template/sdk/devices/LPC5536/system_LPC5536.c.obj
 .debug_abbrev  0x00000d7c      0x3a6 CMakeFiles/freertos_hello.elf.dir/D_/repo/lpc5536-template/sdk/devices/LPC5536/drivers/fsl_clock.c.obj
 .debug_abbrev  0x00001122      0x2f5 CMakeFiles/freertos_hello.elf.dir/D_/repo/lpc5536-template/sdk/devices/LPC5536/drivers/fsl_flexcomm.c.obj
 .debug_abbrev  0x00001417      0x380 CMakeFiles/freertos_hello.elf.dir/D_/repo/lpc5536-template/sdk/devices/LPC5536/drivers/fsl_usart.c.obj
 .debug_abbrev  0x00001797      0x246 CMakeFiles/freertos_hello.elf.dir/D_/repo/lpc5536-template/sdk/devices/LPC5536/drivers/fsl_gpio.c.obj
 .debug_abbrev  0x000019dd      0x384 CMakeFiles/freertos_hello.elf.dir/D_/repo/lpc5536-template/sdk/devices/LPC5536/drivers/fsl_power.c.obj
 .debug_abbrev  0x00001d61       0xf3 CMakeFiles/freertos_hello.elf.dir/D_/repo/lpc5536-template/sdk/rtos/freertos/freertos-kernel/list.c.obj
 .debug_abbrev  0x00001e54      0x2c7 CMakeFiles/freertos_hello.elf.dir/D_/repo/lpc5536-template/sdk/rtos/freertos/freertos-kernel/queue.c.obj
 .debug_abbrev  0x0000211b      0x354 CMakeFiles/freertos_hello.elf.dir/D_/repo/lpc5536-template/sdk/rtos/freertos/freertos-kernel/tasks.c.obj
 .debug_abbrev  0x0000246f      0x2c5 CMakeFiles/freertos_hello.elf.dir/D_/repo/lpc5536-template/sdk/rtos/freertos/freertos-kernel/timers.c.obj
 .debug_abbrev  0x00002734      0x1ba CMakeFiles/freertos_hello.elf.dir/D_/repo/lpc5536-template/sdk/rtos/freertos/freertos-kernel/portable/GCC/ARM_CM33_NTZ/non_secure/port.c.obj
 .debug_abbrev  0x000028ee       0xb5 CMakeFiles/freertos_hello.elf.dir/D_/repo/lpc5536-template/sdk/rtos/freertos/freertos-kernel/portable/GCC/ARM_CM33_NTZ/non_secure/portasm.c.obj
 .debug_abbrev  0x000029a3      0x206 CMakeFiles/freertos_hello.elf.dir/D_/repo/lpc5536-template/sdk/rtos/freertos/freertos-kernel/portable/MemMang/heap_4.c.obj
 .debug_abbrev  0x00002ba9       0x14 CMakeFiles/freertos_hello.elf.dir/D_/repo/lpc5536-template/sdk/devices/LPC5536/utilities/fsl_memcpy.S.obj
 .debug_abbrev  0x00002bbd       0x8c CMakeFiles/freertos_hello.elf.dir/D_/repo/lpc5536-template/sdk/devices/LPC5536/utilities/fsl_assert.c.obj
 .debug_abbrev  0x00002c49      0x26f CMakeFiles/freertos_hello.elf.dir/D_/repo/lpc5536-template/sdk/devices/LPC5536/utilities/str/fsl_str.c.obj
 .debug_abbrev  0x00002eb8      0x277 CMakeFiles/freertos_hello.elf.dir/D_/repo/lpc5536-template/sdk/devices/LPC5536/utilities/debug_console/fsl_debug_console.c.obj
 .debug_abbrev  0x0000312f       0x5d c:/users/isaac/.mcuxpressotools/arm-gnu-toolchain-12.2.rel1-mingw-w64-i686-arm-none-eabi/bin/../lib/gcc/arm-none-eabi/12.2.1/../../../../arm-none-eabi/lib/thumb/v8-m.main+fp/hard\libcr_newlib_nohost.a(_exit.o)

.debug_aranges  0x00000000      0xee0
 .debug_aranges
                0x00000000       0x30 CMakeFiles/freertos_hello.elf.dir/D_/repo/lpc5536-template/src/freertos_hello.c.obj
 .debug_aranges
                0x00000030       0x30 CMakeFiles/freertos_hello.elf.dir/D_/repo/lpc5536-template/board/clock_config.c.obj
 .debug_aranges
                0x00000060       0x30 CMakeFiles/freertos_hello.elf.dir/D_/repo/lpc5536-template/board/pin_mux.c.obj
 .debug_aranges
                0x00000090       0xa0 CMakeFiles/freertos_hello.elf.dir/D_/repo/lpc5536-template/sdk/components/serial_manager/fsl_component_serial_manager.c.obj
 .debug_aranges
                0x00000130       0x48 CMakeFiles/freertos_hello.elf.dir/D_/repo/lpc5536-template/sdk/components/serial_manager/fsl_component_serial_port_uart.c.obj
 .debug_aranges
                0x00000178       0x58 CMakeFiles/freertos_hello.elf.dir/D_/repo/lpc5536-template/sdk/components/uart/fsl_adapter_usart.c.obj
 .debug_aranges
                0x000001d0       0x20 CMakeFiles/freertos_hello.elf.dir/D_/repo/lpc5536-template/sdk/devices/LPC5536/gcc/startup_LPC5536.S.obj
 .debug_aranges
                0x000001f0       0x30 CMakeFiles/freertos_hello.elf.dir/D_/repo/lpc5536-template/sdk/devices/LPC5536/system_LPC5536.c.obj
 .debug_aranges
                0x00000220      0x270 CMakeFiles/freertos_hello.elf.dir/D_/repo/lpc5536-template/sdk/devices/LPC5536/drivers/fsl_clock.c.obj
 .debug_aranges
                0x00000490       0x90 CMakeFiles/freertos_hello.elf.dir/D_/repo/lpc5536-template/sdk/devices/LPC5536/drivers/fsl_flexcomm.c.obj
 .debug_aranges
                0x00000520      0x108 CMakeFiles/freertos_hello.elf.dir/D_/repo/lpc5536-template/sdk/devices/LPC5536/drivers/fsl_usart.c.obj
 .debug_aranges
                0x00000628       0x38 CMakeFiles/freertos_hello.elf.dir/D_/repo/lpc5536-template/sdk/devices/LPC5536/drivers/fsl_gpio.c.obj
 .debug_aranges
                0x00000660      0x118 CMakeFiles/freertos_hello.elf.dir/D_/repo/lpc5536-template/sdk/devices/LPC5536/drivers/fsl_power.c.obj
 .debug_aranges
                0x00000778       0x40 CMakeFiles/freertos_hello.elf.dir/D_/repo/lpc5536-template/sdk/rtos/freertos/freertos-kernel/list.c.obj
 .debug_aranges
                0x000007b8      0x130 CMakeFiles/freertos_hello.elf.dir/D_/repo/lpc5536-template/sdk/rtos/freertos/freertos-kernel/queue.c.obj
 .debug_aranges
                0x000008e8      0x208 CMakeFiles/freertos_hello.elf.dir/D_/repo/lpc5536-template/sdk/rtos/freertos/freertos-kernel/tasks.c.obj
 .debug_aranges
                0x00000af0       0xf8 CMakeFiles/freertos_hello.elf.dir/D_/repo/lpc5536-template/sdk/rtos/freertos/freertos-kernel/timers.c.obj
 .debug_aranges
                0x00000be8       0x78 CMakeFiles/freertos_hello.elf.dir/D_/repo/lpc5536-template/sdk/rtos/freertos/freertos-kernel/portable/GCC/ARM_CM33_NTZ/non_secure/port.c.obj
 .debug_aranges
                0x00000c60       0x60 CMakeFiles/freertos_hello.elf.dir/D_/repo/lpc5536-template/sdk/rtos/freertos/freertos-kernel/portable/GCC/ARM_CM33_NTZ/non_secure/portasm.c.obj
 .debug_aranges
                0x00000cc0       0x60 CMakeFiles/freertos_hello.elf.dir/D_/repo/lpc5536-template/sdk/rtos/freertos/freertos-kernel/portable/MemMang/heap_4.c.obj
 .debug_aranges
                0x00000d20       0x20 CMakeFiles/freertos_hello.elf.dir/D_/repo/lpc5536-template/sdk/devices/LPC5536/utilities/fsl_memcpy.S.obj
 .debug_aranges
                0x00000d40       0x20 CMakeFiles/freertos_hello.elf.dir/D_/repo/lpc5536-template/sdk/devices/LPC5536/utilities/fsl_assert.c.obj
 .debug_aranges