/project/sdk/devices/LPC5536/utilities/debug_console/fsl_debug_console.c:732:13:DbgConsole_PrintCallback	40	static
/project/sdk/devices/LPC5536/utilities/debug_console/fsl_debug_console.c:424:10:DbgConsole_ReadOneCharacter	8	static
/project/sdk/devices/LPC5536/utilities/debug_console/fsl_debug_console.c:495:5:DbgConsole_SendData	8	static
/project/sdk/devices/LPC5536/utilities/debug_console/fsl_debug_console.c:548:5:DbgConsole_SendDataReliable	8	static
/project/sdk/devices/LPC5536/utilities/debug_console/fsl_debug_console.c:629:5:DbgConsole_ReadLine	24	static
/project/sdk/devices/LPC5536/utilities/debug_console/fsl_debug_console.c:695:5:DbgConsole_ReadCharacter	8	static
/project/sdk/devices/LPC5536/utilities/debug_console/fsl_debug_console.c:772:10:DbgConsole_Init	48	static
/project/sdk/devices/LPC5536/utilities/debug_console/fsl_debug_console.c:943:10:DbgConsole_EnterLowpower	8	static
/project/sdk/devices/LPC5536/utilities/debug_console/fsl_debug_console.c:954:10:DbgConsole_ExitLowpower	8	static
/project/sdk/devices/LPC5536/utilities/debug_console/fsl_debug_console.c:965:10:DbgConsole_Deinit	8	static
/project/sdk/devices/LPC5536/utilities/debug_console/fsl_debug_console.c:1008:40:DbgConsole_Flush	0	static
/project/sdk/devices/LPC5536/utilities/debug_console/fsl_debug_console.c:1047:5:DbgConsole_Printf	152	static
/project/sdk/devices/LPC5536/utilities/debug_console/fsl_debug_console.c:1060:5:DbgConsole_Vprintf	152	static
/project/sdk/devices/LPC5536/utilities/debug_console/fsl_debug_console.c:1076:5:DbgConsole_Putchar	16	static
/project/sdk/devices/LPC5536/utilities/debug_console/fsl_debug_console.c:1083:5:DbgConsole_Scanf	56	static
/project/sdk/devices/LPC5536/utilities/debug_console/fsl_debug_console.c:1102:5:DbgConsole_BlockingPrintf	152	static
/project/sdk/devices/LPC5536/utilities/debug_console/fsl_debug_console.c:1115:5:DbgConsole_BlockingVprintf	152	static
/project/sdk/devices/LPC5536/utilities/debug_console/fsl_debug_console.c:1184:5:DbgConsole_Getchar	16	static
